Archive member included to satisfy reference by file (symbol)

C:/ST/STM32CubeIDE_1.15.0/STM32CubeIDE/plugins/com.st.stm32cube.ide.mcu.externaltools.gnu-tools-for-stm32.12.3.rel1.win32_1.0.100.202403111256/tools/bin/../lib/gcc/arm-none-eabi/12.3.1/../../../../arm-none-eabi/lib/thumb/v7-m/nofp\libc_nano.a(libc_a-exit.o)
                              C:/ST/STM32CubeIDE_1.15.0/STM32CubeIDE/plugins/com.st.stm32cube.ide.mcu.externaltools.gnu-tools-for-stm32.12.3.rel1.win32_1.0.100.202403111256/tools/bin/../lib/gcc/arm-none-eabi/12.3.1/../../../../arm-none-eabi/lib/thumb/v7-m/nofp/crt0.o (exit)
C:/ST/STM32CubeIDE_1.15.0/STM32CubeIDE/plugins/com.st.stm32cube.ide.mcu.externaltools.gnu-tools-for-stm32.12.3.rel1.win32_1.0.100.202403111256/tools/bin/../lib/gcc/arm-none-eabi/12.3.1/../../../../arm-none-eabi/lib/thumb/v7-m/nofp\libc_nano.a(libc_a-malloc.o)
                              ./Core/Src/solver.o (malloc)
C:/ST/STM32CubeIDE_1.15.0/STM32CubeIDE/plugins/com.st.stm32cube.ide.mcu.externaltools.gnu-tools-for-stm32.12.3.rel1.win32_1.0.100.202403111256/tools/bin/../lib/gcc/arm-none-eabi/12.3.1/../../../../arm-none-eabi/lib/thumb/v7-m/nofp\libc_nano.a(libc_a-mallocr.o)
                              C:/ST/STM32CubeIDE_1.15.0/STM32CubeIDE/plugins/com.st.stm32cube.ide.mcu.externaltools.gnu-tools-for-stm32.12.3.rel1.win32_1.0.100.202403111256/tools/bin/../lib/gcc/arm-none-eabi/12.3.1/../../../../arm-none-eabi/lib/thumb/v7-m/nofp\libc_nano.a(libc_a-malloc.o) (_malloc_r)
C:/ST/STM32CubeIDE_1.15.0/STM32CubeIDE/plugins/com.st.stm32cube.ide.mcu.externaltools.gnu-tools-for-stm32.12.3.rel1.win32_1.0.100.202403111256/tools/bin/../lib/gcc/arm-none-eabi/12.3.1/../../../../arm-none-eabi/lib/thumb/v7-m/nofp\libc_nano.a(libc_a-mlock.o)
                              C:/ST/STM32CubeIDE_1.15.0/STM32CubeIDE/plugins/com.st.stm32cube.ide.mcu.externaltools.gnu-tools-for-stm32.12.3.rel1.win32_1.0.100.202403111256/tools/bin/../lib/gcc/arm-none-eabi/12.3.1/../../../../arm-none-eabi/lib/thumb/v7-m/nofp\libc_nano.a(libc_a-mallocr.o) (__malloc_lock)
C:/ST/STM32CubeIDE_1.15.0/STM32CubeIDE/plugins/com.st.stm32cube.ide.mcu.externaltools.gnu-tools-for-stm32.12.3.rel1.win32_1.0.100.202403111256/tools/bin/../lib/gcc/arm-none-eabi/12.3.1/../../../../arm-none-eabi/lib/thumb/v7-m/nofp\libc_nano.a(libc_a-findfp.o)
                              C:/ST/STM32CubeIDE_1.15.0/STM32CubeIDE/plugins/com.st.stm32cube.ide.mcu.externaltools.gnu-tools-for-stm32.12.3.rel1.win32_1.0.100.202403111256/tools/bin/../lib/gcc/arm-none-eabi/12.3.1/../../../../arm-none-eabi/lib/thumb/v7-m/nofp\libc_nano.a(libc_a-exit.o) (__stdio_exit_handler)
C:/ST/STM32CubeIDE_1.15.0/STM32CubeIDE/plugins/com.st.stm32cube.ide.mcu.externaltools.gnu-tools-for-stm32.12.3.rel1.win32_1.0.100.202403111256/tools/bin/../lib/gcc/arm-none-eabi/12.3.1/../../../../arm-none-eabi/lib/thumb/v7-m/nofp\libc_nano.a(libc_a-fwalk.o)
                              C:/ST/STM32CubeIDE_1.15.0/STM32CubeIDE/plugins/com.st.stm32cube.ide.mcu.externaltools.gnu-tools-for-stm32.12.3.rel1.win32_1.0.100.202403111256/tools/bin/../lib/gcc/arm-none-eabi/12.3.1/../../../../arm-none-eabi/lib/thumb/v7-m/nofp\libc_nano.a(libc_a-findfp.o) (_fwalk_sglue)
C:/ST/STM32CubeIDE_1.15.0/STM32CubeIDE/plugins/com.st.stm32cube.ide.mcu.externaltools.gnu-tools-for-stm32.12.3.rel1.win32_1.0.100.202403111256/tools/bin/../lib/gcc/arm-none-eabi/12.3.1/../../../../arm-none-eabi/lib/thumb/v7-m/nofp\libc_nano.a(libc_a-stdio.o)
                              C:/ST/STM32CubeIDE_1.15.0/STM32CubeIDE/plugins/com.st.stm32cube.ide.mcu.externaltools.gnu-tools-for-stm32.12.3.rel1.win32_1.0.100.202403111256/tools/bin/../lib/gcc/arm-none-eabi/12.3.1/../../../../arm-none-eabi/lib/thumb/v7-m/nofp\libc_nano.a(libc_a-findfp.o) (__sread)
C:/ST/STM32CubeIDE_1.15.0/STM32CubeIDE/plugins/com.st.stm32cube.ide.mcu.externaltools.gnu-tools-for-stm32.12.3.rel1.win32_1.0.100.202403111256/tools/bin/../lib/gcc/arm-none-eabi/12.3.1/../../../../arm-none-eabi/lib/thumb/v7-m/nofp\libc_nano.a(libc_a-memset.o)
                              C:/ST/STM32CubeIDE_1.15.0/STM32CubeIDE/plugins/com.st.stm32cube.ide.mcu.externaltools.gnu-tools-for-stm32.12.3.rel1.win32_1.0.100.202403111256/tools/bin/../lib/gcc/arm-none-eabi/12.3.1/../../../../arm-none-eabi/lib/thumb/v7-m/nofp/crt0.o (memset)
C:/ST/STM32CubeIDE_1.15.0/STM32CubeIDE/plugins/com.st.stm32cube.ide.mcu.externaltools.gnu-tools-for-stm32.12.3.rel1.win32_1.0.100.202403111256/tools/bin/../lib/gcc/arm-none-eabi/12.3.1/../../../../arm-none-eabi/lib/thumb/v7-m/nofp\libc_nano.a(libc_a-closer.o)
                              C:/ST/STM32CubeIDE_1.15.0/STM32CubeIDE/plugins/com.st.stm32cube.ide.mcu.externaltools.gnu-tools-for-stm32.12.3.rel1.win32_1.0.100.202403111256/tools/bin/../lib/gcc/arm-none-eabi/12.3.1/../../../../arm-none-eabi/lib/thumb/v7-m/nofp\libc_nano.a(libc_a-stdio.o) (_close_r)
[...]
Memory Configuration

Name             Origin             Length             Attributes
RAM              0x20000000         0x00020000         xrw
FLASH            0x08000000         0x00080000         xr
*default*        0x00000000         0xffffffff

Linker script and memory map

LOAD C:/ST/STM32CubeIDE_1.15.0/STM32CubeIDE/plugins/com.st.stm32cube.ide.mcu.externaltools.gnu-tools-for-stm32.12.3.rel1.win32_1.0.100.202403111256/tools/bin/../lib/gcc/arm-none-eabi/12.3.1/thumb/v7-m/nofp/crti.o
LOAD C:/ST/STM32CubeIDE_1.15.0/STM32CubeIDE/plugins/com.st.stm32cube.ide.mcu.externaltools.gnu-tools-for-stm32.12.3.rel1.win32_1.0.100.202403111256/tools/bin/../lib/gcc/arm-none-eabi/12.3.1/thumb/v7-m/nofp/crtbegin.o
LOAD C:/ST/STM32CubeIDE_1.15.0/STM32CubeIDE/plugins/com.st.stm32cube.ide.mcu.externaltools.gnu-tools-for-stm32.12.3.rel1.win32_1.0.100.202403111256/tools/bin/../lib/gcc/arm-none-eabi/12.3.1/../../../../arm-none-eabi/lib/thumb/v7-m/nofp/crt0.o
LOAD ./Core/Src/controller.o
LOAD ./Core/Src/delay.o
LOAD ./Core/Src/encoders.o
LOAD ./Core/Src/gyro.o
LOAD ./Core/Src/main.o
LOAD ./Core/Src/motors.o
LOAD ./Core/Src/pid3.o
LOAD ./Core/Src/solver.o
LOAD ./Core/Src/stm32f2xx_hal_msp.o
LOAD ./Core/Src/stm32f2xx_it.o
LOAD ./Core/Src/syscalls.o
LOAD ./Core/Src/sysmem.o
LOAD ./Core/Src/system_stm32f2xx.o
LOAD ./Core/Src/utility.o
LOAD ./Core/Startup/startup_stm32f205retx.o
LOAD ./Drivers/STM32F2xx_HAL_Driver/Src/stm32f2xx_hal.o
LOAD ./Drivers/STM32F2xx_HAL_Driver/Src/stm32f2xx_hal_adc.o
LOAD ./Drivers/STM32F2xx_HAL_Driver/Src/stm32f2xx_hal_adc_ex.o
LOAD ./Drivers/STM32F2xx_HAL_Driver/Src/stm32f2xx_hal_cortex.o
LOAD ./Drivers/STM32F2xx_HAL_Driver/Src/stm32f2xx_hal_dma.o
LOAD ./Drivers/STM32F2xx_HAL_Driver/Src/stm32f2xx_hal_dma_ex.o
LOAD ./Drivers/STM32F2xx_HAL_Driver/Src/stm32f2xx_hal_exti.o
LOAD ./Drivers/STM32F2xx_HAL_Driver/Src/stm32f2xx_hal_flash.o
LOAD ./Drivers/STM32F2xx_HAL_Driver/Src/stm32f2xx_hal_flash_ex.o
LOAD ./Drivers/STM32F2xx_HAL_Driver/Src/stm32f2xx_hal_gpio.o
LOAD ./Drivers/STM32F2xx_HAL_Driver/Src/stm32f2xx_hal_i2c.o
LOAD ./Drivers/STM32F2xx_HAL_Driver/Src/stm32f2xx_hal_pwr.o
LOAD ./Drivers/STM32F2xx_HAL_Driver/Src/stm32f2xx_hal_pwr_ex.o
LOAD ./Drivers/STM32F2xx_HAL_Driver/Src/stm32f2xx_hal_rcc.o
LOAD ./Drivers/STM32F2xx_HAL_Driver/Src/stm32f2xx_hal_rcc_ex.o
LOAD ./Drivers/STM32F2xx_HAL_Driver/Src/stm32f2xx_hal_tim.o
LOAD ./Drivers/STM32F2xx_HAL_Driver/Src/stm32f2xx_hal_tim_ex.o
START GROUP
LOAD C:/ST/STM32CubeIDE_1.15.0/STM32CubeIDE/plugins/com.st.stm32cube.ide.mcu.externaltools.gnu-tools-for-stm32.12.3.rel1.win32_1.0.100.202403111256/tools/bin/../lib/gcc/arm-none-eabi/12.3.1/../../../../arm-none-eabi/lib/thumb/v7-m/nofp\libc_nano.a
LOAD C:/ST/STM32CubeIDE_1.15.0/STM32CubeIDE/plugins/com.st.stm32cube.ide.mcu.externaltools.gnu-tools-for-stm32.12.3.rel1.win32_1.0.100.202403111256/tools/bin/../lib/gcc/arm-none-eabi/12.3.1/../../../../arm-none-eabi/lib/thumb/v7-m/nofp\libm.a
END GROUP
START GROUP
LOAD C:/ST/STM32CubeIDE_1.15.0/STM32CubeIDE/plugins/com.st.stm32cube.ide.mcu.externaltools.gnu-tools-for-stm32.12.3.rel1.win32_1.0.100.202403111256/tools/bin/../lib/gcc/arm-none-eabi/12.3.1/thumb/v7-m/nofp\libgcc.a
LOAD C:/ST/STM32CubeIDE_1.15.0/STM32CubeIDE/plugins/com.st.stm32cube.ide.mcu.externaltools.gnu-tools-for-stm32.12.3.rel1.win32_1.0.100.202403111256/tools/bin/../lib/gcc/arm-none-eabi/12.3.1/../../../../arm-none-eabi/lib/thumb/v7-m/nofp\libc_nano.a
END GROUP
START GROUP
LOAD C:/ST/STM32CubeIDE_1.15.0/STM32CubeIDE/plugins/com.st.stm32cube.ide.mcu.externaltools.gnu-tools-for-stm32.12.3.rel1.win32_1.0.100.202403111256/tools/bin/../lib/gcc/arm-none-eabi/12.3.1/thumb/v7-m/nofp\libgcc.a
LOAD C:/ST/STM32CubeIDE_1.15.0/STM32CubeIDE/plugins/com.st.stm32cube.ide.mcu.externaltools.gnu-tools-for-stm32.12.3.rel1.win32_1.0.100.202403111256/tools/bin/../lib/gcc/arm-none-eabi/12.3.1/../../../../arm-none-eabi/lib/thumb/v7-m/nofp\libc_nano.a
LOAD C:/ST/STM32CubeIDE_1.15.0/STM32CubeIDE/plugins/com.st.stm32cube.ide.mcu.externaltools.gnu-tools-for-stm32.12.3.rel1.win32_1.0.100.202403111256/tools/bin/../lib/gcc/arm-none-eabi/12.3.1/../../../../arm-none-eabi/lib/thumb/v7-m/nofp\libnosys.a
END GROUP
START GROUP
LOAD C:/ST/STM32CubeIDE_1.15.0/STM32CubeIDE/plugins/com.st.stm32cube.ide.mcu.externaltools.gnu-tools-for-stm32.12.3.rel1.win32_1.0.100.202403111256/tools/bin/../lib/gcc/arm-none-eabi/12.3.1/thumb/v7-m/nofp\libgcc.a
LOAD C:/ST/STM32CubeIDE_1.15.0/STM32CubeIDE/plugins/com.st.stm32cube.ide.mcu.externaltools.gnu-tools-for-stm32.12.3.rel1.win32_1.0.100.202403111256/tools/bin/../lib/gcc/arm-none-eabi/12.3.1/../../../../arm-none-eabi/lib/thumb/v7-m/nofp\libc_nano.a
LOAD C:/ST/STM32CubeIDE_1.15.0/STM32CubeIDE/plugins/com.st.stm32cube.ide.mcu.externaltools.gnu-tools-for-stm32.12.3.rel1.win32_1.0.100.202403111256/tools/bin/../lib/gcc/arm-none-eabi/12.3.1/../../../../arm-none-eabi/lib/thumb/v7-m/nofp\libnosys.a
END GROUP
LOAD C:/ST/STM32CubeIDE_1.15.0/STM32CubeIDE/plugins/com.st.stm32cube.ide.mcu.externaltools.gnu-tools-for-stm32.12.3.rel1.win32_1.0.100.202403111256/tools/bin/../lib/gcc/arm-none-eabi/12.3.1/thumb/v7-m/nofp/crtend.o
LOAD C:/ST/STM32CubeIDE_1.15.0/STM32CubeIDE/plugins/com.st.stm32cube.ide.mcu.externaltools.gnu-tools-for-stm32.12.3.rel1.win32_1.0.100.202403111256/tools/bin/../lib/gcc/arm-none-eabi/12.3.1/thumb/v7-m/nofp/crtn.o
                0x20020000                        _estack = (ORIGIN (RAM) + LENGTH (RAM))
                0x00000200                        _Min_Heap_Size = 0x200
                0x00000400                        _Min_Stack_Size = 0x400

.isr_vector     0x08000000      0x184
                0x08000000                        . = ALIGN (0x4)
 *(.isr_vector)
 .isr_vector    0x08000000      0x184 ./Core/Startup/startup_stm32f205retx.o
                0x08000000                g_pfnVectors
                0x08000184                        . = ALIGN (0x4)

.text           0x08000188     0x72d0
                0x08000188                        . = ALIGN (0x4)
 *(.text)
 .text          0x08000188       0x40 C:/ST/STM32CubeIDE_1.15.0/STM32CubeIDE/plugins/com.st.stm32cube.ide.mcu.externaltools.gnu-tools-for-stm32.12.3.rel1.win32_1.0.100.202403111256/tools/bin/../lib/gcc/arm-none-eabi/12.3.1/thumb/v7-m/nofp/crtbegin.o
 .text          0x080001c8      0x378 C:/ST/STM32CubeIDE_1.15.0/STM32CubeIDE/plugins/com.st.stm32cube.ide.mcu.externaltools.gnu-tools-for-stm32.12.3.rel1.win32_1.0.100.202403111256/tools/bin/../lib/gcc/arm-none-eabi/12.3.1/thumb/v7-m/nofp\libgcc.a(_arm_addsubdf3.o)
                0x080001c8                __aeabi_drsub
                0x080001d0                __aeabi_dsub
                0x080001d0                __subdf3
                0x080001d4                __aeabi_dadd
                0x080001d4                __adddf3
                0x0800044c                __floatunsidf
                0x0800044c                __aeabi_ui2d
                0x0800046c                __floatsidf
                0x0800046c                __aeabi_i2d
                0x08000490                __aeabi_f2d
                0x08000490                __extendsfdf2
                0x080004d4                __floatundidf
                0x080004d4                __aeabi_ul2d
                0x080004e4                __floatdidf
                0x080004e4                __aeabi_l2d
 .text          0x08000540      0x424 C:/ST/STM32CubeIDE_1.15.0/STM32CubeIDE/plugins/com.st.stm32cube.ide.mcu.externaltools.gnu-tools-for-stm32.12.3.rel1.win32_1.0.100.202403111256/tools/bin/../lib/gcc/arm-none-eabi/12.3.1/thumb/v7-m/nofp\libgcc.a(_arm_muldivdf3.o)
                0x08000540                __aeabi_dmul
                0x08000540                __muldf3
                0x08000794                __divdf3
                0x08000794                __aeabi_ddiv
 .text          0x08000964      0x110 C:/ST/STM32CubeIDE_1.15.0/STM32CubeIDE/plugins/com.st.stm32cube.ide.mcu.externaltools.gnu-tools-for-stm32.12.3.rel1.win32_1.0.100.202403111256/tools/bin/../lib/gcc/arm-none-eabi/12.3.1/thumb/v7-m/nofp\libgcc.a(_arm_cmpdf2.o)
                0x08000964                __gtdf2
                0x08000964                __gedf2
                0x0800096c                __ltdf2
                0x0800096c                __ledf2
                0x08000974                __nedf2
                0x08000974                __eqdf2
                0x08000974                __cmpdf2
                0x080009f0                __aeabi_cdrcmple
                0x08000a00                __aeabi_cdcmpeq
                0x08000a00                __aeabi_cdcmple
                0x08000a10                __aeabi_dcmpeq
                0x08000a24                __aeabi_dcmplt
                0x08000a38                __aeabi_dcmple
                0x08000a4c                __aeabi_dcmpge
                0x08000a60                __aeabi_dcmpgt
 .text          0x08000a74       0x50 C:/ST/STM32CubeIDE_1.15.0/STM32CubeIDE/plugins/com.st.stm32cube.ide.mcu.externaltools.gnu-tools-for-stm32.12.3.rel1.win32_1.0.100.202403111256/tools/bin/../lib/gcc/arm-none-eabi/12.3.1/thumb/v7-m/nofp\libgcc.a(_arm_fixdfsi.o)
                0x08000a74                __aeabi_d2iz
                0x08000a74                __fixdfsi
 .text          0x08000ac4       0xa0 C:/ST/STM32CubeIDE_1.15.0/STM32CubeIDE/plugins/com.st.stm32cube.ide.mcu.externaltools.gnu-tools-for-stm32.12.3.rel1.win32_1.0.100.202403111256/tools/bin/../lib/gcc/arm-none-eabi/12.3.1/thumb/v7-m/nofp\libgcc.a(_arm_truncdfsf2.o)
                0x08000ac4                __truncdfsf2
                0x08000ac4                __aeabi_d2f
 .text          0x08000b64      0x21c C:/ST/STM32CubeIDE_1.15.0/STM32CubeIDE/plugins/com.st.stm32cube.ide.mcu.externaltools.gnu-tools-for-stm32.12.3.rel1.win32_1.0.100.202403111256/tools/bin/../lib/gcc/arm-none-eabi/12.3.1/thumb/v7-m/nofp\libgcc.a(_arm_addsubsf3.o)
                0x08000b64                __aeabi_frsub
                0x08000b6c                __subsf3
                0x08000b6c                __aeabi_fsub
                0x08000b70                __aeabi_fadd
                0x08000b70                __addsf3
                0x08000cd0                __aeabi_ui2f
                0x08000cd0                __floatunsisf
                0x08000cd8                __aeabi_i2f
                0x08000cd8                __floatsisf
                0x08000cf4                __aeabi_ul2f
                0x08000cf4                __floatundisf
                0x08000d04                __aeabi_l2f
                0x08000d04                __floatdisf
 .text          0x08000d80      0x2a0 C:/ST/STM32CubeIDE_1.15.0/STM32CubeIDE/plugins/com.st.stm32cube.ide.mcu.externaltools.gnu-tools-for-stm32.12.3.rel1.win32_1.0.100.202403111256/tools/bin/../lib/gcc/arm-none-eabi/12.3.1/thumb/v7-m/nofp\libgcc.a(_arm_muldivsf3.o)
                0x08000d80                __mulsf3
                0x08000d80                __aeabi_fmul
                0x08000ee8                __aeabi_fdiv
                0x08000ee8                __divsf3
 .text          0x08001020       0xec C:/ST/STM32CubeIDE_1.15.0/STM32CubeIDE/plugins/com.st.stm32cube.ide.mcu.externaltools.gnu-tools-for-stm32.12.3.rel1.win32_1.0.100.202403111256/tools/bin/../lib/gcc/arm-none-eabi/12.3.1/thumb/v7-m/nofp\libgcc.a(_arm_cmpsf2.o)
                0x08001020                __gesf2
                0x08001020                __gtsf2
                0x08001028                __lesf2
                0x08001028                __ltsf2
                0x08001030                __nesf2
                0x08001030                __eqsf2
                0x08001030                __cmpsf2
                0x08001090                __aeabi_cfrcmple
                0x08001098                __aeabi_cfcmpeq
                0x08001098                __aeabi_cfcmple
                0x080010a8                __aeabi_fcmpeq
                0x080010bc                __aeabi_fcmplt
                0x080010d0                __aeabi_fcmple
                0x080010e4                __aeabi_fcmpge
                0x080010f8                __aeabi_fcmpgt
 .text          0x0800110c       0x4c C:/ST/STM32CubeIDE_1.15.0/STM32CubeIDE/plugins/com.st.stm32cube.ide.mcu.externaltools.gnu-tools-for-stm32.12.3.rel1.win32_1.0.100.202403111256/tools/bin/../lib/gcc/arm-none-eabi/12.3.1/thumb/v7-m/nofp\libgcc.a(_arm_fixsfsi.o)
                0x0800110c                __aeabi_f2iz
                0x0800110c                __fixsfsi
 .text          0x08001158       0x40 C:/ST/STM32CubeIDE_1.15.0/STM32CubeIDE/plugins/com.st.stm32cube.ide.mcu.externaltools.gnu-tools-for-stm32.12.3.rel1.win32_1.0.100.202403111256/tools/bin/../lib/gcc/arm-none-eabi/12.3.1/thumb/v7-m/nofp\libgcc.a(_arm_fixunssfsi.o)
                0x08001158                __fixunssfsi
                0x08001158                __aeabi_f2uiz
 .text          0x08001198       0x30 C:/ST/STM32CubeIDE_1.15.0/STM32CubeIDE/plugins/com.st.stm32cube.ide.mcu.externaltools.gnu-tools-for-stm32.12.3.rel1.win32_1.0.100.202403111256/tools/bin/../lib/gcc/arm-none-eabi/12.3.1/thumb/v7-m/nofp\libgcc.a(_aeabi_uldivmod.o)
                0x08001198                __aeabi_uldivmod
 .text          0x080011c8      0x2b8 C:/ST/STM32CubeIDE_1.15.0/STM32CubeIDE/plugins/com.st.stm32cube.ide.mcu.externaltools.gnu-tools-for-stm32.12.3.rel1.win32_1.0.100.202403111256/tools/bin/../lib/gcc/arm-none-eabi/12.3.1/thumb/v7-m/nofp\libgcc.a(_udivmoddi4.o)
                0x080011c8                __udivmoddi4
 .text          0x08001480        0x4 C:/ST/STM32CubeIDE_1.15.0/STM32CubeIDE/plugins/com.st.stm32cube.ide.mcu.externaltools.gnu-tools-for-stm32.12.3.rel1.win32_1.0.100.202403111256/tools/bin/../lib/gcc/arm-none-eabi/12.3.1/thumb/v7-m/nofp\libgcc.a(_dvmd_tls.o)
                0x08001480                __aeabi_idiv0
                0x08001480                __aeabi_ldiv0
 *(.text*)
 *fill*         0x08001484        0x4 
 .text.move     0x08001488       0x68 ./Core/Src/controller.o
                0x08001488                move
 .text.turn     0x080014f0       0x68 ./Core/Src/controller.o
                0x080014f0                turn
 .text.delayMicroseconds
                0x08001558       0x44 ./Core/Src/delay.o
                0x08001558                delayMicroseconds
 .text.getRightEncoderCounts
                0x0800159c       0x1c ./Core/Src/encoders.o
                0x0800159c                getRightEncoderCounts
 .text.getLeftEncoderCounts
                0x080015b8       0x1c ./Core/Src/encoders.o
                0x080015b8                getLeftEncoderCounts
 .text.resetEncoders
                0x080015d4       0x20 ./Core/Src/encoders.o
                0x080015d4                resetEncoders
 *fill*         0x080015f4        0x4 
 .text.gyroInit
                0x080015f8      0x258 ./Core/Src/gyro.o
                0x080015f8                gyroInit
 .text.readGyro
                0x08001850       0x80 ./Core/Src/gyro.o
                0x08001850                readGyro
 .text.interruptRoutine
                0x080018d0       0x48 ./Core/Src/main.o
                0x080018d0                interruptRoutine
 .text.main     0x08001918      0x1bc ./Core/Src/main.o
                0x08001918                main
 .text.SystemClock_Config
                0x08001ad4       0x8e ./Core/Src/main.o
                0x08001ad4                SystemClock_Config
 *fill*         0x08001b62        0x2 
 .text.MX_ADC1_Init
                0x08001b64       0xf8 ./Core/Src/main.o
 .text.MX_I2C1_Init
                0x08001c5c       0x5c ./Core/Src/main.o
 .text.MX_TIM1_Init
                0x08001cb8      0x150 ./Core/Src/main.o
 .text.MX_TIM3_Init
                0x08001e08       0xa8 ./Core/Src/main.o
 .text.MX_TIM7_Init
                0x08001eb0       0x6c ./Core/Src/main.o
 .text.MX_TIM8_Init
                0x08001f1c       0xb0 ./Core/Src/main.o
 .text.MX_TIM10_Init
                0x08001fcc       0x48 ./Core/Src/main.o
 .text.MX_DMA_Init
                0x08002014       0x40 ./Core/Src/main.o
 .text.MX_GPIO_Init
                0x08002054      0x178 ./Core/Src/main.o
 .text.Get_I2C1_Ptr
                0x080021cc       0x14 ./Core/Src/main.o
                0x080021cc                Get_I2C1_Ptr
 .text.HAL_ADC_ConvCpltCallback
                0x080021e0      0x104 ./Core/Src/main.o
                0x080021e0                HAL_ADC_ConvCpltCallback
 .text.Error_Handler
                0x080022e4        0xc ./Core/Src/main.o
                0x080022e4                Error_Handler
 .text.limitPWM
                0x080022f0       0x60 ./Core/Src/motors.o
                0x080022f0                limitPWM
 .text.setMotorLPWM
                0x08002350       0x78 ./Core/Src/motors.o
                0x08002350                setMotorLPWM
 .text.setMotorRPWM
                0x080023c8       0x78 ./Core/Src/motors.o
                0x080023c8                setMotorRPWM
 .text.resetMotors
                0x08002440       0x18 ./Core/Src/motors.o
                0x08002440                resetMotors
 .text.setPIDGoalD
                0x08002458       0x28 ./Core/Src/pid3.o
                0x08002458                setPIDGoalD
 .text.setPIDGoalA
                0x08002480       0x38 ./Core/Src/pid3.o
                0x08002480                setPIDGoalA
 .text.setState
                0x080024b8       0x20 ./Core/Src/pid3.o
                0x080024b8                setState
 .text.setIRGoals
                0x080024d8       0x64 ./Core/Src/pid3.o
                0x080024d8                setIRGoals
 .text.setIRAngle
                0x0800253c      0x14c ./Core/Src/pid3.o
                0x0800253c                setIRAngle
 .text.PDController
                0x08002688      0x35c ./Core/Src/pid3.o
                0x08002688                PDController
 *fill*         0x080029e4        0x4 
 .text.updatePID
                0x080029e8      0x218 ./Core/Src/pid3.o
                0x080029e8                updatePID
 .text.PIDdone  0x08002c00       0x20 ./Core/Src/pid3.o
                0x08002c00                PIDdone
 .text.resetPID
                0x08002c20       0xc0 ./Core/Src/pid3.o
                0x08002c20                resetPID
 .text.HAL_MspInit
                0x08002ce0       0x4c ./Core/Src/stm32f2xx_hal_msp.o
                0x08002ce0                HAL_MspInit
 .text.HAL_ADC_MspInit
                0x08002d2c      0x128 ./Core/Src/stm32f2xx_hal_msp.o
                0x08002d2c                HAL_ADC_MspInit
 .text.HAL_I2C_MspInit
                0x08002e54       0x90 ./Core/Src/stm32f2xx_hal_msp.o
                0x08002e54                HAL_I2C_MspInit
 .text.HAL_TIM_PWM_MspInit
                0x08002ee4       0x50 ./Core/Src/stm32f2xx_hal_msp.o
                0x08002ee4                HAL_TIM_PWM_MspInit
 .text.HAL_TIM_Encoder_MspInit
                0x08002f34       0xfc ./Core/Src/stm32f2xx_hal_msp.o
                0x08002f34                HAL_TIM_Encoder_MspInit
 .text.HAL_TIM_Base_MspInit
                0x08003030       0x8c ./Core/Src/stm32f2xx_hal_msp.o
                0x08003030                HAL_TIM_Base_MspInit
 .text.HAL_TIM_MspPostInit
                0x080030bc       0x74 ./Core/Src/stm32f2xx_hal_msp.o
                0x080030bc                HAL_TIM_MspPostInit
 .text.NMI_Handler
                0x08003130        0x8 ./Core/Src/stm32f2xx_it.o
                0x08003130                NMI_Handler
 .text.HardFault_Handler
                0x08003138        0x8 ./Core/Src/stm32f2xx_it.o
                0x08003138                HardFault_Handler
 .text.MemManage_Handler
                0x08003140        0x8 ./Core/Src/stm32f2xx_it.o
                0x08003140                MemManage_Handler
 .text.BusFault_Handler
                0x08003148        0x8 ./Core/Src/stm32f2xx_it.o
                0x08003148                BusFault_Handler
 .text.UsageFault_Handler
                0x08003150        0x8 ./Core/Src/stm32f2xx_it.o
                0x08003150                UsageFault_Handler
 .text.SVC_Handler
                0x08003158        0xc ./Core/Src/stm32f2xx_it.o
                0x08003158                SVC_Handler
 .text.DebugMon_Handler
                0x08003164        0xc ./Core/Src/stm32f2xx_it.o
                0x08003164                DebugMon_Handler
 .text.PendSV_Handler
                0x08003170        0xc ./Core/Src/stm32f2xx_it.o
                0x08003170                PendSV_Handler
 .text.SysTick_Handler
                0x0800317c        0xc ./Core/Src/stm32f2xx_it.o
                0x0800317c                SysTick_Handler
 .text.TIM1_UP_TIM10_IRQHandler
                0x08003188       0x1c ./Core/Src/stm32f2xx_it.o
                0x08003188                TIM1_UP_TIM10_IRQHandler
 .text.TIM7_IRQHandler
                0x080031a4       0x18 ./Core/Src/stm32f2xx_it.o
                0x080031a4                TIM7_IRQHandler
 .text.DMA2_Stream0_IRQHandler
                0x080031bc       0x14 ./Core/Src/stm32f2xx_it.o
                0x080031bc                DMA2_Stream0_IRQHandler
 .text.SystemInit
                0x080031d0        0xc ./Core/Src/system_stm32f2xx.o
                0x080031d0                SystemInit
 .text.sign     0x080031dc       0x3c ./Core/Src/utility.o
                0x080031dc                sign
 .text.Reset_Handler
                0x08003218       0x50 ./Core/Startup/startup_stm32f205retx.o
                0x08003218                Reset_Handler
 .text.Default_Handler
                0x08003268        0x2 ./Core/Startup/startup_stm32f205retx.o
                0x08003268                RTC_Alarm_IRQHandler
                0x08003268                HASH_RNG_IRQHandler
                0x08003268                EXTI2_IRQHandler
                0x08003268                TIM8_CC_IRQHandler
                0x08003268                TIM1_CC_IRQHandler
                0x08003268                DMA2_Stream5_IRQHandler
                0x08003268                DMA1_Stream5_IRQHandler
                0x08003268                PVD_IRQHandler
                0x08003268                SDIO_IRQHandler
                0x08003268                TAMP_STAMP_IRQHandler
                0x08003268                CAN2_RX1_IRQHandler
                0x08003268                EXTI3_IRQHandler
                0x08003268                TIM8_TRG_COM_TIM14_IRQHandler
                0x08003268                TIM8_UP_TIM13_IRQHandler
                0x08003268                I2C3_ER_IRQHandler
                0x08003268                EXTI0_IRQHandler
                0x08003268                I2C2_EV_IRQHandler
                0x08003268                DMA1_Stream2_IRQHandler
                0x08003268                CAN1_RX0_IRQHandler
                0x08003268                OTG_HS_WKUP_IRQHandler
                0x08003268                CAN2_SCE_IRQHandler
                0x08003268                DMA2_Stream2_IRQHandler
                0x08003268                SPI1_IRQHandler
                0x08003268                TIM6_DAC_IRQHandler
                0x08003268                TIM1_BRK_TIM9_IRQHandler
                0x08003268                CAN2_RX0_IRQHandler
                0x08003268                DMA2_Stream3_IRQHandler
                0x08003268                USART6_IRQHandler
                0x08003268                USART3_IRQHandler
                0x08003268                CAN1_RX1_IRQHandler
                0x08003268                UART5_IRQHandler
                0x08003268                TIM4_IRQHandler
                0x08003268                I2C1_EV_IRQHandler
                0x08003268                DMA1_Stream6_IRQHandler
                0x08003268                DMA1_Stream1_IRQHandler
                0x08003268                UART4_IRQHandler
                0x08003268                TIM3_IRQHandler
                0x08003268                RCC_IRQHandler
                0x08003268                TIM8_BRK_TIM12_IRQHandler
                0x08003268                Default_Handler
                0x08003268                EXTI15_10_IRQHandler
                0x08003268                ADC_IRQHandler
                0x08003268                DMA1_Stream7_IRQHandler
                0x08003268                CAN2_TX_IRQHandler
                0x08003268                TIM5_IRQHandler
                0x08003268                DMA2_Stream7_IRQHandler
                0x08003268                I2C3_EV_IRQHandler
                0x08003268                EXTI9_5_IRQHandler
                0x08003268                RTC_WKUP_IRQHandler
                0x08003268                SPI2_IRQHandler
                0x08003268                OTG_HS_EP1_IN_IRQHandler
                0x08003268                DMA1_Stream0_IRQHandler
                0x08003268                CAN1_TX_IRQHandler
                0x08003268                EXTI4_IRQHandler
                0x08003268                FSMC_IRQHandler
                0x08003268                OTG_HS_EP1_OUT_IRQHandler
                0x08003268                WWDG_IRQHandler
                0x08003268                TIM2_IRQHandler
                0x08003268                OTG_FS_WKUP_IRQHandler
                0x08003268                TIM1_TRG_COM_TIM11_IRQHandler
                0x08003268                OTG_HS_IRQHandler
                0x08003268                EXTI1_IRQHandler
                0x08003268                USART2_IRQHandler
                0x08003268                I2C2_ER_IRQHandler
                0x08003268                DMA2_Stream1_IRQHandler
                0x08003268                CAN1_SCE_IRQHandler
                0x08003268                FLASH_IRQHandler
                0x08003268                DMA2_Stream4_IRQHandler
                0x08003268                USART1_IRQHandler
                0x08003268                OTG_FS_IRQHandler
                0x08003268                SPI3_IRQHandler
                0x08003268                DMA1_Stream4_IRQHandler
                0x08003268                I2C1_ER_IRQHandler
                0x08003268                DMA2_Stream6_IRQHandler
                0x08003268                DMA1_Stream3_IRQHandler
 *fill*         0x0800326a        0x2 
 .text.HAL_Init
                0x0800326c       0x44 ./Drivers/STM32F2xx_HAL_Driver/Src/stm32f2xx_hal.o
                0x0800326c                HAL_Init
 .text.HAL_InitTick
                0x080032b0       0x60 ./Drivers/STM32F2xx_HAL_Driver/Src/stm32f2xx_hal.o
                0x080032b0                HAL_InitTick
 .text.HAL_IncTick
                0x08003310       0x24 ./Drivers/STM32F2xx_HAL_Driver/Src/stm32f2xx_hal.o
                0x08003310                HAL_IncTick
 .text.HAL_GetTick
                0x08003334       0x14 ./Drivers/STM32F2xx_HAL_Driver/Src/stm32f2xx_hal.o
                0x08003334                HAL_GetTick
 .text.HAL_ADC_Init
                0x08003348       0x86 ./Drivers/STM32F2xx_HAL_Driver/Src/stm32f2xx_hal_adc.o
                0x08003348                HAL_ADC_Init
 *fill*         0x080033ce        0x2 
 .text.HAL_ADC_Start_DMA
                0x080033d0      0x1bc ./Drivers/STM32F2xx_HAL_Driver/Src/stm32f2xx_hal_adc.o
                0x080033d0                HAL_ADC_Start_DMA
 .text.HAL_ADC_ConvHalfCpltCallback
                0x0800358c       0x12 ./Drivers/STM32F2xx_HAL_Driver/Src/stm32f2xx_hal_adc.o
                0x0800358c                HAL_ADC_ConvHalfCpltCallback
 .text.HAL_ADC_ErrorCallback
                0x0800359e       0x12 ./Drivers/STM32F2xx_HAL_Driver/Src/stm32f2xx_hal_adc.o
                0x0800359e                HAL_ADC_ErrorCallback
 .text.HAL_ADC_ConfigChannel
                0x080035b0      0x240 ./Drivers/STM32F2xx_HAL_Driver/Src/stm32f2xx_hal_adc.o
                0x080035b0                HAL_ADC_ConfigChannel
 .text.ADC_Init
                0x080037f0      0x20c ./Drivers/STM32F2xx_HAL_Driver/Src/stm32f2xx_hal_adc.o
 .text.ADC_DMAConvCplt
                0x080039fc       0xba ./Drivers/STM32F2xx_HAL_Driver/Src/stm32f2xx_hal_adc.o
 .text.ADC_DMAHalfConvCplt
                0x08003ab6       0x1c ./Drivers/STM32F2xx_HAL_Driver/Src/stm32f2xx_hal_adc.o
 .text.ADC_DMAError
                0x08003ad2       0x2e ./Drivers/STM32F2xx_HAL_Driver/Src/stm32f2xx_hal_adc.o
 .text.__NVIC_SetPriorityGrouping
                0x08003b00       0x48 ./Drivers/STM32F2xx_HAL_Driver/Src/stm32f2xx_hal_cortex.o
 .text.__NVIC_GetPriorityGrouping
                0x08003b48       0x1c ./Drivers/STM32F2xx_HAL_Driver/Src/stm32f2xx_hal_cortex.o
 .text.__NVIC_EnableIRQ
                0x08003b64       0x38 ./Drivers/STM32F2xx_HAL_Driver/Src/stm32f2xx_hal_cortex.o
 .text.__NVIC_SetPriority
                0x08003b9c       0x54 ./Drivers/STM32F2xx_HAL_Driver/Src/stm32f2xx_hal_cortex.o
 .text.NVIC_EncodePriority
                0x08003bf0       0x64 ./Drivers/STM32F2xx_HAL_Driver/Src/stm32f2xx_hal_cortex.o
 .text.SysTick_Config
                0x08003c54       0x44 ./Drivers/STM32F2xx_HAL_Driver/Src/stm32f2xx_hal_cortex.o
 .text.HAL_NVIC_SetPriorityGrouping
                0x08003c98       0x16 ./Drivers/STM32F2xx_HAL_Driver/Src/stm32f2xx_hal_cortex.o
                0x08003c98                HAL_NVIC_SetPriorityGrouping
 .text.HAL_NVIC_SetPriority
                0x08003cae       0x38 ./Drivers/STM32F2xx_HAL_Driver/Src/stm32f2xx_hal_cortex.o
                0x08003cae                HAL_NVIC_SetPriority
 .text.HAL_NVIC_EnableIRQ
                0x08003ce6       0x1c ./Drivers/STM32F2xx_HAL_Driver/Src/stm32f2xx_hal_cortex.o
                0x08003ce6                HAL_NVIC_EnableIRQ
 .text.HAL_SYSTICK_Config
                0x08003d02       0x18 ./Drivers/STM32F2xx_HAL_Driver/Src/stm32f2xx_hal_cortex.o
                0x08003d02                HAL_SYSTICK_Config
 *fill*         0x08003d1a        0x2 
 .text.HAL_DMA_Init
                0x08003d1c      0x15c ./Drivers/STM32F2xx_HAL_Driver/Src/stm32f2xx_hal_dma.o
                0x08003d1c                HAL_DMA_Init
 .text.HAL_DMA_Start_IT
                0x08003e78       0xb0 ./Drivers/STM32F2xx_HAL_Driver/Src/stm32f2xx_hal_dma.o
                0x08003e78                HAL_DMA_Start_IT
 .text.HAL_DMA_IRQHandler
                0x08003f28      0x314 ./Drivers/STM32F2xx_HAL_Driver/Src/stm32f2xx_hal_dma.o
                0x08003f28                HAL_DMA_IRQHandler
 .text.DMA_SetConfig
                0x0800423c       0x5a ./Drivers/STM32F2xx_HAL_Driver/Src/stm32f2xx_hal_dma.o
 *fill*         0x08004296        0x2 
 .text.DMA_CalcBaseAndBitshift
                0x08004298       0x68 ./Drivers/STM32F2xx_HAL_Driver/Src/stm32f2xx_hal_dma.o
 .text.DMA_CheckFifoParam
                0x08004300       0xf4 ./Drivers/STM32F2xx_HAL_Driver/Src/stm32f2xx_hal_dma.o
 .text.HAL_GPIO_Init
                0x080043f4      0x33c ./Drivers/STM32F2xx_HAL_Driver/Src/stm32f2xx_hal_gpio.o
                0x080043f4                HAL_GPIO_Init
 .text.HAL_GPIO_ReadPin
                0x08004730       0x2e ./Drivers/STM32F2xx_HAL_Driver/Src/stm32f2xx_hal_gpio.o
                0x08004730                HAL_GPIO_ReadPin
 .text.HAL_GPIO_WritePin
                0x0800475e       0x30 ./Drivers/STM32F2xx_HAL_Driver/Src/stm32f2xx_hal_gpio.o
                0x0800475e                HAL_GPIO_WritePin
 *fill*         0x0800478e        0x2 
 .text.HAL_I2C_Init
                0x08004790      0x288 ./Drivers/STM32F2xx_HAL_Driver/Src/stm32f2xx_hal_i2c.o
                0x08004790                HAL_I2C_Init
 .text.HAL_I2C_Mem_Write
                0x08004a18      0x1f4 ./Drivers/STM32F2xx_HAL_Driver/Src/stm32f2xx_hal_i2c.o
                0x08004a18                HAL_I2C_Mem_Write
 .text.HAL_I2C_Mem_Read
                0x08004c0c      0x464 ./Drivers/STM32F2xx_HAL_Driver/Src/stm32f2xx_hal_i2c.o
                0x08004c0c                HAL_I2C_Mem_Read
 .text.HAL_I2C_IsDeviceReady
                0x08005070      0x25c ./Drivers/STM32F2xx_HAL_Driver/Src/stm32f2xx_hal_i2c.o
                0x08005070                HAL_I2C_IsDeviceReady
 .text.I2C_RequestMemoryWrite
                0x080052cc      0x12c ./Drivers/STM32F2xx_HAL_Driver/Src/stm32f2xx_hal_i2c.o
 .text.I2C_RequestMemoryRead
                0x080053f8      0x1d0 ./Drivers/STM32F2xx_HAL_Driver/Src/stm32f2xx_hal_i2c.o
 .text.I2C_WaitOnFlagUntilTimeout
                0x080055c8       0xf4 ./Drivers/STM32F2xx_HAL_Driver/Src/stm32f2xx_hal_i2c.o
 .text.I2C_WaitOnMasterAddressFlagUntilTimeout
                0x080056bc      0x140 ./Drivers/STM32F2xx_HAL_Driver/Src/stm32f2xx_hal_i2c.o
 .text.I2C_WaitOnTXEFlagUntilTimeout
                0x080057fc       0x90 ./Drivers/STM32F2xx_HAL_Driver/Src/stm32f2xx_hal_i2c.o
 .text.I2C_WaitOnBTFFlagUntilTimeout
                0x0800588c       0x90 ./Drivers/STM32F2xx_HAL_Driver/Src/stm32f2xx_hal_i2c.o
 .text.I2C_WaitOnRXNEFlagUntilTimeout
                0x0800591c       0xba ./Drivers/STM32F2xx_HAL_Driver/Src/stm32f2xx_hal_i2c.o
 .text.I2C_IsAcknowledgeFailed
                0x080059d6       0x5c ./Drivers/STM32F2xx_HAL_Driver/Src/stm32f2xx_hal_i2c.o
 *fill*         0x08005a32        0x2 
 .text.HAL_RCC_OscConfig
                0x08005a34      0x4a8 ./Drivers/STM32F2xx_HAL_Driver/Src/stm32f2xx_hal_rcc.o
                0x08005a34                HAL_RCC_OscConfig
 .text.HAL_RCC_ClockConfig
                0x08005edc      0x1d8 ./Drivers/STM32F2xx_HAL_Driver/Src/stm32f2xx_hal_rcc.o
                0x08005edc                HAL_RCC_ClockConfig
 .text.HAL_RCC_GetSysClockFreq
                0x080060b4      0x18c ./Drivers/STM32F2xx_HAL_Driver/Src/stm32f2xx_hal_rcc.o
                0x080060b4                HAL_RCC_GetSysClockFreq
 .text.HAL_RCC_GetHCLKFreq
                0x08006240       0x14 ./Drivers/STM32F2xx_HAL_Driver/Src/stm32f2xx_hal_rcc.o
                0x08006240                HAL_RCC_GetHCLKFreq
 .text.HAL_RCC_GetPCLK1Freq
                0x08006254       0x44 ./Drivers/STM32F2xx_HAL_Driver/Src/stm32f2xx_hal_rcc.o
                0x08006254                HAL_RCC_GetPCLK1Freq
 .text.HAL_TIM_Base_Init
                0x08006298       0x9e ./Drivers/STM32F2xx_HAL_Driver/Src/stm32f2xx_hal_tim.o
                0x08006298                HAL_TIM_Base_Init
 *fill*         0x08006336        0x2 
 .text.HAL_TIM_Base_Start
                0x08006338       0xcc ./Drivers/STM32F2xx_HAL_Driver/Src/stm32f2xx_hal_tim.o
                0x08006338                HAL_TIM_Base_Start
 .text.HAL_TIM_Base_Start_IT
                0x08006404       0xdc ./Drivers/STM32F2xx_HAL_Driver/Src/stm32f2xx_hal_tim.o
                0x08006404                HAL_TIM_Base_Start_IT
 .text.HAL_TIM_PWM_Init
                0x080064e0       0x9e ./Drivers/STM32F2xx_HAL_Driver/Src/stm32f2xx_hal_tim.o
                0x080064e0                HAL_TIM_PWM_Init
 *fill*         0x0800657e        0x2 
 .text.HAL_TIM_PWM_Start
                0x08006580      0x190 ./Drivers/STM32F2xx_HAL_Driver/Src/stm32f2xx_hal_tim.o
                0x08006580                HAL_TIM_PWM_Start
 .text.HAL_TIM_Encoder_Init
                0x08006710      0x14c ./Drivers/STM32F2xx_HAL_Driver/Src/stm32f2xx_hal_tim.o
                0x08006710                HAL_TIM_Encoder_Init
 .text.HAL_TIM_Encoder_Start
                0x0800685c      0x11c ./Drivers/STM32F2xx_HAL_Driver/Src/stm32f2xx_hal_tim.o
                0x0800685c                HAL_TIM_Encoder_Start
 .text.HAL_TIM_IRQHandler
                0x08006978      0x1e0 ./Drivers/STM32F2xx_HAL_Driver/Src/stm32f2xx_hal_tim.o
                0x08006978                HAL_TIM_IRQHandler
 .text.HAL_TIM_PWM_ConfigChannel
                0x08006b58      0x184 ./Drivers/STM32F2xx_HAL_Driver/Src/stm32f2xx_hal_tim.o
                0x08006b58                HAL_TIM_PWM_ConfigChannel
 .text.HAL_TIM_PeriodElapsedCallback
                0x08006cdc       0x12 ./Drivers/STM32F2xx_HAL_Driver/Src/stm32f2xx_hal_tim.o
                0x08006cdc                HAL_TIM_PeriodElapsedCallback
 .text.HAL_TIM_OC_DelayElapsedCallback
                0x08006cee       0x12 ./Drivers/STM32F2xx_HAL_Driver/Src/stm32f2xx_hal_tim.o
                0x08006cee                HAL_TIM_OC_DelayElapsedCallback
 .text.HAL_TIM_IC_CaptureCallback
                0x08006d00       0x12 ./Drivers/STM32F2xx_HAL_Driver/Src/stm32f2xx_hal_tim.o
                0x08006d00                HAL_TIM_IC_CaptureCallback
 .text.HAL_TIM_PWM_PulseFinishedCallback
                0x08006d12       0x12 ./Drivers/STM32F2xx_HAL_Driver/Src/stm32f2xx_hal_tim.o
                0x08006d12                HAL_TIM_PWM_PulseFinishedCallback
 .text.HAL_TIM_TriggerCallback
                0x08006d24       0x12 ./Drivers/STM32F2xx_HAL_Driver/Src/stm32f2xx_hal_tim.o
                0x08006d24                HAL_TIM_TriggerCallback
 *fill*         0x08006d36        0x2 
 .text.TIM_Base_SetConfig
                0x08006d38      0x154 ./Drivers/STM32F2xx_HAL_Driver/Src/stm32f2xx_hal_tim.o
                0x08006d38                TIM_Base_SetConfig
 .text.TIM_OC1_SetConfig
                0x08006e8c       0xe0 ./Drivers/STM32F2xx_HAL_Driver/Src/stm32f2xx_hal_tim.o
 .text.TIM_OC2_SetConfig
                0x08006f6c       0xe8 ./Drivers/STM32F2xx_HAL_Driver/Src/stm32f2xx_hal_tim.o
                0x08006f6c                TIM_OC2_SetConfig
 .text.TIM_OC3_SetConfig
                0x08007054       0xe8 ./Drivers/STM32F2xx_HAL_Driver/Src/stm32f2xx_hal_tim.o
 .text.TIM_OC4_SetConfig
                0x0800713c       0xa8 ./Drivers/STM32F2xx_HAL_Driver/Src/stm32f2xx_hal_tim.o
 .text.TIM_CCxChannelCmd
                0x080071e4       0x48 ./Drivers/STM32F2xx_HAL_Driver/Src/stm32f2xx_hal_tim.o
                0x080071e4                TIM_CCxChannelCmd
 .text.HAL_TIMEx_MasterConfigSynchronization
                0x0800722c       0xf4 ./Drivers/STM32F2xx_HAL_Driver/Src/stm32f2xx_hal_tim_ex.o
                0x0800722c                HAL_TIMEx_MasterConfigSynchronization
 .text.HAL_TIMEx_ConfigBreakDeadTime
                0x08007320       0xa2 ./Drivers/STM32F2xx_HAL_Driver/Src/stm32f2xx_hal_tim_ex.o
                0x08007320                HAL_TIMEx_ConfigBreakDeadTime
 .text.HAL_TIMEx_CommutCallback
                0x080073c2       0x12 ./Drivers/STM32F2xx_HAL_Driver/Src/stm32f2xx_hal_tim_ex.o
                0x080073c2                HAL_TIMEx_CommutCallback
 .text.HAL_TIMEx_BreakCallback
                0x080073d4       0x12 ./Drivers/STM32F2xx_HAL_Driver/Src/stm32f2xx_hal_tim_ex.o
                0x080073d4                HAL_TIMEx_BreakCallback
 .text.memset   0x080073e6       0x10 C:/ST/STM32CubeIDE_1.15.0/STM32CubeIDE/plugins/com.st.stm32cube.ide.mcu.externaltools.gnu-tools-for-stm32.12.3.rel1.win32_1.0.100.202403111256/tools/bin/../lib/gcc/arm-none-eabi/12.3.1/../../../../arm-none-eabi/lib/thumb/v7-m/nofp\libc_nano.a(libc_a-memset.o)
                0x080073e6                memset
 *fill*         0x080073f6        0x2 
 .text.__libc_init_array
                0x080073f8       0x48 C:/ST/STM32CubeIDE_1.15.0/STM32CubeIDE/plugins/com.st.stm32cube.ide.mcu.externaltools.gnu-tools-for-stm32.12.3.rel1.win32_1.0.100.202403111256/tools/bin/../lib/gcc/arm-none-eabi/12.3.1/../../../../arm-none-eabi/lib/thumb/v7-m/nofp\libc_nano.a(libc_a-init.o)
                0x080073f8                __libc_init_array
 *(.glue_7)
 .glue_7        0x08007440        0x0 linker stubs
 *(.glue_7t)
 .glue_7t       0x08007440        0x0 linker stubs
 *(.eh_frame)
 .eh_frame      0x08007440        0x0 C:/ST/STM32CubeIDE_1.15.0/STM32CubeIDE/plugins/com.st.stm32cube.ide.mcu.externaltools.gnu-tools-for-stm32.12.3.rel1.win32_1.0.100.202403111256/tools/bin/../lib/gcc/arm-none-eabi/12.3.1/thumb/v7-m/nofp/crtbegin.o
 *(.init)
 .init          0x08007440        0x4 C:/ST/STM32CubeIDE_1.15.0/STM32CubeIDE/plugins/com.st.stm32cube.ide.mcu.externaltools.gnu-tools-for-stm32.12.3.rel1.win32_1.0.100.202403111256/tools/bin/../lib/gcc/arm-none-eabi/12.3.1/thumb/v7-m/nofp/crti.o
                0x08007440                _init
 .init          0x08007444        0x8 C:/ST/STM32CubeIDE_1.15.0/STM32CubeIDE/plugins/com.st.stm32cube.ide.mcu.externaltools.gnu-tools-for-stm32.12.3.rel1.win32_1.0.100.202403111256/tools/bin/../lib/gcc/arm-none-eabi/12.3.1/thumb/v7-m/nofp/crtn.o
 *(.fini)
 .fini          0x0800744c        0x4 C:/ST/STM32CubeIDE_1.15.0/STM32CubeIDE/plugins/com.st.stm32cube.ide.mcu.externaltools.gnu-tools-for-stm32.12.3.rel1.win32_1.0.100.202403111256/tools/bin/../lib/gcc/arm-none-eabi/12.3.1/thumb/v7-m/nofp/crti.o
                0x0800744c                _fini
 .fini          0x08007450        0x8 C:/ST/STM32CubeIDE_1.15.0/STM32CubeIDE/plugins/com.st.stm32cube.ide.mcu.externaltools.gnu-tools-for-stm32.12.3.rel1.win32_1.0.100.202403111256/tools/bin/../lib/gcc/arm-none-eabi/12.3.1/thumb/v7-m/nofp/crtn.o
                0x08007458                        . = ALIGN (0x4)
                0x08007458                        _etext = .

.vfp11_veneer   0x08007458        0x0
 .vfp11_veneer  0x08007458        0x0 linker stubs

.v4_bx          0x08007458        0x0
 .v4_bx         0x08007458        0x0 linker stubs

.iplt           0x08007458        0x0
 .iplt          0x08007458        0x0 C:/ST/STM32CubeIDE_1.15.0/STM32CubeIDE/plugins/com.st.stm32cube.ide.mcu.externaltools.gnu-tools-for-stm32.12.3.rel1.win32_1.0.100.202403111256/tools/bin/../lib/gcc/arm-none-eabi/12.3.1/thumb/v7-m/nofp/crtbegin.o

.rodata         0x08007458       0x20
                0x08007458                        . = ALIGN (0x4)
 *(.rodata)
 *(.rodata*)
 .rodata.AHBPrescTable
                0x08007458       0x10 ./Core/Src/system_stm32f2xx.o
                0x08007458                AHBPrescTable
 .rodata.APBPrescTable
                0x08007468        0x8 ./Core/Src/system_stm32f2xx.o
                0x08007468                APBPrescTable
 .rodata.flagBitshiftOffset.0
                0x08007470        0x8 ./Drivers/STM32F2xx_HAL_Driver/Src/stm32f2xx_hal_dma.o
                0x08007478                        . = ALIGN (0x4)

.ARM.extab      0x08007478        0x0
                0x08007478                        . = ALIGN (0x4)
 *(.ARM.extab* .gnu.linkonce.armextab.*)
                0x08007478                        . = ALIGN (0x4)

.ARM            0x08007478        0x8
                0x08007478                        . = ALIGN (0x4)
                0x08007478                        __exidx_start = .
 *(.ARM.exidx*)
 .ARM.exidx     0x08007478        0x8 C:/ST/STM32CubeIDE_1.15.0/STM32CubeIDE/plugins/com.st.stm32cube.ide.mcu.externaltools.gnu-tools-for-stm32.12.3.rel1.win32_1.0.100.202403111256/tools/bin/../lib/gcc/arm-none-eabi/12.3.1/thumb/v7-m/nofp\libgcc.a(_udivmoddi4.o)
                0x08007480                        __exidx_end = .
                0x08007480                        . = ALIGN (0x4)

.preinit_array  0x08007480        0x0
                0x08007480                        . = ALIGN (0x4)
                0x08007480                        PROVIDE (__preinit_array_start = .)
 *(.preinit_array*)
                0x08007480                        PROVIDE (__preinit_array_end = .)
                0x08007480                        . = ALIGN (0x4)

.init_array     0x08007480        0x4
                0x08007480                        . = ALIGN (0x4)
                0x08007480                        PROVIDE (__init_array_start = .)
 *(SORT_BY_NAME(.init_array.*))
 *(.init_array*)
 .init_array    0x08007480        0x4 C:/ST/STM32CubeIDE_1.15.0/STM32CubeIDE/plugins/com.st.stm32cube.ide.mcu.externaltools.gnu-tools-for-stm32.12.3.rel1.win32_1.0.100.202403111256/tools/bin/../lib/gcc/arm-none-eabi/12.3.1/thumb/v7-m/nofp/crtbegin.o
                0x08007484                        PROVIDE (__init_array_end = .)
                0x08007484                        . = ALIGN (0x4)

.fini_array     0x08007484        0x4
                0x08007484                        . = ALIGN (0x4)
                [!provide]                        PROVIDE (__fini_array_start = .)
 *(SORT_BY_NAME(.fini_array.*))
 *(.fini_array*)
 .fini_array    0x08007484        0x4 C:/ST/STM32CubeIDE_1.15.0/STM32CubeIDE/plugins/com.st.stm32cube.ide.mcu.externaltools.gnu-tools-for-stm32.12.3.rel1.win32_1.0.100.202403111256/tools/bin/../lib/gcc/arm-none-eabi/12.3.1/thumb/v7-m/nofp/crtbegin.o
                [!provide]                        PROVIDE (__fini_array_end = .)
                0x08007488                        . = ALIGN (0x4)
                0x08007488                        _sidata = LOADADDR (.data)

.rel.dyn        0x08007488        0x0
 .rel.iplt      0x08007488        0x0 C:/ST/STM32CubeIDE_1.15.0/STM32CubeIDE/plugins/com.st.stm32cube.ide.mcu.externaltools.gnu-tools-for-stm32.12.3.rel1.win32_1.0.100.202403111256/tools/bin/../lib/gcc/arm-none-eabi/12.3.1/thumb/v7-m/nofp/crtbegin.o

.data           0x20000000       0x24 load address 0x08007488
                0x20000000                        . = ALIGN (0x4)
                0x20000000                        _sdata = .
 *(.data)
 *(.data*)
 .data.kPw      0x20000000        0x4 ./Core/Src/pid3.o
                0x20000000                kPw
 .data.kDw      0x20000004        0x4 ./Core/Src/pid3.o
                0x20000004                kDw
 .data.kPx      0x20000008        0x4 ./Core/Src/pid3.o
                0x20000008                kPx
 .data.kDx      0x2000000c        0x4 ./Core/Src/pid3.o
                0x2000000c                kDx
 .data.kPir     0x20000010        0x4 ./Core/Src/pid3.o
                0x20000010                kPir
 .data.kPir2    0x20000014        0x4 ./Core/Src/pid3.o
                0x20000014                kPir2
 .data.SystemCoreClock
                0x20000018        0x4 ./Core/Src/system_stm32f2xx.o
                0x20000018                SystemCoreClock
 .data.uwTickPrio
                0x2000001c        0x4 ./Drivers/STM32F2xx_HAL_Driver/Src/stm32f2xx_hal.o
                0x2000001c                uwTickPrio
 .data.uwTickFreq
                0x20000020        0x1 ./Drivers/STM32F2xx_HAL_Driver/Src/stm32f2xx_hal.o
                0x20000020                uwTickFreq
 *(.RamFunc)
 *(.RamFunc*)
                0x20000024                        . = ALIGN (0x4)
 *fill*         0x20000021        0x3 
                0x20000024                        _edata = .

.igot.plt       0x20000024        0x0 load address 0x080074ac
 .igot.plt      0x20000024        0x0 C:/ST/STM32CubeIDE_1.15.0/STM32CubeIDE/plugins/com.st.stm32cube.ide.mcu.externaltools.gnu-tools-for-stm32.12.3.rel1.win32_1.0.100.202403111256/tools/bin/../lib/gcc/arm-none-eabi/12.3.1/thumb/v7-m/nofp/crtbegin.o
                0x20000024                        . = ALIGN (0x4)

.bss            0x20000024     0x1360 load address 0x080074ac
                0x20000024                        _sbss = .
                0x20000024                        __bss_start__ = _sbss
 *(.bss)
 .bss           0x20000024       0x1c C:/ST/STM32CubeIDE_1.15.0/STM32CubeIDE/plugins/com.st.stm32cube.ide.mcu.externaltools.gnu-tools-for-stm32.12.3.rel1.win32_1.0.100.202403111256/tools/bin/../lib/gcc/arm-none-eabi/12.3.1/thumb/v7-m/nofp/crtbegin.o
 *(.bss*)
 .bss.gyro_initialized
                0x20000040        0x4 ./Core/Src/gyro.o
                0x20000040                gyro_initialized
 .bss.Gz_offset
                0x20000044        0x4 ./Core/Src/gyro.o
                0x20000044                Gz_offset
 .bss.hadc1     0x20000048       0x48 ./Core/Src/main.o
                0x20000048                hadc1
 .bss.hdma_adc1
                0x20000090       0x60 ./Core/Src/main.o
                0x20000090                hdma_adc1
 .bss.hi2c1     0x200000f0       0x54 ./Core/Src/main.o
                0x200000f0                hi2c1
 .bss.htim1     0x20000144       0x48 ./Core/Src/main.o
                0x20000144                htim1
 .bss.htim3     0x2000018c       0x48 ./Core/Src/main.o
                0x2000018c                htim3
 .bss.htim7     0x200001d4       0x48 ./Core/Src/main.o
                0x200001d4                htim7
 .bss.htim8     0x2000021c       0x48 ./Core/Src/main.o
                0x2000021c                htim8
 .bss.htim10    0x20000264       0x48 ./Core/Src/main.o
                0x20000264                htim10
 .bss.B1        0x200002ac        0x1 ./Core/Src/main.o
                0x200002ac                B1
 .bss.B2        0x200002ad        0x1 ./Core/Src/main.o
                0x200002ad                B2
 .bss.left_counts
                0x200002ae        0x2 ./Core/Src/main.o
                0x200002ae                left_counts
 .bss.right_counts
                0x200002b0        0x2 ./Core/Src/main.o
                0x200002b0                right_counts
 *fill*         0x200002b2        0x2 
 .bss.ir_left   0x200002b4        0x4 ./Core/Src/main.o
                0x200002b4                ir_left
 .bss.ir_front_left
                0x200002b8        0x4 ./Core/Src/main.o
                0x200002b8                ir_front_left
 .bss.ir_front_right
                0x200002bc        0x4 ./Core/Src/main.o
                0x200002bc                ir_front_right
 .bss.ir_right  0x200002c0        0x4 ./Core/Src/main.o
                0x200002c0                ir_right
 .bss.adc_buf   0x200002c4     0x1000 ./Core/Src/main.o
                0x200002c4                adc_buf
 .bss.gyro_inited
                0x200012c4        0x1 ./Core/Src/main.o
                0x200012c4                gyro_inited
 .bss.start     0x200012c5        0x1 ./Core/Src/main.o
                0x200012c5                start
 *fill*         0x200012c6        0x2 
 .bss.temp_tick
                0x200012c8        0x4 ./Core/Src/main.o
                0x200012c8                temp_tick
 .bss.temp_adc  0x200012cc        0x4 ./Core/Src/main.o
                0x200012cc                temp_adc
 .bss.temp_left
                0x200012d0        0x4 ./Core/Src/main.o
                0x200012d0                temp_left
 .bss.temp_front_left
                0x200012d4        0x4 ./Core/Src/main.o
                0x200012d4                temp_front_left
 .bss.temp_front_right
                0x200012d8        0x4 ./Core/Src/main.o
                0x200012d8                temp_front_right
 .bss.temp_ir_right
                0x200012dc        0x4 ./Core/Src/main.o
                0x200012dc                temp_ir_right
 .bss.goal_distance
                0x200012e0        0x4 ./Core/Src/pid3.o
                0x200012e0                goal_distance
 .bss.goal_angle
                0x200012e4        0x4 ./Core/Src/pid3.o
                0x200012e4                goal_angle
 .bss.angle_error
                0x200012e8        0x4 ./Core/Src/pid3.o
                0x200012e8                angle_error
 .bss.old_angle_error
                0x200012ec        0x4 ./Core/Src/pid3.o
                0x200012ec                old_angle_error
 .bss.old_angle_errors
                0x200012f0       0x28 ./Core/Src/pid3.o
                0x200012f0                old_angle_errors
 .bss.angle_correction
                0x20001318        0x4 ./Core/Src/pid3.o
                0x20001318                angle_correction
 .bss.distance_error
                0x2000131c        0x4 ./Core/Src/pid3.o
                0x2000131c                distance_error
 .bss.old_distance_error
                0x20001320        0x4 ./Core/Src/pid3.o
                0x20001320                old_distance_error
 .bss.old_distance_errors
                0x20001324       0x28 ./Core/Src/pid3.o
                0x20001324                old_distance_errors
 .bss.distance_correction
                0x2000134c        0x4 ./Core/Src/pid3.o
                0x2000134c                distance_correction
 .bss.old_distance_correction
                0x20001350        0x4 ./Core/Src/pid3.o
                0x20001350                old_distance_correction
 .bss.IRadjustment
                0x20001354        0x4 ./Core/Src/pid3.o
                0x20001354                IRadjustment
 .bss.IRAngleOffset
                0x20001358        0x2 ./Core/Src/pid3.o
                0x20001358                IRAngleOffset
 .bss.goal_front_left
                0x2000135a        0x2 ./Core/Src/pid3.o
                0x2000135a                goal_front_left
 .bss.goal_front_right
                0x2000135c        0x2 ./Core/Src/pid3.o
                0x2000135c                goal_front_right
 .bss.goal_left
                0x2000135e        0x2 ./Core/Src/pid3.o
                0x2000135e                goal_left
 .bss.goal_right
                0x20001360        0x2 ./Core/Src/pid3.o
                0x20001360                goal_right
 *fill*         0x20001362        0x2 
 .bss.adjusted_angle
                0x20001364        0x4 ./Core/Src/pid3.o
                0x20001364                adjusted_angle
 .bss.state     0x20001368        0x1 ./Core/Src/pid3.o
                0x20001368                state
 *fill*         0x20001369        0x3 
 .bss.left_PWM_value
                0x2000136c        0x4 ./Core/Src/pid3.o
                0x2000136c                left_PWM_value
 .bss.right_PWM_value
                0x20001370        0x4 ./Core/Src/pid3.o
                0x20001370                right_PWM_value
 .bss.goal_reached_timer
                0x20001374        0x4 ./Core/Src/pid3.o
                0x20001374                goal_reached_timer
 .bss.gyro_angle
                0x20001378        0x4 ./Core/Src/pid3.o
                0x20001378                gyro_angle
 .bss.gyro_vel  0x2000137c        0x4 ./Core/Src/pid3.o
                0x2000137c                gyro_vel
 .bss.uwTick    0x20001380        0x4 ./Drivers/STM32F2xx_HAL_Driver/Src/stm32f2xx_hal.o
                0x20001380                uwTick
 *(COMMON)
                0x20001384                        . = ALIGN (0x4)
                0x20001384                        _ebss = .
                0x20001384                        __bss_end__ = _ebss

._user_heap_stack
                0x20001384      0x604 load address 0x080074ac
                0x20001388                        . = ALIGN (0x8)
 *fill*         0x20001384        0x4 
                [!provide]                        PROVIDE (end = .)
                0x20001388                        PROVIDE (_end = .)
                0x20001588                        . = (. + _Min_Heap_Size)
 *fill*         0x20001388      0x200 
                0x20001988                        . = (. + _Min_Stack_Size)
 *fill*         0x20001588      0x400 
                0x20001988                        . = ALIGN (0x8)

/DISCARD/
 libc.a(*)
 libm.a(*)
 libgcc.a(*)

.ARM.attributes
                0x00000000       0x29
 *(.ARM.attributes)
 .ARM.attributes
                0x00000000       0x1d C:/ST/STM32CubeIDE_1.15.0/STM32CubeIDE/plugins/com.st.stm32cube.ide.mcu.externaltools.gnu-tools-for-stm32.12.3.rel1.win32_1.0.100.202403111256/tools/bin/../lib/gcc/arm-none-eabi/12.3.1/thumb/v7-m/nofp/crti.o
 .ARM.attributes
                0x0000001d       0x2d C:/ST/STM32CubeIDE_1.15.0/STM32CubeIDE/plugins/com.st.stm32cube.ide.mcu.externaltools.gnu-tools-for-stm32.12.3.rel1.win32_1.0.100.202403111256/tools/bin/../lib/gcc/arm-none-eabi/12.3.1/thumb/v7-m/nofp/crtbegin.o
 .ARM.attributes
                0x0000004a       0x2d ./Core/Src/controller.o
 .ARM.attributes
                0x00000077       0x2d ./Core/Src/delay.o
 .ARM.attributes
                0x000000a4       0x2d ./Core/Src/encoders.o
 .ARM.attributes
                0x000000d1       0x2d ./Core/Src/gyro.o
 .ARM.attributes
                0x000000fe       0x2d ./Core/Src/main.o
 .ARM.attributes
                0x0000012b       0x2d ./Core/Src/motors.o
 .ARM.attributes
                0x00000158       0x2d ./Core/Src/pid3.o
 .ARM.attributes
                0x00000185       0x2d ./Core/Src/stm32f2xx_hal_msp.o
 .ARM.attributes
                0x000001b2       0x2d ./Core/Src/stm32f2xx_it.o
 .ARM.attributes
                0x000001df       0x2d ./Core/Src/system_stm32f2xx.o
 .ARM.attributes
                0x0000020c       0x2d ./Core/Src/utility.o
 .ARM.attributes
                0x00000239       0x21 ./Core/Startup/startup_stm32f205retx.o
 .ARM.attributes
                0x0000025a       0x2d ./Drivers/STM32F2xx_HAL_Driver/Src/stm32f2xx_hal.o
 .ARM.attributes
                0x00000287       0x2d ./Drivers/STM32F2xx_HAL_Driver/Src/stm32f2xx_hal_adc.o
 .ARM.attributes
                0x000002b4       0x2d ./Drivers/STM32F2xx_HAL_Driver/Src/stm32f2xx_hal_cortex.o
 .ARM.attributes
                0x000002e1       0x2d ./Drivers/STM32F2xx_HAL_Driver/Src/stm32f2xx_hal_dma.o
 .ARM.attributes
                0x0000030e       0x2d ./Drivers/STM32F2xx_HAL_Driver/Src/stm32f2xx_hal_gpio.o
 .ARM.attributes
                0x0000033b       0x2d ./Drivers/STM32F2xx_HAL_Driver/Src/stm32f2xx_hal_i2c.o
 .ARM.attributes
                0x00000368       0x2d ./Drivers/STM32F2xx_HAL_Driver/Src/stm32f2xx_hal_rcc.o
 .ARM.attributes
                0x00000395       0x2d ./Drivers/STM32F2xx_HAL_Driver/Src/stm32f2xx_hal_tim.o
 .ARM.attributes
                0x000003c2       0x2d ./Drivers/STM32F2xx_HAL_Driver/Src/stm32f2xx_hal_tim_ex.o
 .ARM.attributes
                0x000003ef       0x2d C:/ST/STM32CubeIDE_1.15.0/STM32CubeIDE/plugins/com.st.stm32cube.ide.mcu.externaltools.gnu-tools-for-stm32.12.3.rel1.win32_1.0.100.202403111256/tools/bin/../lib/gcc/arm-none-eabi/12.3.1/../../../../arm-none-eabi/lib/thumb/v7-m/nofp\libc_nano.a(libc_a-memset.o)
 .ARM.attributes
                0x0000041c       0x2d C:/ST/STM32CubeIDE_1.15.0/STM32CubeIDE/plugins/com.st.stm32cube.ide.mcu.externaltools.gnu-tools-for-stm32.12.3.rel1.win32_1.0.100.202403111256/tools/bin/../lib/gcc/arm-none-eabi/12.3.1/../../../../arm-none-eabi/lib/thumb/v7-m/nofp\libc_nano.a(libc_a-init.o)
 .ARM.attributes
                0x00000449       0x1d C:/ST/STM32CubeIDE_1.15.0/STM32CubeIDE/plugins/com.st.stm32cube.ide.mcu.externaltools.gnu-tools-for-stm32.12.3.rel1.win32_1.0.100.202403111256/tools/bin/../lib/gcc/arm-none-eabi/12.3.1/thumb/v7-m/nofp\libgcc.a(_arm_addsubdf3.o)
 .ARM.attributes
                0x00000466       0x1d C:/ST/STM32CubeIDE_1.15.0/STM32CubeIDE/plugins/com.st.stm32cube.ide.mcu.externaltools.gnu-tools-for-stm32.12.3.rel1.win32_1.0.100.202403111256/tools/bin/../lib/gcc/arm-none-eabi/12.3.1/thumb/v7-m/nofp\libgcc.a(_arm_muldivdf3.o)
 .ARM.attributes
                0x00000483       0x1d C:/ST/STM32CubeIDE_1.15.0/STM32CubeIDE/plugins/com.st.stm32cube.ide.mcu.externaltools.gnu-tools-for-stm32.12.3.rel1.win32_1.0.100.202403111256/tools/bin/../lib/gcc/arm-none-eabi/12.3.1/thumb/v7-m/nofp\libgcc.a(_arm_cmpdf2.o)
 .ARM.attributes
                0x000004a0       0x1d C:/ST/STM32CubeIDE_1.15.0/STM32CubeIDE/plugins/com.st.stm32cube.ide.mcu.externaltools.gnu-tools-for-stm32.12.3.rel1.win32_1.0.100.202403111256/tools/bin/../lib/gcc/arm-none-eabi/12.3.1/thumb/v7-m/nofp\libgcc.a(_arm_fixdfsi.o)
 .ARM.attributes
                0x000004bd       0x1d C:/ST/STM32CubeIDE_1.15.0/STM32CubeIDE/plugins/com.st.stm32cube.ide.mcu.externaltools.gnu-tools-for-stm32.12.3.rel1.win32_1.0.100.202403111256/tools/bin/../lib/gcc/arm-none-eabi/12.3.1/thumb/v7-m/nofp\libgcc.a(_arm_truncdfsf2.o)
 .ARM.attributes
                0x000004da       0x1d C:/ST/STM32CubeIDE_1.15.0/STM32CubeIDE/plugins/com.st.stm32cube.ide.mcu.externaltools.gnu-tools-for-stm32.12.3.rel1.win32_1.0.100.202403111256/tools/bin/../lib/gcc/arm-none-eabi/12.3.1/thumb/v7-m/nofp\libgcc.a(_arm_addsubsf3.o)
 .ARM.attributes
                0x000004f7       0x1d C:/ST/STM32CubeIDE_1.15.0/STM32CubeIDE/plugins/com.st.stm32cube.ide.mcu.externaltools.gnu-tools-for-stm32.12.3.rel1.win32_1.0.100.202403111256/tools/bin/../lib/gcc/arm-none-eabi/12.3.1/thumb/v7-m/nofp\libgcc.a(_arm_muldivsf3.o)
 .ARM.attributes
                0x00000514       0x1d C:/ST/STM32CubeIDE_1.15.0/STM32CubeIDE/plugins/com.st.stm32cube.ide.mcu.externaltools.gnu-tools-for-stm32.12.3.rel1.win32_1.0.100.202403111256/tools/bin/../lib/gcc/arm-none-eabi/12.3.1/thumb/v7-m/nofp\libgcc.a(_arm_cmpsf2.o)
 .ARM.attributes
                0x00000531       0x1d C:/ST/STM32CubeIDE_1.15.0/STM32CubeIDE/plugins/com.st.stm32cube.ide.mcu.externaltools.gnu-tools-for-stm32.12.3.rel1.win32_1.0.100.202403111256/tools/bin/../lib/gcc/arm-none-eabi/12.3.1/thumb/v7-m/nofp\libgcc.a(_arm_fixsfsi.o)
 .ARM.attributes
                0x0000054e       0x1d C:/ST/STM32CubeIDE_1.15.0/STM32CubeIDE/plugins/com.st.stm32cube.ide.mcu.externaltools.gnu-tools-for-stm32.12.3.rel1.win32_1.0.100.202403111256/tools/bin/../lib/gcc/arm-none-eabi/12.3.1/thumb/v7-m/nofp\libgcc.a(_arm_fixunssfsi.o)
 .ARM.attributes
                0x0000056b       0x1d C:/ST/STM32CubeIDE_1.15.0/STM32CubeIDE/plugins/com.st.stm32cube.ide.mcu.externaltools.gnu-tools-for-stm32.12.3.rel1.win32_1.0.100.202403111256/tools/bin/../lib/gcc/arm-none-eabi/12.3.1/thumb/v7-m/nofp\libgcc.a(_aeabi_uldivmod.o)
 .ARM.attributes
                0x00000588       0x2d C:/ST/STM32CubeIDE_1.15.0/STM32CubeIDE/plugins/com.st.stm32cube.ide.mcu.externaltools.gnu-tools-for-stm32.12.3.rel1.win32_1.0.100.202403111256/tools/bin/../lib/gcc/arm-none-eabi/12.3.1/thumb/v7-m/nofp\libgcc.a(_udivmoddi4.o)
 .ARM.attributes
                0x000005b5       0x1d C:/ST/STM32CubeIDE_1.15.0/STM32CubeIDE/plugins/com.st.stm32cube.ide.mcu.externaltools.gnu-tools-for-stm32.12.3.rel1.win32_1.0.100.202403111256/tools/bin/../lib/gcc/arm-none-eabi/12.3.1/thumb/v7-m/nofp\libgcc.a(_dvmd_tls.o)
 .ARM.attributes
                0x000005d2       0x1d C:/ST/STM32CubeIDE_1.15.0/STM32CubeIDE/plugins/com.st.stm32cube.ide.mcu.externaltools.gnu-tools-for-stm32.12.3.rel1.win32_1.0.100.202403111256/tools/bin/../lib/gcc/arm-none-eabi/12.3.1/thumb/v7-m/nofp/crtn.o
OUTPUT(menace.elf elf32-littlearm)
LOAD linker stubs
LOAD C:/ST/STM32CubeIDE_1.15.0/STM32CubeIDE/plugins/com.st.stm32cube.ide.mcu.externaltools.gnu-tools-for-stm32.12.3.rel1.win32_1.0.100.202403111256/tools/bin/../lib/gcc/arm-none-eabi/12.3.1/../../../../arm-none-eabi/lib/thumb/v7-m/nofp\libc.a
LOAD C:/ST/STM32CubeIDE_1.15.0/STM32CubeIDE/plugins/com.st.stm32cube.ide.mcu.externaltools.gnu-tools-for-stm32.12.3.rel1.win32_1.0.100.202403111256/tools/bin/../lib/gcc/arm-none-eabi/12.3.1/../../../../arm-none-eabi/lib/thumb/v7-m/nofp\libm.a
LOAD C:/ST/STM32CubeIDE_1.15.0/STM32CubeIDE/plugins/com.st.stm32cube.ide.mcu.externaltools.gnu-tools-for-stm32.12.3.rel1.win32_1.0.100.202403111256/tools/bin/../lib/gcc/arm-none-eabi/12.3.1/thumb/v7-m/nofp\libgcc.a

.debug_info     0x00000000     0xf2a0
 .debug_info    0x00000000      0x193 ./Core/Src/controller.o
 .debug_info    0x00000193      0x1fa ./Core/Src/delay.o
 .debug_info    0x0000038d      0x1f9 ./Core/Src/encoders.o
 .debug_info    0x00000586      0x7fa ./Core/Src/gyro.o
 .debug_info    0x00000d80     0x1c28 ./Core/Src/main.o
 .debug_info    0x000029a8      0x22b ./Core/Src/motors.o
 .debug_info    0x00002bd3      0x5c5 ./Core/Src/pid3.o
 .debug_info    0x00003198     0x1478 ./Core/Src/stm32f2xx_hal_msp.o
 .debug_info    0x00004610      0x73e ./Core/Src/stm32f2xx_it.o
 .debug_info    0x00004d4e      0x31f ./Core/Src/system_stm32f2xx.o
 .debug_info    0x0000506d      0x1e0 ./Core/Src/utility.o
 .debug_info    0x0000524d       0x30 ./Core/Startup/startup_stm32f205retx.o
 .debug_info    0x0000527d      0x9b1 ./Drivers/STM32F2xx_HAL_Driver/Src/stm32f2xx_hal.o
 .debug_info    0x00005c2e      0xcd0 ./Drivers/STM32F2xx_HAL_Driver/Src/stm32f2xx_hal_adc.o
 .debug_info    0x000068fe      0xd69 ./Drivers/STM32F2xx_HAL_Driver/Src/stm32f2xx_hal_cortex.o
 .debug_info    0x00007667      0x8e7 ./Drivers/STM32F2xx_HAL_Driver/Src/stm32f2xx_hal_dma.o
 .debug_info    0x00007f4e      0x68e ./Drivers/STM32F2xx_HAL_Driver/Src/stm32f2xx_hal_gpio.o
 .debug_info    0x000085dc     0x2415 ./Drivers/STM32F2xx_HAL_Driver/Src/stm32f2xx_hal_i2c.o
 .debug_info    0x0000a9f1      0xa39 ./Drivers/STM32F2xx_HAL_Driver/Src/stm32f2xx_hal_rcc.o
 .debug_info    0x0000b42a     0x299b ./Drivers/STM32F2xx_HAL_Driver/Src/stm32f2xx_hal_tim.o
 .debug_info    0x0000ddc5     0x14db ./Drivers/STM32F2xx_HAL_Driver/Src/stm32f2xx_hal_tim_ex.o

.debug_abbrev   0x00000000     0x281a
 .debug_abbrev  0x00000000      0x10f ./Core/Src/controller.o
 .debug_abbrev  0x0000010f       0xc3 ./Core/Src/delay.o
 .debug_abbrev  0x000001d2       0xb8 ./Core/Src/encoders.o
 .debug_abbrev  0x0000028a      0x1ed ./Core/Src/gyro.o
 .debug_abbrev  0x00000477      0x3a0 ./Core/Src/main.o
 .debug_abbrev  0x00000817       0xe7 ./Core/Src/motors.o
 .debug_abbrev  0x000008fe      0x1d6 ./Core/Src/pid3.o
 .debug_abbrev  0x00000ad4      0x271 ./Core/Src/stm32f2xx_hal_msp.o
 .debug_abbrev  0x00000d45      0x1ac ./Core/Src/stm32f2xx_it.o
 .debug_abbrev  0x00000ef1      0x11c ./Core/Src/system_stm32f2xx.o
 .debug_abbrev  0x0000100d       0xf8 ./Core/Src/utility.o
 .debug_abbrev  0x00001105       0x24 ./Core/Startup/startup_stm32f205retx.o
 .debug_abbrev  0x00001129      0x286 ./Drivers/STM32F2xx_HAL_Driver/Src/stm32f2xx_hal.o
 .debug_abbrev  0x000013af      0x28b ./Drivers/STM32F2xx_HAL_Driver/Src/stm32f2xx_hal_adc.o
 .debug_abbrev  0x0000163a      0x31c ./Drivers/STM32F2xx_HAL_Driver/Src/stm32f2xx_hal_cortex.o
 .debug_abbrev  0x00001956      0x264 ./Drivers/STM32F2xx_HAL_Driver/Src/stm32f2xx_hal_dma.o
 .debug_abbrev  0x00001bba      0x1cb ./Drivers/STM32F2xx_HAL_Driver/Src/stm32f2xx_hal_gpio.o
 .debug_abbrev  0x00001d85      0x2ad ./Drivers/STM32F2xx_HAL_Driver/Src/stm32f2xx_hal_i2c.o
 .debug_abbrev  0x00002032      0x2d6 ./Drivers/STM32F2xx_HAL_Driver/Src/stm32f2xx_hal_rcc.o
 .debug_abbrev  0x00002308      0x28f ./Drivers/STM32F2xx_HAL_Driver/Src/stm32f2xx_hal_tim.o
 .debug_abbrev  0x00002597      0x283 ./Drivers/STM32F2xx_HAL_Driver/Src/stm32f2xx_hal_tim_ex.o

.debug_aranges  0x00000000      0xfc0
 .debug_aranges
                0x00000000       0x30 ./Core/Src/controller.o
 .debug_aranges
                0x00000030       0x20 ./Core/Src/delay.o
 .debug_aranges
                0x00000050       0x30 ./Core/Src/encoders.o
 .debug_aranges
                0x00000080       0x28 ./Core/Src/gyro.o
 .debug_aranges
                0x000000a8       0xa0 ./Core/Src/main.o
 .debug_aranges
                0x00000148       0x38 ./Core/Src/motors.o
 .debug_aranges
                0x00000180       0x60 ./Core/Src/pid3.o
 .debug_aranges
                0x000001e0       0x78 ./Core/Src/stm32f2xx_hal_msp.o
 .debug_aranges
                0x00000258       0x78 ./Core/Src/stm32f2xx_it.o
 .debug_aranges
                0x000002d0       0x28 ./Core/Src/system_stm32f2xx.o
 .debug_aranges
                0x000002f8       0x50 ./Core/Src/utility.o
 .debug_aranges
                0x00000348       0x28 ./Core/Startup/startup_stm32f205retx.o
 .debug_aranges
                0x00000370       0xf0 ./Drivers/STM32F2xx_HAL_Driver/Src/stm32f2xx_hal.o
 .debug_aranges
                0x00000460       0xe8 ./Drivers/STM32F2xx_HAL_Driver/Src/stm32f2xx_hal_adc.o
 .debug_aranges
                0x00000548      0x128 ./Drivers/STM32F2xx_HAL_Driver/Src/stm32f2xx_hal_cortex.o
 .debug_aranges
                0x00000670       0x90 ./Drivers/STM32F2xx_HAL_Driver/Src/stm32f2xx_hal_dma.o
 .debug_aranges
                0x00000700       0x58 ./Drivers/STM32F2xx_HAL_Driver/Src/stm32f2xx_hal_gpio.o
 .debug_aranges
                0x00000758      0x2a8 ./Drivers/STM32F2xx_HAL_Driver/Src/stm32f2xx_hal_i2c.o
 .debug_aranges
                0x00000a00       0x88 ./Drivers/STM32F2xx_HAL_Driver/Src/stm32f2xx_hal_rcc.o
 .debug_aranges
                0x00000a88      0x3d0 ./Drivers/STM32F2xx_HAL_Driver/Src/stm32f2xx_hal_tim.o
 .debug_aranges
                0x00000e58      0x168 ./Drivers/STM32F2xx_HAL_Driver/Src/stm32f2xx_hal_tim_ex.o

.debug_rnglists
                0x00000000      0xc3a
 .debug_rnglists
                0x00000000       0x1f ./Core/Src/controller.o
 .debug_rnglists
                0x0000001f       0x13 ./Core/Src/delay.o
 .debug_rnglists
                0x00000032       0x1f ./Core/Src/encoders.o
 .debug_rnglists
                0x00000051       0x1b ./Core/Src/gyro.o
 .debug_rnglists
                0x0000006c       0x7c ./Core/Src/main.o
 .debug_rnglists
                0x000000e8       0x25 ./Core/Src/motors.o
 .debug_rnglists
                0x0000010d       0x47 ./Core/Src/pid3.o
 .debug_rnglists
                0x00000154       0x59 ./Core/Src/stm32f2xx_hal_msp.o
 .debug_rnglists
                0x000001ad       0x55 ./Core/Src/stm32f2xx_it.o
 .debug_rnglists
                0x00000202       0x1a ./Core/Src/system_stm32f2xx.o
 .debug_rnglists
                0x0000021c       0x37 ./Core/Src/utility.o
 .debug_rnglists
                0x00000253       0x19 ./Core/Startup/startup_stm32f205retx.o
 .debug_rnglists
                0x0000026c       0xaf ./Drivers/STM32F2xx_HAL_Driver/Src/stm32f2xx_hal.o
 .debug_rnglists
                0x0000031b       0xb5 ./Drivers/STM32F2xx_HAL_Driver/Src/stm32f2xx_hal_adc.o
 .debug_rnglists
                0x000003d0       0xd9 ./Drivers/STM32F2xx_HAL_Driver/Src/stm32f2xx_hal_cortex.o
 .debug_rnglists
                0x000004a9       0x70 ./Drivers/STM32F2xx_HAL_Driver/Src/stm32f2xx_hal_dma.o
 .debug_rnglists
                0x00000519       0x3f ./Drivers/STM32F2xx_HAL_Driver/Src/stm32f2xx_hal_gpio.o
 .debug_rnglists
                0x00000558      0x23c ./Drivers/STM32F2xx_HAL_Driver/Src/stm32f2xx_hal_i2c.o
 .debug_rnglists
                0x00000794       0x67 ./Drivers/STM32F2xx_HAL_Driver/Src/stm32f2xx_hal_rcc.o
 .debug_rnglists
                0x000007fb      0x31a ./Drivers/STM32F2xx_HAL_Driver/Src/stm32f2xx_hal_tim.o
 .debug_rnglists
                0x00000b15      0x125 ./Drivers/STM32F2xx_HAL_Driver/Src/stm32f2xx_hal_tim_ex.o

.debug_macro    0x00000000    0x1f704
 .debug_macro   0x00000000      0x2c4 ./Core/Src/controller.o
 .debug_macro   0x000002c4      0xaa8 ./Core/Src/controller.o
 .debug_macro   0x00000d6c      0x244 ./Core/Src/controller.o
 .debug_macro   0x00000fb0       0x2e ./Core/Src/controller.o
 .debug_macro   0x00000fde       0x22 ./Core/Src/controller.o
 .debug_macro   0x00001000       0x22 ./Core/Src/controller.o
 .debug_macro   0x00001022       0x8e ./Core/Src/controller.o
 .debug_macro   0x000010b0       0x51 ./Core/Src/controller.o
 .debug_macro   0x00001101      0x103 ./Core/Src/controller.o
 .debug_macro   0x00001204       0x6a ./Core/Src/controller.o
 .debug_macro   0x0000126e      0x1df ./Core/Src/controller.o
 .debug_macro   0x0000144d       0x1c ./Core/Src/controller.o
 .debug_macro   0x00001469       0x22 ./Core/Src/controller.o
 .debug_macro   0x0000148b       0xbd ./Core/Src/controller.o
 .debug_macro   0x00001548      0xe49 ./Core/Src/controller.o
 .debug_macro   0x00002391      0x11f ./Core/Src/controller.o
 .debug_macro   0x000024b0    0x133fd ./Core/Src/controller.o
 .debug_macro   0x000158ad       0x6d ./Core/Src/controller.o
 .debug_macro   0x0001591a     0x35b3 ./Core/Src/controller.o
 .debug_macro   0x00018ecd      0x189 ./Core/Src/controller.o
 .debug_macro   0x00019056       0x55 ./Core/Src/controller.o
 .debug_macro   0x000190ab     0x1056 ./Core/Src/controller.o
 .debug_macro   0x0001a101       0x4a ./Core/Src/controller.o
 .debug_macro   0x0001a14b      0x170 ./Core/Src/controller.o
 .debug_macro   0x0001a2bb      0x115 ./Core/Src/controller.o
 .debug_macro   0x0001a3d0       0xfa ./Core/Src/controller.o
 .debug_macro   0x0001a4ca       0xa5 ./Core/Src/controller.o
 .debug_macro   0x0001a56f      0x16a ./Core/Src/controller.o
 .debug_macro   0x0001a6d9      0x287 ./Core/Src/controller.o
 .debug_macro   0x0001a960       0x5f ./Core/Src/controller.o
 .debug_macro   0x0001a9bf      0x236 ./Core/Src/controller.o
 .debug_macro   0x0001abf5      0x37c ./Core/Src/controller.o
 .debug_macro   0x0001af71      0x16f ./Core/Src/controller.o
 .debug_macro   0x0001b0e0       0xf9 ./Core/Src/controller.o
 .debug_macro   0x0001b1d9      0x126 ./Core/Src/controller.o
 .debug_macro   0x0001b2ff      0x216 ./Core/Src/controller.o
 .debug_macro   0x0001b515       0x2e ./Core/Src/controller.o
 .debug_macro   0x0001b543      0x287 ./Core/Src/controller.o
 .debug_macro   0x0001b7ca      0x113 ./Core/Src/controller.o
 .debug_macro   0x0001b8dd       0x22 ./Core/Src/controller.o
 .debug_macro   0x0001b8ff       0x82 ./Core/Src/controller.o
 .debug_macro   0x0001b981      0x8ed ./Core/Src/controller.o
 .debug_macro   0x0001c26e       0x4c ./Core/Src/controller.o
 .debug_macro   0x0001c2ba      0x12d ./Core/Src/controller.o
 .debug_macro   0x0001c3e7      0x10c ./Core/Src/controller.o
 .debug_macro   0x0001c4f3       0x16 ./Core/Src/controller.o
 .debug_macro   0x0001c509       0x10 ./Core/Src/controller.o
 .debug_macro   0x0001c519       0x61 ./Core/Src/controller.o
 .debug_macro   0x0001c57a       0x24 ./Core/Src/controller.o
 .debug_macro   0x0001c59e       0x43 ./Core/Src/controller.o
 .debug_macro   0x0001c5e1       0x34 ./Core/Src/controller.o
 .debug_macro   0x0001c615       0x16 ./Core/Src/controller.o
 .debug_macro   0x0001c62b       0x43 ./Core/Src/controller.o
 .debug_macro   0x0001c66e       0x34 ./Core/Src/controller.o
 .debug_macro   0x0001c6a2       0x10 ./Core/Src/controller.o
 .debug_macro   0x0001c6b2       0x58 ./Core/Src/controller.o
 .debug_macro   0x0001c70a       0x8e ./Core/Src/controller.o
 .debug_macro   0x0001c798       0x1c ./Core/Src/controller.o
 .debug_macro   0x0001c7b4      0x177 ./Core/Src/controller.o
 .debug_macro   0x0001c92b      0x369 ./Core/Src/controller.o
 .debug_macro   0x0001cc94      0x19b ./Core/Src/controller.o
 .debug_macro   0x0001ce2f      0x1f9 ./Core/Src/delay.o
 .debug_macro   0x0001d028      0x1f9 ./Core/Src/encoders.o
 .debug_macro   0x0001d221      0x20c ./Core/Src/gyro.o
 .debug_macro   0x0001d42d       0x58 ./Core/Src/gyro.o
 .debug_macro   0x0001d485      0x23c ./Core/Src/main.o
 .debug_macro   0x0001d6c1       0x5e ./Core/Src/main.o
 .debug_macro   0x0001d71f      0x1f8 ./Core/Src/motors.o
 .debug_macro   0x0001d917      0x2d8 ./Core/Src/pid3.o
 .debug_macro   0x0001dbef       0x5b ./Core/Src/pid3.o
 .debug_macro   0x0001dc4a       0x94 ./Core/Src/pid3.o
 .debug_macro   0x0001dcde       0x57 ./Core/Src/pid3.o
 .debug_macro   0x0001dd35       0x4f ./Core/Src/pid3.o
 .debug_macro   0x0001dd84      0x1ef ./Core/Src/stm32f2xx_hal_msp.o
 .debug_macro   0x0001df73      0x1f9 ./Core/Src/stm32f2xx_it.o
 .debug_macro   0x0001e16c      0x1e0 ./Core/Src/system_stm32f2xx.o
 .debug_macro   0x0001e34c      0x203 ./Core/Src/utility.o
 .debug_macro   0x0001e54f      0x22e ./Drivers/STM32F2xx_HAL_Driver/Src/stm32f2xx_hal.o
 .debug_macro   0x0001e77d      0x1e1 ./Drivers/STM32F2xx_HAL_Driver/Src/stm32f2xx_hal_adc.o
 .debug_macro   0x0001e95e      0x1e0 ./Drivers/STM32F2xx_HAL_Driver/Src/stm32f2xx_hal_cortex.o
 .debug_macro   0x0001eb3e      0x1e6 ./Drivers/STM32F2xx_HAL_Driver/Src/stm32f2xx_hal_dma.o
 .debug_macro   0x0001ed24      0x1e7 ./Drivers/STM32F2xx_HAL_Driver/Src/stm32f2xx_hal_gpio.o
 .debug_macro   0x0001ef0b      0x22e ./Drivers/STM32F2xx_HAL_Driver/Src/stm32f2xx_hal_i2c.o
 .debug_macro   0x0001f139      0x20a ./Drivers/STM32F2xx_HAL_Driver/Src/stm32f2xx_hal_rcc.o
 .debug_macro   0x0001f343      0x1e1 ./Drivers/STM32F2xx_HAL_Driver/Src/stm32f2xx_hal_tim.o
 .debug_macro   0x0001f524      0x1e0 ./Drivers/STM32F2xx_HAL_Driver/Src/stm32f2xx_hal_tim_ex.o

.debug_line     0x00000000    0x145b3
 .debug_line    0x00000000      0x93e ./Core/Src/controller.o
 .debug_line    0x0000093e      0x780 ./Core/Src/delay.o
 .debug_line    0x000010be      0x7a2 ./Core/Src/encoders.o
 .debug_line    0x00001860      0x893 ./Core/Src/gyro.o
 .debug_line    0x000020f3      0xcc5 ./Core/Src/main.o
 .debug_line    0x00002db8      0x810 ./Core/Src/motors.o
 .debug_line    0x000035c8      0xbe7 ./Core/Src/pid3.o
 .debug_line    0x000041af      0x96e ./Core/Src/stm32f2xx_hal_msp.o
 .debug_line    0x00004b1d      0x86a ./Core/Src/stm32f2xx_it.o
 .debug_line    0x00005387      0x7da ./Core/Src/system_stm32f2xx.o
 .debug_line    0x00005b61      0x816 ./Core/Src/utility.o
 .debug_line    0x00006377       0x7a ./Core/Startup/startup_stm32f205retx.o
 .debug_line    0x000063f1      0xa77 ./Drivers/STM32F2xx_HAL_Driver/Src/stm32f2xx_hal.o
 .debug_line    0x00006e68     0x11d1 ./Drivers/STM32F2xx_HAL_Driver/Src/stm32f2xx_hal_adc.o
 .debug_line    0x00008039      0xd22 ./Drivers/STM32F2xx_HAL_Driver/Src/stm32f2xx_hal_cortex.o
 .debug_line    0x00008d5b      0xfbb ./Drivers/STM32F2xx_HAL_Driver/Src/stm32f2xx_hal_dma.o
 .debug_line    0x00009d16      0xbdd ./Drivers/STM32F2xx_HAL_Driver/Src/stm32f2xx_hal_gpio.o
 .debug_line    0x0000a8f3     0x3b8c ./Drivers/STM32F2xx_HAL_Driver/Src/stm32f2xx_hal_i2c.o
 .debug_line    0x0000e47f      0xf06 ./Drivers/STM32F2xx_HAL_Driver/Src/stm32f2xx_hal_rcc.o
 .debug_line    0x0000f385     0x37ef ./Drivers/STM32F2xx_HAL_Driver/Src/stm32f2xx_hal_tim.o
 .debug_line    0x00012b74     0x1a3f ./Drivers/STM32F2xx_HAL_Driver/Src/stm32f2xx_hal_tim_ex.o

.debug_str      0x00000000    0xbd314
 .debug_str     0x00000000    0xb871b ./Core/Src/controller.o
                              0xb8a03 (size before relaxing)
 .debug_str     0x000b871b       0x5f ./Core/Src/delay.o
                              0xb50c8 (size before relaxing)
 .debug_str     0x000b877a       0x50 ./Core/Src/encoders.o
                              0xb50e4 (size before relaxing)
 .debug_str     0x000b87ca      0x673 ./Core/Src/gyro.o
                              0xb5741 (size before relaxing)
 .debug_str     0x000b8e3d     0x1117 ./Core/Src/main.o
                              0xb692d (size before relaxing)
 .debug_str     0x000b9f54       0x44 ./Core/Src/motors.o
                              0xb50ed (size before relaxing)
 .debug_str     0x000b9f98      0x1fc ./Core/Src/pid3.o
                              0xb8d99 (size before relaxing)
 .debug_str     0x000ba194      0x162 ./Core/Src/stm32f2xx_hal_msp.o
                              0xb61c1 (size before relaxing)
 .debug_str     0x000ba2f6      0x130 ./Core/Src/stm32f2xx_it.o
                              0xb56ab (size before relaxing)
 .debug_str     0x000ba426       0x87 ./Core/Src/system_stm32f2xx.o
                              0xb4cb9 (size before relaxing)
 .debug_str     0x000ba4ad       0xc6 ./Core/Src/utility.o
                              0xb513c (size before relaxing)
 .debug_str     0x000ba573       0x44 ./Core/Startup/startup_stm32f205retx.o
                                 0x8a (size before relaxing)
 .debug_str     0x000ba5b7      0x56d ./Drivers/STM32F2xx_HAL_Driver/Src/stm32f2xx_hal.o
                              0xb57e4 (size before relaxing)
 .debug_str     0x000bab24      0x292 ./Drivers/STM32F2xx_HAL_Driver/Src/stm32f2xx_hal_adc.o
                              0xb5300 (size before relaxing)
 .debug_str     0x000badb6      0x3b2 ./Drivers/STM32F2xx_HAL_Driver/Src/stm32f2xx_hal_cortex.o
                              0xb55db (size before relaxing)
 .debug_str     0x000bb168      0x2d5 ./Drivers/STM32F2xx_HAL_Driver/Src/stm32f2xx_hal_dma.o
                              0xb5127 (size before relaxing)
 .debug_str     0x000bb43d      0x109 ./Drivers/STM32F2xx_HAL_Driver/Src/stm32f2xx_hal_gpio.o
                              0xb4e77 (size before relaxing)
 .debug_str     0x000bb546      0xb46 ./Drivers/STM32F2xx_HAL_Driver/Src/stm32f2xx_hal_i2c.o
                              0xb5d2b (size before relaxing)
 .debug_str     0x000bc08c      0x23c ./Drivers/STM32F2xx_HAL_Driver/Src/stm32f2xx_hal_rcc.o
                              0xb516b (size before relaxing)
 .debug_str     0x000bc2c8      0xc6b ./Drivers/STM32F2xx_HAL_Driver/Src/stm32f2xx_hal_tim.o
                              0xb6097 (size before relaxing)
 .debug_str     0x000bcf33      0x3e1 ./Drivers/STM32F2xx_HAL_Driver/Src/stm32f2xx_hal_tim_ex.o
                              0xb58a3 (size before relaxing)

.comment        0x00000000       0x43
 .comment       0x00000000       0x43 ./Core/Src/controller.o
                                 0x44 (size before relaxing)
 .comment       0x00000043       0x44 ./Core/Src/delay.o
 .comment       0x00000043       0x44 ./Core/Src/encoders.o
 .comment       0x00000043       0x44 ./Core/Src/gyro.o
 .comment       0x00000043       0x44 ./Core/Src/main.o
 .comment       0x00000043       0x44 ./Core/Src/motors.o
 .comment       0x00000043       0x44 ./Core/Src/pid3.o
 .comment       0x00000043       0x44 ./Core/Src/stm32f2xx_hal_msp.o
 .comment       0x00000043       0x44 ./Core/Src/stm32f2xx_it.o
 .comment       0x00000043       0x44 ./Core/Src/system_stm32f2xx.o
 .comment       0x00000043       0x44 ./Core/Src/utility.o
 .comment       0x00000043       0x44 ./Drivers/STM32F2xx_HAL_Driver/Src/stm32f2xx_hal.o
 .comment       0x00000043       0x44 ./Drivers/STM32F2xx_HAL_Driver/Src/stm32f2xx_hal_adc.o
 .comment       0x00000043       0x44 ./Drivers/STM32F2xx_HAL_Driver/Src/stm32f2xx_hal_cortex.o
 .comment       0x00000043       0x44 ./Drivers/STM32F2xx_HAL_Driver/Src/stm32f2xx_hal_dma.o
 .comment       0x00000043       0x44 ./Drivers/STM32F2xx_HAL_Driver/Src/stm32f2xx_hal_gpio.o
 .comment       0x00000043       0x44 ./Drivers/STM32F2xx_HAL_Driver/Src/stm32f2xx_hal_i2c.o
 .comment       0x00000043       0x44 ./Drivers/STM32F2xx_HAL_Driver/Src/stm32f2xx_hal_rcc.o
 .comment       0x00000043       0x44 ./Drivers/STM32F2xx_HAL_Driver/Src/stm32f2xx_hal_tim.o
 .comment       0x00000043       0x44 ./Drivers/STM32F2xx_HAL_Driver/Src/stm32f2xx_hal_tim_ex.o

.debug_frame    0x00000000     0x4500
 .debug_frame   0x00000000       0x74 ./Core/Src/controller.o
 .debug_frame   0x00000074       0x38 ./Core/Src/delay.o
 .debug_frame   0x000000ac       0x70 ./Core/Src/encoders.o
 .debug_frame   0x0000011c       0x5c ./Core/Src/gyro.o
 .debug_frame   0x00000178      0x248 ./Core/Src/main.o
 .debug_frame   0x000003c0       0xa0 ./Core/Src/motors.o
 .debug_frame   0x00000460      0x158 ./Core/Src/pid3.o
 .debug_frame   0x000005b8      0x1c8 ./Core/Src/stm32f2xx_hal_msp.o
 .debug_frame   0x00000780      0x158 ./Core/Src/stm32f2xx_it.o
 .debug_frame   0x000008d8       0x58 ./Core/Src/system_stm32f2xx.o
 .debug_frame   0x00000930      0x100 ./Core/Src/utility.o
 .debug_frame   0x00000a30      0x384 ./Drivers/STM32F2xx_HAL_Driver/Src/stm32f2xx_hal.o
 .debug_frame   0x00000db4      0x3fc ./Drivers/STM32F2xx_HAL_Driver/Src/stm32f2xx_hal_adc.o
 .debug_frame   0x000011b0      0x4e8 ./Drivers/STM32F2xx_HAL_Driver/Src/stm32f2xx_hal_cortex.o
 .debug_frame   0x00001698      0x250 ./Drivers/STM32F2xx_HAL_Driver/Src/stm32f2xx_hal_dma.o
 .debug_frame   0x000018e8      0x14c ./Drivers/STM32F2xx_HAL_Driver/Src/stm32f2xx_hal_gpio.o
 .debug_frame   0x00001a34      0xc84 ./Drivers/STM32F2xx_HAL_Driver/Src/stm32f2xx_hal_i2c.o
 .debug_frame   0x000026b8      0x208 ./Drivers/STM32F2xx_HAL_Driver/Src/stm32f2xx_hal_rcc.o
 .debug_frame   0x000028c0     0x11c0 ./Drivers/STM32F2xx_HAL_Driver/Src/stm32f2xx_hal_tim.o
 .debug_frame   0x00003a80      0x638 ./Drivers/STM32F2xx_HAL_Driver/Src/stm32f2xx_hal_tim_ex.o
 .debug_frame   0x000040b8       0x20 C:/ST/STM32CubeIDE_1.15.0/STM32CubeIDE/plugins/com.st.stm32cube.ide.mcu.externaltools.gnu-tools-for-stm32.12.3.rel1.win32_1.0.100.202403111256/tools/bin/../lib/gcc/arm-none-eabi/12.3.1/../../../../arm-none-eabi/lib/thumb/v7-m/nofp\libc_nano.a(libc_a-memset.o)
 .debug_frame   0x000040d8       0x2c C:/ST/STM32CubeIDE_1.15.0/STM32CubeIDE/plugins/com.st.stm32cube.ide.mcu.externaltools.gnu-tools-for-stm32.12.3.rel1.win32_1.0.100.202403111256/tools/bin/../lib/gcc/arm-none-eabi/12.3.1/../../../../arm-none-eabi/lib/thumb/v7-m/nofp\libc_nano.a(libc_a-init.o)
 .debug_frame   0x00004104       0xac C:/ST/STM32CubeIDE_1.15.0/STM32CubeIDE/plugins/com.st.stm32cube.ide.mcu.externaltools.gnu-tools-for-stm32.12.3.rel1.win32_1.0.100.202403111256/tools/bin/../lib/gcc/arm-none-eabi/12.3.1/thumb/v7-m/nofp\libgcc.a(_arm_addsubdf3.o)
 .debug_frame   0x000041b0       0x50 C:/ST/STM32CubeIDE_1.15.0/STM32CubeIDE/plugins/com.st.stm32cube.ide.mcu.externaltools.gnu-tools-for-stm32.12.3.rel1.win32_1.0.100.202403111256/tools/bin/../lib/gcc/arm-none-eabi/12.3.1/thumb/v7-m/nofp\libgcc.a(_arm_muldivdf3.o)
 .debug_frame   0x00004200       0xc4 C:/ST/STM32CubeIDE_1.15.0/STM32CubeIDE/plugins/com.st.stm32cube.ide.mcu.externaltools.gnu-tools-for-stm32.12.3.rel1.win32_1.0.100.202403111256/tools/bin/../lib/gcc/arm-none-eabi/12.3.1/thumb/v7-m/nofp\libgcc.a(_arm_cmpdf2.o)
 .debug_frame   0x000042c4       0x24 C:/ST/STM32CubeIDE_1.15.0/STM32CubeIDE/plugins/com.st.stm32cube.ide.mcu.externaltools.gnu-tools-for-stm32.12.3.rel1.win32_1.0.100.202403111256/tools/bin/../lib/gcc/arm-none-eabi/12.3.1/thumb/v7-m/nofp\libgcc.a(_arm_fixdfsi.o)
 .debug_frame   0x000042e8       0x24 C:/ST/STM32CubeIDE_1.15.0/STM32CubeIDE/plugins/com.st.stm32cube.ide.mcu.externaltools.gnu-tools-for-stm32.12.3.rel1.win32_1.0.100.202403111256/tools/bin/../lib/gcc/arm-none-eabi/12.3.1/thumb/v7-m/nofp\libgcc.a(_arm_truncdfsf2.o)
 .debug_frame   0x0000430c       0x4c C:/ST/STM32CubeIDE_1.15.0/STM32CubeIDE/plugins/com.st.stm32cube.ide.mcu.externaltools.gnu-tools-for-stm32.12.3.rel1.win32_1.0.100.202403111256/tools/bin/../lib/gcc/arm-none-eabi/12.3.1/thumb/v7-m/nofp\libgcc.a(_arm_addsubsf3.o)
 .debug_frame   0x00004358       0x38 C:/ST/STM32CubeIDE_1.15.0/STM32CubeIDE/plugins/com.st.stm32cube.ide.mcu.externaltools.gnu-tools-for-stm32.12.3.rel1.win32_1.0.100.202403111256/tools/bin/../lib/gcc/arm-none-eabi/12.3.1/thumb/v7-m/nofp\libgcc.a(_arm_muldivsf3.o)
 .debug_frame   0x00004390       0xc8 C:/ST/STM32CubeIDE_1.15.0/STM32CubeIDE/plugins/com.st.stm32cube.ide.mcu.externaltools.gnu-tools-for-stm32.12.3.rel1.win32_1.0.100.202403111256/tools/bin/../lib/gcc/arm-none-eabi/12.3.1/thumb/v7-m/nofp\libgcc.a(_arm_cmpsf2.o)
 .debug_frame   0x00004458       0x24 C:/ST/STM32CubeIDE_1.15.0/STM32CubeIDE/plugins/com.st.stm32cube.ide.mcu.externaltools.gnu-tools-for-stm32.12.3.rel1.win32_1.0.100.202403111256/tools/bin/../lib/gcc/arm-none-eabi/12.3.1/thumb/v7-m/nofp\libgcc.a(_arm_fixsfsi.o)
 .debug_frame   0x0000447c       0x24 C:/ST/STM32CubeIDE_1.15.0/STM32CubeIDE/plugins/com.st.stm32cube.ide.mcu.externaltools.gnu-tools-for-stm32.12.3.rel1.win32_1.0.100.202403111256/tools/bin/../lib/gcc/arm-none-eabi/12.3.1/thumb/v7-m/nofp\libgcc.a(_arm_fixunssfsi.o)
 .debug_frame   0x000044a0       0x2c C:/ST/STM32CubeIDE_1.15.0/STM32CubeIDE/plugins/com.st.stm32cube.ide.mcu.externaltools.gnu-tools-for-stm32.12.3.rel1.win32_1.0.100.202403111256/tools/bin/../lib/gcc/arm-none-eabi/12.3.1/thumb/v7-m/nofp\libgcc.a(_aeabi_uldivmod.o)
 .debug_frame   0x000044cc       0x34 C:/ST/STM32CubeIDE_1.15.0/STM32CubeIDE/plugins/com.st.stm32cube.ide.mcu.externaltools.gnu-tools-for-stm32.12.3.rel1.win32_1.0.100.202403111256/tools/bin/../lib/gcc/arm-none-eabi/12.3.1/thumb/v7-m/nofp\libgcc.a(_udivmoddi4.o)

.debug_line_str
                0x00000000       0x6e
 .debug_line_str
                0x00000000       0x6e ./Core/Startup/startup_stm32f205retx.o
