Archive member included to satisfy reference by file (symbol)

C:/ST/STM32CubeIDE_1.15.0/STM32CubeIDE/plugins/com.st.stm32cube.ide.mcu.externaltools.gnu-tools-for-stm32.12.3.rel1.win32_1.0.100.202403111256/tools/bin/../lib/gcc/arm-none-eabi/12.3.1/../../../../arm-none-eabi/lib/thumb/v7-m/nofp\libc_nano.a(libc_a-exit.o)
                              C:/ST/STM32CubeIDE_1.15.0/STM32CubeIDE/plugins/com.st.stm32cube.ide.mcu.externaltools.gnu-tools-for-stm32.12.3.rel1.win32_1.0.100.202403111256/tools/bin/../lib/gcc/arm-none-eabi/12.3.1/../../../../arm-none-eabi/lib/thumb/v7-m/nofp/crt0.o (exit)
C:/ST/STM32CubeIDE_1.15.0/STM32CubeIDE/plugins/com.st.stm32cube.ide.mcu.externaltools.gnu-tools-for-stm32.12.3.rel1.win32_1.0.100.202403111256/tools/bin/../lib/gcc/arm-none-eabi/12.3.1/../../../../arm-none-eabi/lib/thumb/v7-m/nofp\libc_nano.a(libc_a-malloc.o)
                              ./Core/Src/solver.o (malloc)
C:/ST/STM32CubeIDE_1.15.0/STM32CubeIDE/plugins/com.st.stm32cube.ide.mcu.externaltools.gnu-tools-for-stm32.12.3.rel1.win32_1.0.100.202403111256/tools/bin/../lib/gcc/arm-none-eabi/12.3.1/../../../../arm-none-eabi/lib/thumb/v7-m/nofp\libc_nano.a(libc_a-mallocr.o)
                              C:/ST/STM32CubeIDE_1.15.0/STM32CubeIDE/plugins/com.st.stm32cube.ide.mcu.externaltools.gnu-tools-for-stm32.12.3.rel1.win32_1.0.100.202403111256/tools/bin/../lib/gcc/arm-none-eabi/12.3.1/../../../../arm-none-eabi/lib/thumb/v7-m/nofp\libc_nano.a(libc_a-malloc.o) (_malloc_r)
C:/ST/STM32CubeIDE_1.15.0/STM32CubeIDE/plugins/com.st.stm32cube.ide.mcu.externaltools.gnu-tools-for-stm32.12.3.rel1.win32_1.0.100.202403111256/tools/bin/../lib/gcc/arm-none-eabi/12.3.1/../../../../arm-none-eabi/lib/thumb/v7-m/nofp\libc_nano.a(libc_a-mlock.o)
                              C:/ST/STM32CubeIDE_1.15.0/STM32CubeIDE/plugins/com.st.stm32cube.ide.mcu.externaltools.gnu-tools-for-stm32.12.3.rel1.win32_1.0.100.202403111256/tools/bin/../lib/gcc/arm-none-eabi/12.3.1/../../../../arm-none-eabi/lib/thumb/v7-m/nofp\libc_nano.a(libc_a-mallocr.o) (__malloc_lock)
C:/ST/STM32CubeIDE_1.15.0/STM32CubeIDE/plugins/com.st.stm32cube.ide.mcu.externaltools.gnu-tools-for-stm32.12.3.rel1.win32_1.0.100.202403111256/tools/bin/../lib/gcc/arm-none-eabi/12.3.1/../../../../arm-none-eabi/lib/thumb/v7-m/nofp\libc_nano.a(libc_a-findfp.o)
                              C:/ST/STM32CubeIDE_1.15.0/STM32CubeIDE/plugins/com.st.stm32cube.ide.mcu.externaltools.gnu-tools-for-stm32.12.3.rel1.win32_1.0.100.202403111256/tools/bin/../lib/gcc/arm-none-eabi/12.3.1/../../../../arm-none-eabi/lib/thumb/v7-m/nofp\libc_nano.a(libc_a-exit.o) (__stdio_exit_handler)
C:/ST/STM32CubeIDE_1.15.0/STM32CubeIDE/plugins/com.st.stm32cube.ide.mcu.externaltools.gnu-tools-for-stm32.12.3.rel1.win32_1.0.100.202403111256/tools/bin/../lib/gcc/arm-none-eabi/12.3.1/../../../../arm-none-eabi/lib/thumb/v7-m/nofp\libc_nano.a(libc_a-fwalk.o)
                              C:/ST/STM32CubeIDE_1.15.0/STM32CubeIDE/plugins/com.st.stm32cube.ide.mcu.externaltools.gnu-tools-for-stm32.12.3.rel1.win32_1.0.100.202403111256/tools/bin/../lib/gcc/arm-none-eabi/12.3.1/../../../../arm-none-eabi/lib/thumb/v7-m/nofp\libc_nano.a(libc_a-findfp.o) (_fwalk_sglue)
C:/ST/STM32CubeIDE_1.15.0/STM32CubeIDE/plugins/com.st.stm32cube.ide.mcu.externaltools.gnu-tools-for-stm32.12.3.rel1.win32_1.0.100.202403111256/tools/bin/../lib/gcc/arm-none-eabi/12.3.1/../../../../arm-none-eabi/lib/thumb/v7-m/nofp\libc_nano.a(libc_a-stdio.o)
                              C:/ST/STM32CubeIDE_1.15.0/STM32CubeIDE/plugins/com.st.stm32cube.ide.mcu.externaltools.gnu-tools-for-stm32.12.3.rel1.win32_1.0.100.202403111256/tools/bin/../lib/gcc/arm-none-eabi/12.3.1/../../../../arm-none-eabi/lib/thumb/v7-m/nofp\libc_nano.a(libc_a-findfp.o) (__sread)
C:/ST/STM32CubeIDE_1.15.0/STM32CubeIDE/plugins/com.st.stm32cube.ide.mcu.externaltools.gnu-tools-for-stm32.12.3.rel1.win32_1.0.100.202403111256/tools/bin/../lib/gcc/arm-none-eabi/12.3.1/../../../../arm-none-eabi/lib/thumb/v7-m/nofp\libc_nano.a(libc_a-memset.o)
                              C:/ST/STM32CubeIDE_1.15.0/STM32CubeIDE/plugins/com.st.stm32cube.ide.mcu.externaltools.gnu-tools-for-stm32.12.3.rel1.win32_1.0.100.202403111256/tools/bin/../lib/gcc/arm-none-eabi/12.3.1/../../../../arm-none-eabi/lib/thumb/v7-m/nofp/crt0.o (memset)
C:/ST/STM32CubeIDE_1.15.0/STM32CubeIDE/plugins/com.st.stm32cube.ide.mcu.externaltools.gnu-tools-for-stm32.12.3.rel1.win32_1.0.100.202403111256/tools/bin/../lib/gcc/arm-none-eabi/12.3.1/../../../../arm-none-eabi/lib/thumb/v7-m/nofp\libc_nano.a(libc_a-closer.o)
                              C:/ST/STM32CubeIDE_1.15.0/STM32CubeIDE/plugins/com.st.stm32cube.ide.mcu.externaltools.gnu-tools-for-stm32.12.3.rel1.win32_1.0.100.202403111256/tools/bin/../lib/gcc/arm-none-eabi/12.3.1/../../../../arm-none-eabi/lib/thumb/v7-m/nofp\libc_nano.a(libc_a-stdio.o) (_close_r)
[...]
Memory Configuration

Name             Origin             Length             Attributes
RAM              0x20000000         0x00020000         xrw
FLASH            0x08000000         0x00080000         xr
*default*        0x00000000         0xffffffff

Linker script and memory map

LOAD C:/ST/STM32CubeIDE_1.15.0/STM32CubeIDE/plugins/com.st.stm32cube.ide.mcu.externaltools.gnu-tools-for-stm32.12.3.rel1.win32_1.0.100.202403111256/tools/bin/../lib/gcc/arm-none-eabi/12.3.1/thumb/v7-m/nofp/crti.o
LOAD C:/ST/STM32CubeIDE_1.15.0/STM32CubeIDE/plugins/com.st.stm32cube.ide.mcu.externaltools.gnu-tools-for-stm32.12.3.rel1.win32_1.0.100.202403111256/tools/bin/../lib/gcc/arm-none-eabi/12.3.1/thumb/v7-m/nofp/crtbegin.o
LOAD C:/ST/STM32CubeIDE_1.15.0/STM32CubeIDE/plugins/com.st.stm32cube.ide.mcu.externaltools.gnu-tools-for-stm32.12.3.rel1.win32_1.0.100.202403111256/tools/bin/../lib/gcc/arm-none-eabi/12.3.1/../../../../arm-none-eabi/lib/thumb/v7-m/nofp/crt0.o
LOAD ./Core/Src/controller.o
LOAD ./Core/Src/delay.o
LOAD ./Core/Src/encoders.o
LOAD ./Core/Src/gyro.o
LOAD ./Core/Src/main.o
LOAD ./Core/Src/motors.o
LOAD ./Core/Src/pid3.o
LOAD ./Core/Src/solver.o
LOAD ./Core/Src/stm32f2xx_hal_msp.o
LOAD ./Core/Src/stm32f2xx_it.o
LOAD ./Core/Src/syscalls.o
LOAD ./Core/Src/sysmem.o
LOAD ./Core/Src/system_stm32f2xx.o
LOAD ./Core/Src/utility.o
LOAD ./Core/Startup/startup_stm32f205retx.o
LOAD ./Drivers/STM32F2xx_HAL_Driver/Src/stm32f2xx_hal.o
LOAD ./Drivers/STM32F2xx_HAL_Driver/Src/stm32f2xx_hal_adc.o
LOAD ./Drivers/STM32F2xx_HAL_Driver/Src/stm32f2xx_hal_adc_ex.o
LOAD ./Drivers/STM32F2xx_HAL_Driver/Src/stm32f2xx_hal_cortex.o
LOAD ./Drivers/STM32F2xx_HAL_Driver/Src/stm32f2xx_hal_dma.o
LOAD ./Drivers/STM32F2xx_HAL_Driver/Src/stm32f2xx_hal_dma_ex.o
LOAD ./Drivers/STM32F2xx_HAL_Driver/Src/stm32f2xx_hal_exti.o
LOAD ./Drivers/STM32F2xx_HAL_Driver/Src/stm32f2xx_hal_flash.o
LOAD ./Drivers/STM32F2xx_HAL_Driver/Src/stm32f2xx_hal_flash_ex.o
LOAD ./Drivers/STM32F2xx_HAL_Driver/Src/stm32f2xx_hal_gpio.o
LOAD ./Drivers/STM32F2xx_HAL_Driver/Src/stm32f2xx_hal_i2c.o
LOAD ./Drivers/STM32F2xx_HAL_Driver/Src/stm32f2xx_hal_pwr.o
LOAD ./Drivers/STM32F2xx_HAL_Driver/Src/stm32f2xx_hal_pwr_ex.o
LOAD ./Drivers/STM32F2xx_HAL_Driver/Src/stm32f2xx_hal_rcc.o
LOAD ./Drivers/STM32F2xx_HAL_Driver/Src/stm32f2xx_hal_rcc_ex.o
LOAD ./Drivers/STM32F2xx_HAL_Driver/Src/stm32f2xx_hal_tim.o
LOAD ./Drivers/STM32F2xx_HAL_Driver/Src/stm32f2xx_hal_tim_ex.o
START GROUP
LOAD C:/ST/STM32CubeIDE_1.15.0/STM32CubeIDE/plugins/com.st.stm32cube.ide.mcu.externaltools.gnu-tools-for-stm32.12.3.rel1.win32_1.0.100.202403111256/tools/bin/../lib/gcc/arm-none-eabi/12.3.1/../../../../arm-none-eabi/lib/thumb/v7-m/nofp\libc_nano.a
LOAD C:/ST/STM32CubeIDE_1.15.0/STM32CubeIDE/plugins/com.st.stm32cube.ide.mcu.externaltools.gnu-tools-for-stm32.12.3.rel1.win32_1.0.100.202403111256/tools/bin/../lib/gcc/arm-none-eabi/12.3.1/../../../../arm-none-eabi/lib/thumb/v7-m/nofp\libm.a
END GROUP
START GROUP
LOAD C:/ST/STM32CubeIDE_1.15.0/STM32CubeIDE/plugins/com.st.stm32cube.ide.mcu.externaltools.gnu-tools-for-stm32.12.3.rel1.win32_1.0.100.202403111256/tools/bin/../lib/gcc/arm-none-eabi/12.3.1/thumb/v7-m/nofp\libgcc.a
LOAD C:/ST/STM32CubeIDE_1.15.0/STM32CubeIDE/plugins/com.st.stm32cube.ide.mcu.externaltools.gnu-tools-for-stm32.12.3.rel1.win32_1.0.100.202403111256/tools/bin/../lib/gcc/arm-none-eabi/12.3.1/../../../../arm-none-eabi/lib/thumb/v7-m/nofp\libc_nano.a
END GROUP
START GROUP
LOAD C:/ST/STM32CubeIDE_1.15.0/STM32CubeIDE/plugins/com.st.stm32cube.ide.mcu.externaltools.gnu-tools-for-stm32.12.3.rel1.win32_1.0.100.202403111256/tools/bin/../lib/gcc/arm-none-eabi/12.3.1/thumb/v7-m/nofp\libgcc.a
LOAD C:/ST/STM32CubeIDE_1.15.0/STM32CubeIDE/plugins/com.st.stm32cube.ide.mcu.externaltools.gnu-tools-for-stm32.12.3.rel1.win32_1.0.100.202403111256/tools/bin/../lib/gcc/arm-none-eabi/12.3.1/../../../../arm-none-eabi/lib/thumb/v7-m/nofp\libc_nano.a
LOAD C:/ST/STM32CubeIDE_1.15.0/STM32CubeIDE/plugins/com.st.stm32cube.ide.mcu.externaltools.gnu-tools-for-stm32.12.3.rel1.win32_1.0.100.202403111256/tools/bin/../lib/gcc/arm-none-eabi/12.3.1/../../../../arm-none-eabi/lib/thumb/v7-m/nofp\libnosys.a
END GROUP
START GROUP
LOAD C:/ST/STM32CubeIDE_1.15.0/STM32CubeIDE/plugins/com.st.stm32cube.ide.mcu.externaltools.gnu-tools-for-stm32.12.3.rel1.win32_1.0.100.202403111256/tools/bin/../lib/gcc/arm-none-eabi/12.3.1/thumb/v7-m/nofp\libgcc.a
LOAD C:/ST/STM32CubeIDE_1.15.0/STM32CubeIDE/plugins/com.st.stm32cube.ide.mcu.externaltools.gnu-tools-for-stm32.12.3.rel1.win32_1.0.100.202403111256/tools/bin/../lib/gcc/arm-none-eabi/12.3.1/../../../../arm-none-eabi/lib/thumb/v7-m/nofp\libc_nano.a
LOAD C:/ST/STM32CubeIDE_1.15.0/STM32CubeIDE/plugins/com.st.stm32cube.ide.mcu.externaltools.gnu-tools-for-stm32.12.3.rel1.win32_1.0.100.202403111256/tools/bin/../lib/gcc/arm-none-eabi/12.3.1/../../../../arm-none-eabi/lib/thumb/v7-m/nofp\libnosys.a
END GROUP
LOAD C:/ST/STM32CubeIDE_1.15.0/STM32CubeIDE/plugins/com.st.stm32cube.ide.mcu.externaltools.gnu-tools-for-stm32.12.3.rel1.win32_1.0.100.202403111256/tools/bin/../lib/gcc/arm-none-eabi/12.3.1/thumb/v7-m/nofp/crtend.o
LOAD C:/ST/STM32CubeIDE_1.15.0/STM32CubeIDE/plugins/com.st.stm32cube.ide.mcu.externaltools.gnu-tools-for-stm32.12.3.rel1.win32_1.0.100.202403111256/tools/bin/../lib/gcc/arm-none-eabi/12.3.1/thumb/v7-m/nofp/crtn.o
                0x20020000                        _estack = (ORIGIN (RAM) + LENGTH (RAM))
                0x00000200                        _Min_Heap_Size = 0x200
                0x00000400                        _Min_Stack_Size = 0x400

.isr_vector     0x08000000      0x184
                0x08000000                        . = ALIGN (0x4)
 *(.isr_vector)
 .isr_vector    0x08000000      0x184 ./Core/Startup/startup_stm32f205retx.o
                0x08000000                g_pfnVectors
                0x08000184                        . = ALIGN (0x4)

.text           0x08000188     0x8328
                0x08000188                        . = ALIGN (0x4)
 *(.text)
 .text          0x08000188       0x40 C:/ST/STM32CubeIDE_1.15.0/STM32CubeIDE/plugins/com.st.stm32cube.ide.mcu.externaltools.gnu-tools-for-stm32.12.3.rel1.win32_1.0.100.202403111256/tools/bin/../lib/gcc/arm-none-eabi/12.3.1/thumb/v7-m/nofp/crtbegin.o
 .text          0x080001c8      0x378 C:/ST/STM32CubeIDE_1.15.0/STM32CubeIDE/plugins/com.st.stm32cube.ide.mcu.externaltools.gnu-tools-for-stm32.12.3.rel1.win32_1.0.100.202403111256/tools/bin/../lib/gcc/arm-none-eabi/12.3.1/thumb/v7-m/nofp\libgcc.a(_arm_addsubdf3.o)
                0x080001c8                __aeabi_drsub
                0x080001d0                __aeabi_dsub
                0x080001d0                __subdf3
                0x080001d4                __aeabi_dadd
                0x080001d4                __adddf3
                0x0800044c                __floatunsidf
                0x0800044c                __aeabi_ui2d
                0x0800046c                __floatsidf
                0x0800046c                __aeabi_i2d
                0x08000490                __aeabi_f2d
                0x08000490                __extendsfdf2
                0x080004d4                __floatundidf
                0x080004d4                __aeabi_ul2d
                0x080004e4                __floatdidf
                0x080004e4                __aeabi_l2d
 .text          0x08000540      0x424 C:/ST/STM32CubeIDE_1.15.0/STM32CubeIDE/plugins/com.st.stm32cube.ide.mcu.externaltools.gnu-tools-for-stm32.12.3.rel1.win32_1.0.100.202403111256/tools/bin/../lib/gcc/arm-none-eabi/12.3.1/thumb/v7-m/nofp\libgcc.a(_arm_muldivdf3.o)
                0x08000540                __aeabi_dmul
                0x08000540                __muldf3
                0x08000794                __divdf3
                0x08000794                __aeabi_ddiv
 .text          0x08000964      0x110 C:/ST/STM32CubeIDE_1.15.0/STM32CubeIDE/plugins/com.st.stm32cube.ide.mcu.externaltools.gnu-tools-for-stm32.12.3.rel1.win32_1.0.100.202403111256/tools/bin/../lib/gcc/arm-none-eabi/12.3.1/thumb/v7-m/nofp\libgcc.a(_arm_cmpdf2.o)
                0x08000964                __gtdf2
                0x08000964                __gedf2
                0x0800096c                __ltdf2
                0x0800096c                __ledf2
                0x08000974                __nedf2
                0x08000974                __eqdf2
                0x08000974                __cmpdf2
                0x080009f0                __aeabi_cdrcmple
                0x08000a00                __aeabi_cdcmpeq
                0x08000a00                __aeabi_cdcmple
                0x08000a10                __aeabi_dcmpeq
                0x08000a24                __aeabi_dcmplt
                0x08000a38                __aeabi_dcmple
                0x08000a4c                __aeabi_dcmpge
                0x08000a60                __aeabi_dcmpgt
 .text          0x08000a74       0x50 C:/ST/STM32CubeIDE_1.15.0/STM32CubeIDE/plugins/com.st.stm32cube.ide.mcu.externaltools.gnu-tools-for-stm32.12.3.rel1.win32_1.0.100.202403111256/tools/bin/../lib/gcc/arm-none-eabi/12.3.1/thumb/v7-m/nofp\libgcc.a(_arm_fixdfsi.o)
                0x08000a74                __aeabi_d2iz
                0x08000a74                __fixdfsi
 .text          0x08000ac4       0xa0 C:/ST/STM32CubeIDE_1.15.0/STM32CubeIDE/plugins/com.st.stm32cube.ide.mcu.externaltools.gnu-tools-for-stm32.12.3.rel1.win32_1.0.100.202403111256/tools/bin/../lib/gcc/arm-none-eabi/12.3.1/thumb/v7-m/nofp\libgcc.a(_arm_truncdfsf2.o)
                0x08000ac4                __truncdfsf2
                0x08000ac4                __aeabi_d2f
 .text          0x08000b64      0x21c C:/ST/STM32CubeIDE_1.15.0/STM32CubeIDE/plugins/com.st.stm32cube.ide.mcu.externaltools.gnu-tools-for-stm32.12.3.rel1.win32_1.0.100.202403111256/tools/bin/../lib/gcc/arm-none-eabi/12.3.1/thumb/v7-m/nofp\libgcc.a(_arm_addsubsf3.o)
                0x08000b64                __aeabi_frsub
                0x08000b6c                __subsf3
                0x08000b6c                __aeabi_fsub
                0x08000b70                __aeabi_fadd
                0x08000b70                __addsf3
                0x08000cd0                __aeabi_ui2f
                0x08000cd0                __floatunsisf
                0x08000cd8                __aeabi_i2f
                0x08000cd8                __floatsisf
                0x08000cf4                __aeabi_ul2f
                0x08000cf4                __floatundisf
                0x08000d04                __aeabi_l2f
                0x08000d04                __floatdisf
 .text          0x08000d80      0x2a0 C:/ST/STM32CubeIDE_1.15.0/STM32CubeIDE/plugins/com.st.stm32cube.ide.mcu.externaltools.gnu-tools-for-stm32.12.3.rel1.win32_1.0.100.202403111256/tools/bin/../lib/gcc/arm-none-eabi/12.3.1/thumb/v7-m/nofp\libgcc.a(_arm_muldivsf3.o)
                0x08000d80                __mulsf3
                0x08000d80                __aeabi_fmul
                0x08000ee8                __aeabi_fdiv
                0x08000ee8                __divsf3
 .text          0x08001020       0xec C:/ST/STM32CubeIDE_1.15.0/STM32CubeIDE/plugins/com.st.stm32cube.ide.mcu.externaltools.gnu-tools-for-stm32.12.3.rel1.win32_1.0.100.202403111256/tools/bin/../lib/gcc/arm-none-eabi/12.3.1/thumb/v7-m/nofp\libgcc.a(_arm_cmpsf2.o)
                0x08001020                __gesf2
                0x08001020                __gtsf2
                0x08001028                __lesf2
                0x08001028                __ltsf2
                0x08001030                __nesf2
                0x08001030                __eqsf2
                0x08001030                __cmpsf2
                0x08001090                __aeabi_cfrcmple
                0x08001098                __aeabi_cfcmpeq
                0x08001098                __aeabi_cfcmple
                0x080010a8                __aeabi_fcmpeq
                0x080010bc                __aeabi_fcmplt
                0x080010d0                __aeabi_fcmple
                0x080010e4                __aeabi_fcmpge
                0x080010f8                __aeabi_fcmpgt
 .text          0x0800110c       0x4c C:/ST/STM32CubeIDE_1.15.0/STM32CubeIDE/plugins/com.st.stm32cube.ide.mcu.externaltools.gnu-tools-for-stm32.12.3.rel1.win32_1.0.100.202403111256/tools/bin/../lib/gcc/arm-none-eabi/12.3.1/thumb/v7-m/nofp\libgcc.a(_arm_fixsfsi.o)
                0x0800110c                __aeabi_f2iz
                0x0800110c                __fixsfsi
 .text          0x08001158       0x40 C:/ST/STM32CubeIDE_1.15.0/STM32CubeIDE/plugins/com.st.stm32cube.ide.mcu.externaltools.gnu-tools-for-stm32.12.3.rel1.win32_1.0.100.202403111256/tools/bin/../lib/gcc/arm-none-eabi/12.3.1/thumb/v7-m/nofp\libgcc.a(_arm_fixunssfsi.o)
                0x08001158                __fixunssfsi
                0x08001158                __aeabi_f2uiz
 .text          0x08001198       0x30 C:/ST/STM32CubeIDE_1.15.0/STM32CubeIDE/plugins/com.st.stm32cube.ide.mcu.externaltools.gnu-tools-for-stm32.12.3.rel1.win32_1.0.100.202403111256/tools/bin/../lib/gcc/arm-none-eabi/12.3.1/thumb/v7-m/nofp\libgcc.a(_aeabi_uldivmod.o)
                0x08001198                __aeabi_uldivmod
 .text          0x080011c8      0x2b8 C:/ST/STM32CubeIDE_1.15.0/STM32CubeIDE/plugins/com.st.stm32cube.ide.mcu.externaltools.gnu-tools-for-stm32.12.3.rel1.win32_1.0.100.202403111256/tools/bin/../lib/gcc/arm-none-eabi/12.3.1/thumb/v7-m/nofp\libgcc.a(_udivmoddi4.o)
                0x080011c8                __udivmoddi4
 .text          0x08001480        0x4 C:/ST/STM32CubeIDE_1.15.0/STM32CubeIDE/plugins/com.st.stm32cube.ide.mcu.externaltools.gnu-tools-for-stm32.12.3.rel1.win32_1.0.100.202403111256/tools/bin/../lib/gcc/arm-none-eabi/12.3.1/thumb/v7-m/nofp\libgcc.a(_dvmd_tls.o)
                0x08001480                __aeabi_idiv0
                0x08001480                __aeabi_ldiv0
 *(.text*)
 .text.move     0x08001484       0x94 ./Core/Src/controller.o
                0x08001484                move
 .text.turn     0x08001518       0x68 ./Core/Src/controller.o
                0x08001518                turn
 .text.frontCorrection
                0x08001580       0x48 ./Core/Src/controller.o
                0x08001580                frontCorrection
 .text.delayMicroseconds
                0x080015c8       0x44 ./Core/Src/delay.o
                0x080015c8                delayMicroseconds
 .text.getRightEncoderCounts
                0x0800160c       0x1c ./Core/Src/encoders.o
                0x0800160c                getRightEncoderCounts
 .text.getLeftEncoderCounts
                0x08001628       0x1c ./Core/Src/encoders.o
                0x08001628                getLeftEncoderCounts
 *fill*         0x08001644        0x4 
 .text.gyroInit
                0x08001648      0x258 ./Core/Src/gyro.o
                0x08001648                gyroInit
 .text.readGyro
                0x080018a0       0x80 ./Core/Src/gyro.o
                0x080018a0                readGyro
 .text.interruptRoutine
                0x08001920       0x48 ./Core/Src/main.o
                0x08001920                interruptRoutine
 .text.solve    0x08001968       0xfc ./Core/Src/main.o
                0x08001968                solve
 .text.main     0x08001a64      0x1e4 ./Core/Src/main.o
                0x08001a64                main
 .text.SystemClock_Config
                0x08001c48       0x8e ./Core/Src/main.o
                0x08001c48                SystemClock_Config
 *fill*         0x08001cd6        0x2 
 .text.MX_ADC1_Init
                0x08001cd8       0xf8 ./Core/Src/main.o
 .text.MX_I2C1_Init
                0x08001dd0       0x5c ./Core/Src/main.o
 .text.MX_TIM1_Init
                0x08001e2c      0x150 ./Core/Src/main.o
 .text.MX_TIM3_Init
                0x08001f7c       0xa8 ./Core/Src/main.o
 .text.MX_TIM7_Init
                0x08002024       0x6c ./Core/Src/main.o
 .text.MX_TIM8_Init
                0x08002090       0xb0 ./Core/Src/main.o
 .text.MX_TIM10_Init
                0x08002140       0x48 ./Core/Src/main.o
 .text.MX_DMA_Init
                0x08002188       0x40 ./Core/Src/main.o
 .text.MX_GPIO_Init
                0x080021c8      0x178 ./Core/Src/main.o
 .text.Get_I2C1_Ptr
                0x08002340       0x14 ./Core/Src/main.o
                0x08002340                Get_I2C1_Ptr
 .text.HAL_ADC_ConvCpltCallback
                0x08002354      0x104 ./Core/Src/main.o
                0x08002354                HAL_ADC_ConvCpltCallback
 .text.Error_Handler
                0x08002458        0xc ./Core/Src/main.o
                0x08002458                Error_Handler
 *fill*         0x08002464        0x4 
 .text.limitPWM
                0x08002468       0x60 ./Core/Src/motors.o
                0x08002468                limitPWM
 .text.setMotorLPWM
                0x080024c8       0x78 ./Core/Src/motors.o
                0x080024c8                setMotorLPWM
 .text.setMotorRPWM
                0x08002540       0x78 ./Core/Src/motors.o
                0x08002540                setMotorRPWM
 .text.resetMotors
                0x080025b8       0x18 ./Core/Src/motors.o
                0x080025b8                resetMotors
 .text.setPIDGoalD
                0x080025d0       0x38 ./Core/Src/pid3.o
                0x080025d0                setPIDGoalD
 .text.setPIDGoalA
                0x08002608       0x38 ./Core/Src/pid3.o
                0x08002608                setPIDGoalA
 .text.setState
                0x08002640       0x20 ./Core/Src/pid3.o
                0x08002640                setState
 .text.setIRGoals
                0x08002660       0x64 ./Core/Src/pid3.o
                0x08002660                setIRGoals
 .text.setIRAngle
                0x080026c4      0x128 ./Core/Src/pid3.o
                0x080026c4                setIRAngle
 *fill*         0x080027ec        0x4 
 .text.PDController
                0x080027f0      0x368 ./Core/Src/pid3.o
                0x080027f0                PDController
 .text.updatePID
                0x08002b58      0x22c ./Core/Src/pid3.o
                0x08002b58                updatePID
 .text.PIDdone  0x08002d84       0x20 ./Core/Src/pid3.o
                0x08002d84                PIDdone
 .text.resetPID
                0x08002da4       0xb8 ./Core/Src/pid3.o
                0x08002da4                resetPID
 .text.newCell  0x08002e5c       0x2a ./Core/Src/solver.o
                0x08002e5c                newCell
 *fill*         0x08002e86        0x2 
 .text.insertQueue
                0x08002e88       0x50 ./Core/Src/solver.o
                0x08002e88                insertQueue
 .text.popQueueFront
                0x08002ed8       0x3c ./Core/Src/solver.o
                0x08002ed8                popQueueFront
 .text.queueFront
                0x08002f14       0x24 ./Core/Src/solver.o
                0x08002f14                queueFront
 .text.initElements
                0x08002f38       0xfc ./Core/Src/solver.o
                0x08002f38                initElements
 .text.setWall  0x08003034       0xb0 ./Core/Src/solver.o
                0x08003034                setWall
 .text.detectWalls
                0x080030e4      0x124 ./Core/Src/solver.o
                0x080030e4                detectWalls
 .text.recalculate
                0x08003208      0x2cc ./Core/Src/solver.o
                0x08003208                recalculate
 .text.solver   0x080034d4       0x30 ./Core/Src/solver.o
                0x080034d4                solver
 .text.deadReckoning
                0x08003504       0x26 ./Core/Src/solver.o
                0x08003504                deadReckoning
 *fill*         0x0800352a        0x2 
 .text.floodFill
                0x0800352c      0x2ac ./Core/Src/solver.o
                0x0800352c                floodFill
 .text.foresight
                0x080037d8      0x1e0 ./Core/Src/solver.o
                0x080037d8                foresight
 .text.HAL_MspInit
                0x080039b8       0x4c ./Core/Src/stm32f2xx_hal_msp.o
                0x080039b8                HAL_MspInit
 .text.HAL_ADC_MspInit
                0x08003a04      0x128 ./Core/Src/stm32f2xx_hal_msp.o
                0x08003a04                HAL_ADC_MspInit
 .text.HAL_I2C_MspInit
                0x08003b2c       0x90 ./Core/Src/stm32f2xx_hal_msp.o
                0x08003b2c                HAL_I2C_MspInit
 .text.HAL_TIM_PWM_MspInit
                0x08003bbc       0x50 ./Core/Src/stm32f2xx_hal_msp.o
                0x08003bbc                HAL_TIM_PWM_MspInit
 .text.HAL_TIM_Encoder_MspInit
                0x08003c0c       0xfc ./Core/Src/stm32f2xx_hal_msp.o
                0x08003c0c                HAL_TIM_Encoder_MspInit
 .text.HAL_TIM_Base_MspInit
                0x08003d08       0x8c ./Core/Src/stm32f2xx_hal_msp.o
                0x08003d08                HAL_TIM_Base_MspInit
 .text.HAL_TIM_MspPostInit
                0x08003d94       0x74 ./Core/Src/stm32f2xx_hal_msp.o
                0x08003d94                HAL_TIM_MspPostInit
 .text.NMI_Handler
                0x08003e08        0x8 ./Core/Src/stm32f2xx_it.o
                0x08003e08                NMI_Handler
 .text.HardFault_Handler
                0x08003e10        0x8 ./Core/Src/stm32f2xx_it.o
                0x08003e10                HardFault_Handler
 .text.MemManage_Handler
                0x08003e18        0x8 ./Core/Src/stm32f2xx_it.o
                0x08003e18                MemManage_Handler
 .text.BusFault_Handler
                0x08003e20        0x8 ./Core/Src/stm32f2xx_it.o
                0x08003e20                BusFault_Handler
 .text.UsageFault_Handler
                0x08003e28        0x8 ./Core/Src/stm32f2xx_it.o
                0x08003e28                UsageFault_Handler
 .text.SVC_Handler
                0x08003e30        0xc ./Core/Src/stm32f2xx_it.o
                0x08003e30                SVC_Handler
 .text.DebugMon_Handler
                0x08003e3c        0xc ./Core/Src/stm32f2xx_it.o
                0x08003e3c                DebugMon_Handler
 .text.PendSV_Handler
                0x08003e48        0xc ./Core/Src/stm32f2xx_it.o
                0x08003e48                PendSV_Handler
 .text.SysTick_Handler
                0x08003e54        0xc ./Core/Src/stm32f2xx_it.o
                0x08003e54                SysTick_Handler
 .text.TIM1_UP_TIM10_IRQHandler
                0x08003e60       0x1c ./Core/Src/stm32f2xx_it.o
                0x08003e60                TIM1_UP_TIM10_IRQHandler
 .text.TIM7_IRQHandler
                0x08003e7c       0x18 ./Core/Src/stm32f2xx_it.o
                0x08003e7c                TIM7_IRQHandler
 .text.DMA2_Stream0_IRQHandler
                0x08003e94       0x14 ./Core/Src/stm32f2xx_it.o
                0x08003e94                DMA2_Stream0_IRQHandler
 .text._sbrk    0x08003ea8       0x6c ./Core/Src/sysmem.o
                0x08003ea8                _sbrk
 .text.SystemInit
                0x08003f14        0xc ./Core/Src/system_stm32f2xx.o
                0x08003f14                SystemInit
 .text.leftWallCheck
                0x08003f20       0x48 ./Core/Src/utility.o
                0x08003f20                leftWallCheck
 .text.rightWallCheck
                0x08003f68       0x48 ./Core/Src/utility.o
                0x08003f68                rightWallCheck
 .text.frontWallCheck
                0x08003fb0       0x48 ./Core/Src/utility.o
                0x08003fb0                frontWallCheck
 .text.sign     0x08003ff8       0x3c ./Core/Src/utility.o
                0x08003ff8                sign
 .text.Reset_Handler
                0x08004034       0x50 ./Core/Startup/startup_stm32f205retx.o
                0x08004034                Reset_Handler
 .text.Default_Handler
                0x08004084        0x2 ./Core/Startup/startup_stm32f205retx.o
                0x08004084                RTC_Alarm_IRQHandler
                0x08004084                HASH_RNG_IRQHandler
                0x08004084                EXTI2_IRQHandler
                0x08004084                TIM8_CC_IRQHandler
                0x08004084                TIM1_CC_IRQHandler
                0x08004084                DMA2_Stream5_IRQHandler
                0x08004084                DMA1_Stream5_IRQHandler
                0x08004084                PVD_IRQHandler
                0x08004084                SDIO_IRQHandler
                0x08004084                TAMP_STAMP_IRQHandler
                0x08004084                CAN2_RX1_IRQHandler
                0x08004084                EXTI3_IRQHandler
                0x08004084                TIM8_TRG_COM_TIM14_IRQHandler
                0x08004084                TIM8_UP_TIM13_IRQHandler
                0x08004084                I2C3_ER_IRQHandler
                0x08004084                EXTI0_IRQHandler
                0x08004084                I2C2_EV_IRQHandler
                0x08004084                DMA1_Stream2_IRQHandler
                0x08004084                CAN1_RX0_IRQHandler
                0x08004084                OTG_HS_WKUP_IRQHandler
                0x08004084                CAN2_SCE_IRQHandler
                0x08004084                DMA2_Stream2_IRQHandler
                0x08004084                SPI1_IRQHandler
                0x08004084                TIM6_DAC_IRQHandler
                0x08004084                TIM1_BRK_TIM9_IRQHandler
                0x08004084                CAN2_RX0_IRQHandler
                0x08004084                DMA2_Stream3_IRQHandler
                0x08004084                USART6_IRQHandler
                0x08004084                USART3_IRQHandler
                0x08004084                CAN1_RX1_IRQHandler
                0x08004084                UART5_IRQHandler
                0x08004084                TIM4_IRQHandler
                0x08004084                I2C1_EV_IRQHandler
                0x08004084                DMA1_Stream6_IRQHandler
                0x08004084                DMA1_Stream1_IRQHandler
                0x08004084                UART4_IRQHandler
                0x08004084                TIM3_IRQHandler
                0x08004084                RCC_IRQHandler
                0x08004084                TIM8_BRK_TIM12_IRQHandler
                0x08004084                Default_Handler
                0x08004084                EXTI15_10_IRQHandler
                0x08004084                ADC_IRQHandler
                0x08004084                DMA1_Stream7_IRQHandler
                0x08004084                CAN2_TX_IRQHandler
                0x08004084                TIM5_IRQHandler
                0x08004084                DMA2_Stream7_IRQHandler
                0x08004084                I2C3_EV_IRQHandler
                0x08004084                EXTI9_5_IRQHandler
                0x08004084                RTC_WKUP_IRQHandler
                0x08004084                SPI2_IRQHandler
                0x08004084                OTG_HS_EP1_IN_IRQHandler
                0x08004084                DMA1_Stream0_IRQHandler
                0x08004084                CAN1_TX_IRQHandler
                0x08004084                EXTI4_IRQHandler
                0x08004084                FSMC_IRQHandler
                0x08004084                OTG_HS_EP1_OUT_IRQHandler
                0x08004084                WWDG_IRQHandler
                0x08004084                TIM2_IRQHandler
                0x08004084                OTG_FS_WKUP_IRQHandler
                0x08004084                TIM1_TRG_COM_TIM11_IRQHandler
                0x08004084                OTG_HS_IRQHandler
                0x08004084                EXTI1_IRQHandler
                0x08004084                USART2_IRQHandler
                0x08004084                I2C2_ER_IRQHandler
                0x08004084                DMA2_Stream1_IRQHandler
                0x08004084                CAN1_SCE_IRQHandler
                0x08004084                FLASH_IRQHandler
                0x08004084                DMA2_Stream4_IRQHandler
                0x08004084                USART1_IRQHandler
                0x08004084                OTG_FS_IRQHandler
                0x08004084                SPI3_IRQHandler
                0x08004084                DMA1_Stream4_IRQHandler
                0x08004084                I2C1_ER_IRQHandler
                0x08004084                DMA2_Stream6_IRQHandler
                0x08004084                DMA1_Stream3_IRQHandler
 *fill*         0x08004086        0x2 
 .text.HAL_Init
                0x08004088       0x44 ./Drivers/STM32F2xx_HAL_Driver/Src/stm32f2xx_hal.o
                0x08004088                HAL_Init
 .text.HAL_InitTick
                0x080040cc       0x60 ./Drivers/STM32F2xx_HAL_Driver/Src/stm32f2xx_hal.o
                0x080040cc                HAL_InitTick
 .text.HAL_IncTick
                0x0800412c       0x24 ./Drivers/STM32F2xx_HAL_Driver/Src/stm32f2xx_hal.o
                0x0800412c                HAL_IncTick
 .text.HAL_GetTick
                0x08004150       0x14 ./Drivers/STM32F2xx_HAL_Driver/Src/stm32f2xx_hal.o
                0x08004150                HAL_GetTick
 .text.HAL_ADC_Init
                0x08004164       0x86 ./Drivers/STM32F2xx_HAL_Driver/Src/stm32f2xx_hal_adc.o
                0x08004164                HAL_ADC_Init
 *fill*         0x080041ea        0x2 
 .text.HAL_ADC_Start_DMA
                0x080041ec      0x1bc ./Drivers/STM32F2xx_HAL_Driver/Src/stm32f2xx_hal_adc.o
                0x080041ec                HAL_ADC_Start_DMA
 .text.HAL_ADC_ConvHalfCpltCallback
                0x080043a8       0x12 ./Drivers/STM32F2xx_HAL_Driver/Src/stm32f2xx_hal_adc.o
                0x080043a8                HAL_ADC_ConvHalfCpltCallback
 .text.HAL_ADC_ErrorCallback
                0x080043ba       0x12 ./Drivers/STM32F2xx_HAL_Driver/Src/stm32f2xx_hal_adc.o
                0x080043ba                HAL_ADC_ErrorCallback
 .text.HAL_ADC_ConfigChannel
                0x080043cc      0x240 ./Drivers/STM32F2xx_HAL_Driver/Src/stm32f2xx_hal_adc.o
                0x080043cc                HAL_ADC_ConfigChannel
 .text.ADC_Init
                0x0800460c      0x20c ./Drivers/STM32F2xx_HAL_Driver/Src/stm32f2xx_hal_adc.o
 .text.ADC_DMAConvCplt
                0x08004818       0xba ./Drivers/STM32F2xx_HAL_Driver/Src/stm32f2xx_hal_adc.o
 .text.ADC_DMAHalfConvCplt
                0x080048d2       0x1c ./Drivers/STM32F2xx_HAL_Driver/Src/stm32f2xx_hal_adc.o
 .text.ADC_DMAError
                0x080048ee       0x2e ./Drivers/STM32F2xx_HAL_Driver/Src/stm32f2xx_hal_adc.o
 .text.__NVIC_SetPriorityGrouping
                0x0800491c       0x48 ./Drivers/STM32F2xx_HAL_Driver/Src/stm32f2xx_hal_cortex.o
 .text.__NVIC_GetPriorityGrouping
                0x08004964       0x1c ./Drivers/STM32F2xx_HAL_Driver/Src/stm32f2xx_hal_cortex.o
 .text.__NVIC_EnableIRQ
                0x08004980       0x38 ./Drivers/STM32F2xx_HAL_Driver/Src/stm32f2xx_hal_cortex.o
 .text.__NVIC_SetPriority
                0x080049b8       0x54 ./Drivers/STM32F2xx_HAL_Driver/Src/stm32f2xx_hal_cortex.o
 .text.NVIC_EncodePriority
                0x08004a0c       0x64 ./Drivers/STM32F2xx_HAL_Driver/Src/stm32f2xx_hal_cortex.o
 .text.SysTick_Config
                0x08004a70       0x44 ./Drivers/STM32F2xx_HAL_Driver/Src/stm32f2xx_hal_cortex.o
 .text.HAL_NVIC_SetPriorityGrouping
                0x08004ab4       0x16 ./Drivers/STM32F2xx_HAL_Driver/Src/stm32f2xx_hal_cortex.o
                0x08004ab4                HAL_NVIC_SetPriorityGrouping
 .text.HAL_NVIC_SetPriority
                0x08004aca       0x38 ./Drivers/STM32F2xx_HAL_Driver/Src/stm32f2xx_hal_cortex.o
                0x08004aca                HAL_NVIC_SetPriority
 .text.HAL_NVIC_EnableIRQ
                0x08004b02       0x1c ./Drivers/STM32F2xx_HAL_Driver/Src/stm32f2xx_hal_cortex.o
                0x08004b02                HAL_NVIC_EnableIRQ
 .text.HAL_SYSTICK_Config
                0x08004b1e       0x18 ./Drivers/STM32F2xx_HAL_Driver/Src/stm32f2xx_hal_cortex.o
                0x08004b1e                HAL_SYSTICK_Config
 *fill*         0x08004b36        0x2 
 .text.HAL_DMA_Init
                0x08004b38      0x15c ./Drivers/STM32F2xx_HAL_Driver/Src/stm32f2xx_hal_dma.o
                0x08004b38                HAL_DMA_Init
 .text.HAL_DMA_Start_IT
                0x08004c94       0xb0 ./Drivers/STM32F2xx_HAL_Driver/Src/stm32f2xx_hal_dma.o
                0x08004c94                HAL_DMA_Start_IT
 .text.HAL_DMA_IRQHandler
                0x08004d44      0x314 ./Drivers/STM32F2xx_HAL_Driver/Src/stm32f2xx_hal_dma.o
                0x08004d44                HAL_DMA_IRQHandler
 .text.DMA_SetConfig
                0x08005058       0x5a ./Drivers/STM32F2xx_HAL_Driver/Src/stm32f2xx_hal_dma.o
 *fill*         0x080050b2        0x2 
 .text.DMA_CalcBaseAndBitshift
                0x080050b4       0x68 ./Drivers/STM32F2xx_HAL_Driver/Src/stm32f2xx_hal_dma.o
 .text.DMA_CheckFifoParam
                0x0800511c       0xf4 ./Drivers/STM32F2xx_HAL_Driver/Src/stm32f2xx_hal_dma.o
 .text.HAL_GPIO_Init
                0x08005210      0x33c ./Drivers/STM32F2xx_HAL_Driver/Src/stm32f2xx_hal_gpio.o
                0x08005210                HAL_GPIO_Init
 .text.HAL_GPIO_ReadPin
                0x0800554c       0x2e ./Drivers/STM32F2xx_HAL_Driver/Src/stm32f2xx_hal_gpio.o
                0x0800554c                HAL_GPIO_ReadPin
 .text.HAL_GPIO_WritePin
                0x0800557a       0x30 ./Drivers/STM32F2xx_HAL_Driver/Src/stm32f2xx_hal_gpio.o
                0x0800557a                HAL_GPIO_WritePin
 *fill*         0x080055aa        0x2 
 .text.HAL_I2C_Init
                0x080055ac      0x288 ./Drivers/STM32F2xx_HAL_Driver/Src/stm32f2xx_hal_i2c.o
                0x080055ac                HAL_I2C_Init
 .text.HAL_I2C_Mem_Write
                0x08005834      0x1f4 ./Drivers/STM32F2xx_HAL_Driver/Src/stm32f2xx_hal_i2c.o
                0x08005834                HAL_I2C_Mem_Write
 .text.HAL_I2C_Mem_Read
                0x08005a28      0x464 ./Drivers/STM32F2xx_HAL_Driver/Src/stm32f2xx_hal_i2c.o
                0x08005a28                HAL_I2C_Mem_Read
 .text.HAL_I2C_IsDeviceReady
                0x08005e8c      0x25c ./Drivers/STM32F2xx_HAL_Driver/Src/stm32f2xx_hal_i2c.o
                0x08005e8c                HAL_I2C_IsDeviceReady
 .text.I2C_RequestMemoryWrite
                0x080060e8      0x12c ./Drivers/STM32F2xx_HAL_Driver/Src/stm32f2xx_hal_i2c.o
 .text.I2C_RequestMemoryRead
                0x08006214      0x1d0 ./Drivers/STM32F2xx_HAL_Driver/Src/stm32f2xx_hal_i2c.o
 .text.I2C_WaitOnFlagUntilTimeout
                0x080063e4       0xf4 ./Drivers/STM32F2xx_HAL_Driver/Src/stm32f2xx_hal_i2c.o
 .text.I2C_WaitOnMasterAddressFlagUntilTimeout
                0x080064d8      0x140 ./Drivers/STM32F2xx_HAL_Driver/Src/stm32f2xx_hal_i2c.o
 .text.I2C_WaitOnTXEFlagUntilTimeout
                0x08006618       0x90 ./Drivers/STM32F2xx_HAL_Driver/Src/stm32f2xx_hal_i2c.o
 .text.I2C_WaitOnBTFFlagUntilTimeout
                0x080066a8       0x90 ./Drivers/STM32F2xx_HAL_Driver/Src/stm32f2xx_hal_i2c.o
 .text.I2C_WaitOnRXNEFlagUntilTimeout
                0x08006738       0xba ./Drivers/STM32F2xx_HAL_Driver/Src/stm32f2xx_hal_i2c.o
 .text.I2C_IsAcknowledgeFailed
                0x080067f2       0x5c ./Drivers/STM32F2xx_HAL_Driver/Src/stm32f2xx_hal_i2c.o
 *fill*         0x0800684e        0x2 
 .text.HAL_RCC_OscConfig
                0x08006850      0x4a8 ./Drivers/STM32F2xx_HAL_Driver/Src/stm32f2xx_hal_rcc.o
                0x08006850                HAL_RCC_OscConfig
 .text.HAL_RCC_ClockConfig
                0x08006cf8      0x1d8 ./Drivers/STM32F2xx_HAL_Driver/Src/stm32f2xx_hal_rcc.o
                0x08006cf8                HAL_RCC_ClockConfig
 .text.HAL_RCC_GetSysClockFreq
                0x08006ed0      0x18c ./Drivers/STM32F2xx_HAL_Driver/Src/stm32f2xx_hal_rcc.o
                0x08006ed0                HAL_RCC_GetSysClockFreq
 .text.HAL_RCC_GetHCLKFreq
                0x0800705c       0x14 ./Drivers/STM32F2xx_HAL_Driver/Src/stm32f2xx_hal_rcc.o
                0x0800705c                HAL_RCC_GetHCLKFreq
 .text.HAL_RCC_GetPCLK1Freq
                0x08007070       0x44 ./Drivers/STM32F2xx_HAL_Driver/Src/stm32f2xx_hal_rcc.o
                0x08007070                HAL_RCC_GetPCLK1Freq
 .text.HAL_TIM_Base_Init
                0x080070b4       0x9e ./Drivers/STM32F2xx_HAL_Driver/Src/stm32f2xx_hal_tim.o
                0x080070b4                HAL_TIM_Base_Init
 *fill*         0x08007152        0x2 
 .text.HAL_TIM_Base_Start
                0x08007154       0xcc ./Drivers/STM32F2xx_HAL_Driver/Src/stm32f2xx_hal_tim.o
                0x08007154                HAL_TIM_Base_Start
 .text.HAL_TIM_Base_Start_IT
                0x08007220       0xdc ./Drivers/STM32F2xx_HAL_Driver/Src/stm32f2xx_hal_tim.o
                0x08007220                HAL_TIM_Base_Start_IT
 .text.HAL_TIM_PWM_Init
                0x080072fc       0x9e ./Drivers/STM32F2xx_HAL_Driver/Src/stm32f2xx_hal_tim.o
                0x080072fc                HAL_TIM_PWM_Init
 *fill*         0x0800739a        0x2 
 .text.HAL_TIM_PWM_Start
                0x0800739c      0x190 ./Drivers/STM32F2xx_HAL_Driver/Src/stm32f2xx_hal_tim.o
                0x0800739c                HAL_TIM_PWM_Start
 .text.HAL_TIM_Encoder_Init
                0x0800752c      0x14c ./Drivers/STM32F2xx_HAL_Driver/Src/stm32f2xx_hal_tim.o
                0x0800752c                HAL_TIM_Encoder_Init
 .text.HAL_TIM_Encoder_Start
                0x08007678      0x11c ./Drivers/STM32F2xx_HAL_Driver/Src/stm32f2xx_hal_tim.o
                0x08007678                HAL_TIM_Encoder_Start
 .text.HAL_TIM_IRQHandler
                0x08007794      0x1e0 ./Drivers/STM32F2xx_HAL_Driver/Src/stm32f2xx_hal_tim.o
                0x08007794                HAL_TIM_IRQHandler
 .text.HAL_TIM_PWM_ConfigChannel
                0x08007974      0x184 ./Drivers/STM32F2xx_HAL_Driver/Src/stm32f2xx_hal_tim.o
                0x08007974                HAL_TIM_PWM_ConfigChannel
 .text.HAL_TIM_PeriodElapsedCallback
                0x08007af8       0x12 ./Drivers/STM32F2xx_HAL_Driver/Src/stm32f2xx_hal_tim.o
                0x08007af8                HAL_TIM_PeriodElapsedCallback
 .text.HAL_TIM_OC_DelayElapsedCallback
                0x08007b0a       0x12 ./Drivers/STM32F2xx_HAL_Driver/Src/stm32f2xx_hal_tim.o
                0x08007b0a                HAL_TIM_OC_DelayElapsedCallback
 .text.HAL_TIM_IC_CaptureCallback
                0x08007b1c       0x12 ./Drivers/STM32F2xx_HAL_Driver/Src/stm32f2xx_hal_tim.o
                0x08007b1c                HAL_TIM_IC_CaptureCallback
 .text.HAL_TIM_PWM_PulseFinishedCallback
                0x08007b2e       0x12 ./Drivers/STM32F2xx_HAL_Driver/Src/stm32f2xx_hal_tim.o
                0x08007b2e                HAL_TIM_PWM_PulseFinishedCallback
 .text.HAL_TIM_TriggerCallback
                0x08007b40       0x12 ./Drivers/STM32F2xx_HAL_Driver/Src/stm32f2xx_hal_tim.o
                0x08007b40                HAL_TIM_TriggerCallback
 *fill*         0x08007b52        0x2 
 .text.TIM_Base_SetConfig
                0x08007b54      0x154 ./Drivers/STM32F2xx_HAL_Driver/Src/stm32f2xx_hal_tim.o
                0x08007b54                TIM_Base_SetConfig
 .text.TIM_OC1_SetConfig
                0x08007ca8       0xe0 ./Drivers/STM32F2xx_HAL_Driver/Src/stm32f2xx_hal_tim.o
 .text.TIM_OC2_SetConfig
                0x08007d88       0xe8 ./Drivers/STM32F2xx_HAL_Driver/Src/stm32f2xx_hal_tim.o
                0x08007d88                TIM_OC2_SetConfig
 .text.TIM_OC3_SetConfig
                0x08007e70       0xe8 ./Drivers/STM32F2xx_HAL_Driver/Src/stm32f2xx_hal_tim.o
 .text.TIM_OC4_SetConfig
                0x08007f58       0xa8 ./Drivers/STM32F2xx_HAL_Driver/Src/stm32f2xx_hal_tim.o
 .text.TIM_CCxChannelCmd
                0x08008000       0x48 ./Drivers/STM32F2xx_HAL_Driver/Src/stm32f2xx_hal_tim.o
                0x08008000                TIM_CCxChannelCmd
 .text.HAL_TIMEx_MasterConfigSynchronization
                0x08008048       0xf4 ./Drivers/STM32F2xx_HAL_Driver/Src/stm32f2xx_hal_tim_ex.o
                0x08008048                HAL_TIMEx_MasterConfigSynchronization
 .text.HAL_TIMEx_ConfigBreakDeadTime
                0x0800813c       0xa2 ./Drivers/STM32F2xx_HAL_Driver/Src/stm32f2xx_hal_tim_ex.o
                0x0800813c                HAL_TIMEx_ConfigBreakDeadTime
 .text.HAL_TIMEx_CommutCallback
                0x080081de       0x12 ./Drivers/STM32F2xx_HAL_Driver/Src/stm32f2xx_hal_tim_ex.o
                0x080081de                HAL_TIMEx_CommutCallback
 .text.HAL_TIMEx_BreakCallback
                0x080081f0       0x12 ./Drivers/STM32F2xx_HAL_Driver/Src/stm32f2xx_hal_tim_ex.o
                0x080081f0                HAL_TIMEx_BreakCallback
 *fill*         0x08008202        0x2 
 .text.malloc   0x08008204       0x10 C:/ST/STM32CubeIDE_1.15.0/STM32CubeIDE/plugins/com.st.stm32cube.ide.mcu.externaltools.gnu-tools-for-stm32.12.3.rel1.win32_1.0.100.202403111256/tools/bin/../lib/gcc/arm-none-eabi/12.3.1/../../../../arm-none-eabi/lib/thumb/v7-m/nofp\libc_nano.a(libc_a-malloc.o)
                0x08008204                malloc
 .text.free     0x08008214       0x10 C:/ST/STM32CubeIDE_1.15.0/STM32CubeIDE/plugins/com.st.stm32cube.ide.mcu.externaltools.gnu-tools-for-stm32.12.3.rel1.win32_1.0.100.202403111256/tools/bin/../lib/gcc/arm-none-eabi/12.3.1/../../../../arm-none-eabi/lib/thumb/v7-m/nofp\libc_nano.a(libc_a-malloc.o)
                0x08008214                free
 .text.sbrk_aligned
                0x08008224       0x44 C:/ST/STM32CubeIDE_1.15.0/STM32CubeIDE/plugins/com.st.stm32cube.ide.mcu.externaltools.gnu-tools-for-stm32.12.3.rel1.win32_1.0.100.202403111256/tools/bin/../lib/gcc/arm-none-eabi/12.3.1/../../../../arm-none-eabi/lib/thumb/v7-m/nofp\libc_nano.a(libc_a-mallocr.o)
 .text._malloc_r
                0x08008268      0x100 C:/ST/STM32CubeIDE_1.15.0/STM32CubeIDE/plugins/com.st.stm32cube.ide.mcu.externaltools.gnu-tools-for-stm32.12.3.rel1.win32_1.0.100.202403111256/tools/bin/../lib/gcc/arm-none-eabi/12.3.1/../../../../arm-none-eabi/lib/thumb/v7-m/nofp\libc_nano.a(libc_a-mallocr.o)
                0x08008268                _malloc_r
 .text.__malloc_lock
                0x08008368        0xc C:/ST/STM32CubeIDE_1.15.0/STM32CubeIDE/plugins/com.st.stm32cube.ide.mcu.externaltools.gnu-tools-for-stm32.12.3.rel1.win32_1.0.100.202403111256/tools/bin/../lib/gcc/arm-none-eabi/12.3.1/../../../../arm-none-eabi/lib/thumb/v7-m/nofp\libc_nano.a(libc_a-mlock.o)
                0x08008368                __malloc_lock
 .text.__malloc_unlock
                0x08008374        0xc C:/ST/STM32CubeIDE_1.15.0/STM32CubeIDE/plugins/com.st.stm32cube.ide.mcu.externaltools.gnu-tools-for-stm32.12.3.rel1.win32_1.0.100.202403111256/tools/bin/../lib/gcc/arm-none-eabi/12.3.1/../../../../arm-none-eabi/lib/thumb/v7-m/nofp\libc_nano.a(libc_a-mlock.o)
                0x08008374                __malloc_unlock
 .text.memset   0x08008380       0x10 C:/ST/STM32CubeIDE_1.15.0/STM32CubeIDE/plugins/com.st.stm32cube.ide.mcu.externaltools.gnu-tools-for-stm32.12.3.rel1.win32_1.0.100.202403111256/tools/bin/../lib/gcc/arm-none-eabi/12.3.1/../../../../arm-none-eabi/lib/thumb/v7-m/nofp\libc_nano.a(libc_a-memset.o)
                0x08008380                memset
 .text._sbrk_r  0x08008390       0x20 C:/ST/STM32CubeIDE_1.15.0/STM32CubeIDE/plugins/com.st.stm32cube.ide.mcu.externaltools.gnu-tools-for-stm32.12.3.rel1.win32_1.0.100.202403111256/tools/bin/../lib/gcc/arm-none-eabi/12.3.1/../../../../arm-none-eabi/lib/thumb/v7-m/nofp\libc_nano.a(libc_a-sbrkr.o)
                0x08008390                _sbrk_r
 .text.__errno  0x080083b0        0xc C:/ST/STM32CubeIDE_1.15.0/STM32CubeIDE/plugins/com.st.stm32cube.ide.mcu.externaltools.gnu-tools-for-stm32.12.3.rel1.win32_1.0.100.202403111256/tools/bin/../lib/gcc/arm-none-eabi/12.3.1/../../../../arm-none-eabi/lib/thumb/v7-m/nofp\libc_nano.a(libc_a-errno.o)
                0x080083b0                __errno
 .text.__libc_init_array
                0x080083bc       0x48 C:/ST/STM32CubeIDE_1.15.0/STM32CubeIDE/plugins/com.st.stm32cube.ide.mcu.externaltools.gnu-tools-for-stm32.12.3.rel1.win32_1.0.100.202403111256/tools/bin/../lib/gcc/arm-none-eabi/12.3.1/../../../../arm-none-eabi/lib/thumb/v7-m/nofp\libc_nano.a(libc_a-init.o)
                0x080083bc                __libc_init_array
 .text.__retarget_lock_acquire_recursive
                0x08008404        0x2 C:/ST/STM32CubeIDE_1.15.0/STM32CubeIDE/plugins/com.st.stm32cube.ide.mcu.externaltools.gnu-tools-for-stm32.12.3.rel1.win32_1.0.100.202403111256/tools/bin/../lib/gcc/arm-none-eabi/12.3.1/../../../../arm-none-eabi/lib/thumb/v7-m/nofp\libc_nano.a(libc_a-lock.o)
                0x08008404                __retarget_lock_acquire_recursive
 .text.__retarget_lock_release_recursive
                0x08008406        0x2 C:/ST/STM32CubeIDE_1.15.0/STM32CubeIDE/plugins/com.st.stm32cube.ide.mcu.externaltools.gnu-tools-for-stm32.12.3.rel1.win32_1.0.100.202403111256/tools/bin/../lib/gcc/arm-none-eabi/12.3.1/../../../../arm-none-eabi/lib/thumb/v7-m/nofp\libc_nano.a(libc_a-lock.o)
                0x08008406                __retarget_lock_release_recursive
 .text._free_r  0x08008408       0x90 C:/ST/STM32CubeIDE_1.15.0/STM32CubeIDE/plugins/com.st.stm32cube.ide.mcu.externaltools.gnu-tools-for-stm32.12.3.rel1.win32_1.0.100.202403111256/tools/bin/../lib/gcc/arm-none-eabi/12.3.1/../../../../arm-none-eabi/lib/thumb/v7-m/nofp\libc_nano.a(libc_a-freer.o)
                0x08008408                _free_r
 *(.glue_7)
 .glue_7        0x08008498        0x0 linker stubs
 *(.glue_7t)
 .glue_7t       0x08008498        0x0 linker stubs
 *(.eh_frame)
 .eh_frame      0x08008498        0x0 C:/ST/STM32CubeIDE_1.15.0/STM32CubeIDE/plugins/com.st.stm32cube.ide.mcu.externaltools.gnu-tools-for-stm32.12.3.rel1.win32_1.0.100.202403111256/tools/bin/../lib/gcc/arm-none-eabi/12.3.1/thumb/v7-m/nofp/crtbegin.o
 *(.init)
 .init          0x08008498        0x4 C:/ST/STM32CubeIDE_1.15.0/STM32CubeIDE/plugins/com.st.stm32cube.ide.mcu.externaltools.gnu-tools-for-stm32.12.3.rel1.win32_1.0.100.202403111256/tools/bin/../lib/gcc/arm-none-eabi/12.3.1/thumb/v7-m/nofp/crti.o
                0x08008498                _init
 .init          0x0800849c        0x8 C:/ST/STM32CubeIDE_1.15.0/STM32CubeIDE/plugins/com.st.stm32cube.ide.mcu.externaltools.gnu-tools-for-stm32.12.3.rel1.win32_1.0.100.202403111256/tools/bin/../lib/gcc/arm-none-eabi/12.3.1/thumb/v7-m/nofp/crtn.o
 *(.fini)
 .fini          0x080084a4        0x4 C:/ST/STM32CubeIDE_1.15.0/STM32CubeIDE/plugins/com.st.stm32cube.ide.mcu.externaltools.gnu-tools-for-stm32.12.3.rel1.win32_1.0.100.202403111256/tools/bin/../lib/gcc/arm-none-eabi/12.3.1/thumb/v7-m/nofp/crti.o
                0x080084a4                _fini
 .fini          0x080084a8        0x8 C:/ST/STM32CubeIDE_1.15.0/STM32CubeIDE/plugins/com.st.stm32cube.ide.mcu.externaltools.gnu-tools-for-stm32.12.3.rel1.win32_1.0.100.202403111256/tools/bin/../lib/gcc/arm-none-eabi/12.3.1/thumb/v7-m/nofp/crtn.o
                0x080084b0                        . = ALIGN (0x4)
                0x080084b0                        _etext = .

.vfp11_veneer   0x080084b0        0x0
 .vfp11_veneer  0x080084b0        0x0 linker stubs

.v4_bx          0x080084b0        0x0
 .v4_bx         0x080084b0        0x0 linker stubs

.iplt           0x080084b0        0x0
 .iplt          0x080084b0        0x0 C:/ST/STM32CubeIDE_1.15.0/STM32CubeIDE/plugins/com.st.stm32cube.ide.mcu.externaltools.gnu-tools-for-stm32.12.3.rel1.win32_1.0.100.202403111256/tools/bin/../lib/gcc/arm-none-eabi/12.3.1/thumb/v7-m/nofp/crtbegin.o

.rodata         0x080084b0       0x20
                0x080084b0                        . = ALIGN (0x4)
 *(.rodata)
 *(.rodata*)
 .rodata.AHBPrescTable
                0x080084b0       0x10 ./Core/Src/system_stm32f2xx.o
                0x080084b0                AHBPrescTable
 .rodata.APBPrescTable
                0x080084c0        0x8 ./Core/Src/system_stm32f2xx.o
                0x080084c0                APBPrescTable
 .rodata.flagBitshiftOffset.0
                0x080084c8        0x8 ./Drivers/STM32F2xx_HAL_Driver/Src/stm32f2xx_hal_dma.o
                0x080084d0                        . = ALIGN (0x4)

.ARM.extab      0x080084d0        0x0
                0x080084d0                        . = ALIGN (0x4)
 *(.ARM.extab* .gnu.linkonce.armextab.*)
                0x080084d0                        . = ALIGN (0x4)

.ARM            0x080084d0        0x8
                0x080084d0                        . = ALIGN (0x4)
                0x080084d0                        __exidx_start = .
 *(.ARM.exidx*)
 .ARM.exidx     0x080084d0        0x8 C:/ST/STM32CubeIDE_1.15.0/STM32CubeIDE/plugins/com.st.stm32cube.ide.mcu.externaltools.gnu-tools-for-stm32.12.3.rel1.win32_1.0.100.202403111256/tools/bin/../lib/gcc/arm-none-eabi/12.3.1/thumb/v7-m/nofp\libgcc.a(_udivmoddi4.o)
                0x080084d8                        __exidx_end = .
                0x080084d8                        . = ALIGN (0x4)

.preinit_array  0x080084d8        0x0
                0x080084d8                        . = ALIGN (0x4)
                0x080084d8                        PROVIDE (__preinit_array_start = .)
 *(.preinit_array*)
                0x080084d8                        PROVIDE (__preinit_array_end = .)
                0x080084d8                        . = ALIGN (0x4)

.init_array     0x080084d8        0x4
                0x080084d8                        . = ALIGN (0x4)
                0x080084d8                        PROVIDE (__init_array_start = .)
 *(SORT_BY_NAME(.init_array.*))
 *(.init_array*)
 .init_array    0x080084d8        0x4 C:/ST/STM32CubeIDE_1.15.0/STM32CubeIDE/plugins/com.st.stm32cube.ide.mcu.externaltools.gnu-tools-for-stm32.12.3.rel1.win32_1.0.100.202403111256/tools/bin/../lib/gcc/arm-none-eabi/12.3.1/thumb/v7-m/nofp/crtbegin.o
                0x080084dc                        PROVIDE (__init_array_end = .)
                0x080084dc                        . = ALIGN (0x4)

.fini_array     0x080084dc        0x4
                0x080084dc                        . = ALIGN (0x4)
                [!provide]                        PROVIDE (__fini_array_start = .)
 *(SORT_BY_NAME(.fini_array.*))
 *(.fini_array*)
 .fini_array    0x080084dc        0x4 C:/ST/STM32CubeIDE_1.15.0/STM32CubeIDE/plugins/com.st.stm32cube.ide.mcu.externaltools.gnu-tools-for-stm32.12.3.rel1.win32_1.0.100.202403111256/tools/bin/../lib/gcc/arm-none-eabi/12.3.1/thumb/v7-m/nofp/crtbegin.o
                [!provide]                        PROVIDE (__fini_array_end = .)
                0x080084e0                        . = ALIGN (0x4)
                0x080084e0                        _sidata = LOADADDR (.data)

.rel.dyn        0x080084e0        0x0
 .rel.iplt      0x080084e0        0x0 C:/ST/STM32CubeIDE_1.15.0/STM32CubeIDE/plugins/com.st.stm32cube.ide.mcu.externaltools.gnu-tools-for-stm32.12.3.rel1.win32_1.0.100.202403111256/tools/bin/../lib/gcc/arm-none-eabi/12.3.1/thumb/v7-m/nofp/crtbegin.o

.data           0x20000000       0x8c load address 0x080084e0
                0x20000000                        . = ALIGN (0x4)
                0x20000000                        _sdata = .
 *(.data)
 *(.data*)
 .data.constant
                0x20000000        0x4 ./Core/Src/controller.o
                0x20000000                constant
 .data.constant2
                0x20000004        0x4 ./Core/Src/controller.o
                0x20000004                constant2
 .data.max_forward
                0x20000008        0x1 ./Core/Src/main.o
                0x20000008                max_forward
 *fill*         0x20000009        0x3 
 .data.kPw      0x2000000c        0x4 ./Core/Src/pid3.o
                0x2000000c                kPw
 .data.kDw      0x20000010        0x4 ./Core/Src/pid3.o
                0x20000010                kDw
 .data.kPx      0x20000014        0x4 ./Core/Src/pid3.o
                0x20000014                kPx
 .data.kDx      0x20000018        0x4 ./Core/Src/pid3.o
                0x20000018                kDx
 .data.kPir     0x2000001c        0x4 ./Core/Src/pid3.o
                0x2000001c                kPir
 .data.kPir2    0x20000020        0x4 ./Core/Src/pid3.o
                0x20000020                kPir2
 .data.goToCenter
                0x20000024        0x2 ./Core/Src/solver.o
                0x20000024                goToCenter
 *fill*         0x20000026        0x2 
 .data.SystemCoreClock
                0x20000028        0x4 ./Core/Src/system_stm32f2xx.o
                0x20000028                SystemCoreClock
 .data.left_wall_threshold
                0x2000002c        0x2 ./Core/Src/utility.o
                0x2000002c                left_wall_threshold
 .data.right_wall_threshold
                0x2000002e        0x2 ./Core/Src/utility.o
                0x2000002e                right_wall_threshold
 .data.front_wall_threshold
                0x20000030        0x2 ./Core/Src/utility.o
                0x20000030                front_wall_threshold
 *fill*         0x20000032        0x2 
 .data.uwTickPrio
                0x20000034        0x4 ./Drivers/STM32F2xx_HAL_Driver/Src/stm32f2xx_hal.o
                0x20000034                uwTickPrio
 .data.uwTickFreq
                0x20000038        0x1 ./Drivers/STM32F2xx_HAL_Driver/Src/stm32f2xx_hal.o
                0x20000038                uwTickFreq
 *fill*         0x20000039        0x3 
 .data._impure_ptr
                0x2000003c        0x4 C:/ST/STM32CubeIDE_1.15.0/STM32CubeIDE/plugins/com.st.stm32cube.ide.mcu.externaltools.gnu-tools-for-stm32.12.3.rel1.win32_1.0.100.202403111256/tools/bin/../lib/gcc/arm-none-eabi/12.3.1/../../../../arm-none-eabi/lib/thumb/v7-m/nofp\libc_nano.a(libc_a-impure.o)
                0x2000003c                _impure_ptr
 .data._impure_data
                0x20000040       0x4c C:/ST/STM32CubeIDE_1.15.0/STM32CubeIDE/plugins/com.st.stm32cube.ide.mcu.externaltools.gnu-tools-for-stm32.12.3.rel1.win32_1.0.100.202403111256/tools/bin/../lib/gcc/arm-none-eabi/12.3.1/../../../../arm-none-eabi/lib/thumb/v7-m/nofp\libc_nano.a(libc_a-impure.o)
                0x20000040                _impure_data
 *(.RamFunc)
 *(.RamFunc*)
                0x2000008c                        . = ALIGN (0x4)
                0x2000008c                        _edata = .

.igot.plt       0x2000008c        0x0 load address 0x0800856c
 .igot.plt      0x2000008c        0x0 C:/ST/STM32CubeIDE_1.15.0/STM32CubeIDE/plugins/com.st.stm32cube.ide.mcu.externaltools.gnu-tools-for-stm32.12.3.rel1.win32_1.0.100.202403111256/tools/bin/../lib/gcc/arm-none-eabi/12.3.1/thumb/v7-m/nofp/crtbegin.o
                0x2000008c                        . = ALIGN (0x4)

.bss            0x2000008c     0x2508 load address 0x0800856c
                0x2000008c                        _sbss = .
                0x2000008c                        __bss_start__ = _sbss
 *(.bss)
 .bss           0x2000008c       0x1c C:/ST/STM32CubeIDE_1.15.0/STM32CubeIDE/plugins/com.st.stm32cube.ide.mcu.externaltools.gnu-tools-for-stm32.12.3.rel1.win32_1.0.100.202403111256/tools/bin/../lib/gcc/arm-none-eabi/12.3.1/thumb/v7-m/nofp/crtbegin.o
 *(.bss*)
 .bss.gyro_initialized
                0x200000a8        0x4 ./Core/Src/gyro.o
                0x200000a8                gyro_initialized
 .bss.Gz_offset
                0x200000ac        0x4 ./Core/Src/gyro.o
                0x200000ac                Gz_offset
 .bss.hadc1     0x200000b0       0x48 ./Core/Src/main.o
                0x200000b0                hadc1
 .bss.hdma_adc1
                0x200000f8       0x60 ./Core/Src/main.o
                0x200000f8                hdma_adc1
 .bss.hi2c1     0x20000158       0x54 ./Core/Src/main.o
                0x20000158                hi2c1
 .bss.htim1     0x200001ac       0x48 ./Core/Src/main.o
                0x200001ac                htim1
 .bss.htim3     0x200001f4       0x48 ./Core/Src/main.o
                0x200001f4                htim3
 .bss.htim7     0x2000023c       0x48 ./Core/Src/main.o
                0x2000023c                htim7
 .bss.htim8     0x20000284       0x48 ./Core/Src/main.o
                0x20000284                htim8
 .bss.htim10    0x200002cc       0x48 ./Core/Src/main.o
                0x200002cc                htim10
 .bss.S1        0x20000314        0x1 ./Core/Src/main.o
                0x20000314                S1
 .bss.S2        0x20000315        0x1 ./Core/Src/main.o
                0x20000315                S2
 .bss.S3        0x20000316        0x1 ./Core/Src/main.o
                0x20000316                S3
 .bss.S4        0x20000317        0x1 ./Core/Src/main.o
                0x20000317                S4
 .bss.B1        0x20000318        0x1 ./Core/Src/main.o
                0x20000318                B1
 .bss.B2        0x20000319        0x1 ./Core/Src/main.o
                0x20000319                B2
 .bss.left_counts
                0x2000031a        0x2 ./Core/Src/main.o
                0x2000031a                left_counts
 .bss.right_counts
                0x2000031c        0x2 ./Core/Src/main.o
                0x2000031c                right_counts
 *fill*         0x2000031e        0x2 
 .bss.ir_left   0x20000320        0x4 ./Core/Src/main.o
                0x20000320                ir_left
 .bss.ir_front_left
                0x20000324        0x4 ./Core/Src/main.o
                0x20000324                ir_front_left
 .bss.ir_front_right
                0x20000328        0x4 ./Core/Src/main.o
                0x20000328                ir_front_right
 .bss.ir_right  0x2000032c        0x4 ./Core/Src/main.o
                0x2000032c                ir_right
 .bss.adc_buf   0x20000330     0x1000 ./Core/Src/main.o
                0x20000330                adc_buf
 .bss.gyro_inited
                0x20001330        0x1 ./Core/Src/main.o
                0x20001330                gyro_inited
 .bss.start     0x20001331        0x1 ./Core/Src/main.o
                0x20001331                start
 *fill*         0x20001332        0x2 
 .bss.temp_tick
                0x20001334        0x4 ./Core/Src/main.o
                0x20001334                temp_tick
 .bss.temp_adc  0x20001338        0x4 ./Core/Src/main.o
                0x20001338                temp_adc
 .bss.temp_left
                0x2000133c        0x4 ./Core/Src/main.o
                0x2000133c                temp_left
 .bss.temp_front_left
                0x20001340        0x4 ./Core/Src/main.o
                0x20001340                temp_front_left
 .bss.temp_front_right
                0x20001344        0x4 ./Core/Src/main.o
                0x20001344                temp_front_right
 .bss.temp_ir_right
                0x20001348        0x4 ./Core/Src/main.o
                0x20001348                temp_ir_right
 .bss.goal_distance
                0x2000134c        0x4 ./Core/Src/pid3.o
                0x2000134c                goal_distance
 .bss.goal_angle
                0x20001350        0x4 ./Core/Src/pid3.o
                0x20001350                goal_angle
 .bss.angle_error
                0x20001354        0x4 ./Core/Src/pid3.o
                0x20001354                angle_error
 .bss.old_angle_error
                0x20001358        0x4 ./Core/Src/pid3.o
                0x20001358                old_angle_error
 .bss.old_angle_errors
                0x2000135c       0x28 ./Core/Src/pid3.o
                0x2000135c                old_angle_errors
 .bss.angle_correction
                0x20001384        0x4 ./Core/Src/pid3.o
                0x20001384                angle_correction
 .bss.distance_error
                0x20001388        0x4 ./Core/Src/pid3.o
                0x20001388                distance_error
 .bss.old_distance_error
                0x2000138c        0x4 ./Core/Src/pid3.o
                0x2000138c                old_distance_error
 .bss.old_distance_errors
                0x20001390       0x28 ./Core/Src/pid3.o
                0x20001390                old_distance_errors
 .bss.distance_correction
                0x200013b8        0x4 ./Core/Src/pid3.o
                0x200013b8                distance_correction
 .bss.old_distance_correction
                0x200013bc        0x4 ./Core/Src/pid3.o
                0x200013bc                old_distance_correction
 .bss.IRadjustment
                0x200013c0        0x4 ./Core/Src/pid3.o
                0x200013c0                IRadjustment
 .bss.IRAngleOffset
                0x200013c4        0x2 ./Core/Src/pid3.o
                0x200013c4                IRAngleOffset
 .bss.goal_front_left
                0x200013c6        0x2 ./Core/Src/pid3.o
                0x200013c6                goal_front_left
 .bss.goal_front_right
                0x200013c8        0x2 ./Core/Src/pid3.o
                0x200013c8                goal_front_right
 .bss.goal_left
                0x200013ca        0x2 ./Core/Src/pid3.o
                0x200013ca                goal_left
 .bss.goal_right
                0x200013cc        0x2 ./Core/Src/pid3.o
                0x200013cc                goal_right
 *fill*         0x200013ce        0x2 
 .bss.adjusted_angle
                0x200013d0        0x4 ./Core/Src/pid3.o
                0x200013d0                adjusted_angle
 .bss.state     0x200013d4        0x1 ./Core/Src/pid3.o
                0x200013d4                state
 *fill*         0x200013d5        0x3 
 .bss.left_PWM_value
                0x200013d8        0x4 ./Core/Src/pid3.o
                0x200013d8                left_PWM_value
 .bss.right_PWM_value
                0x200013dc        0x4 ./Core/Src/pid3.o
                0x200013dc                right_PWM_value
 .bss.goal_reached_timer
                0x200013e0        0x4 ./Core/Src/pid3.o
                0x200013e0                goal_reached_timer
 .bss.gyro_angle
                0x200013e4        0x4 ./Core/Src/pid3.o
                0x200013e4                gyro_angle
 .bss.gyro_vel  0x200013e8        0x4 ./Core/Src/pid3.o
                0x200013e8                gyro_vel
 .bss.initialized
                0x200013ec        0x2 ./Core/Src/solver.o
                0x200013ec                initialized
 *fill*         0x200013ee        0x2 
 .bss.currPos   0x200013f0        0x4 ./Core/Src/solver.o
                0x200013f0                currPos
 .bss.currHead  0x200013f4        0x1 ./Core/Src/solver.o
                0x200013f4                currHead
 *fill*         0x200013f5        0x3 
 .bss.Manhattans
                0x200013f8      0x200 ./Core/Src/solver.o
                0x200013f8                Manhattans
 .bss.queue     0x200015f8      0x800 ./Core/Src/solver.o
                0x200015f8                queue
 .bss.queueStart
                0x20001df8        0x2 ./Core/Src/solver.o
                0x20001df8                queueStart
 .bss.queueEnd  0x20001dfa        0x2 ./Core/Src/solver.o
                0x20001dfa                queueEnd
 .bss.horzWall  0x20001dfc      0x220 ./Core/Src/solver.o
                0x20001dfc                horzWall
 .bss.vertWall  0x2000201c      0x220 ./Core/Src/solver.o
                0x2000201c                vertWall
 .bss.discovered
                0x2000223c      0x200 ./Core/Src/solver.o
                0x2000223c                discovered
 .bss.__sbrk_heap_end
                0x2000243c        0x4 ./Core/Src/sysmem.o
 .bss.left_wall
                0x20002440        0x2 ./Core/Src/utility.o
                0x20002440                left_wall
 .bss.right_wall
                0x20002442        0x2 ./Core/Src/utility.o
                0x20002442                right_wall
 .bss.front_wall
                0x20002444        0x2 ./Core/Src/utility.o
                0x20002444                front_wall
 *fill*         0x20002446        0x2 
 .bss.uwTick    0x20002448        0x4 ./Drivers/STM32F2xx_HAL_Driver/Src/stm32f2xx_hal.o
                0x20002448                uwTick
 .bss.__malloc_sbrk_start
                0x2000244c        0x4 C:/ST/STM32CubeIDE_1.15.0/STM32CubeIDE/plugins/com.st.stm32cube.ide.mcu.externaltools.gnu-tools-for-stm32.12.3.rel1.win32_1.0.100.202403111256/tools/bin/../lib/gcc/arm-none-eabi/12.3.1/../../../../arm-none-eabi/lib/thumb/v7-m/nofp\libc_nano.a(libc_a-mallocr.o)
                0x2000244c                __malloc_sbrk_start
 .bss.__malloc_free_list
                0x20002450        0x4 C:/ST/STM32CubeIDE_1.15.0/STM32CubeIDE/plugins/com.st.stm32cube.ide.mcu.externaltools.gnu-tools-for-stm32.12.3.rel1.win32_1.0.100.202403111256/tools/bin/../lib/gcc/arm-none-eabi/12.3.1/../../../../arm-none-eabi/lib/thumb/v7-m/nofp\libc_nano.a(libc_a-mallocr.o)
                0x20002450                __malloc_free_list
 .bss.__sf      0x20002454      0x138 C:/ST/STM32CubeIDE_1.15.0/STM32CubeIDE/plugins/com.st.stm32cube.ide.mcu.externaltools.gnu-tools-for-stm32.12.3.rel1.win32_1.0.100.202403111256/tools/bin/../lib/gcc/arm-none-eabi/12.3.1/../../../../arm-none-eabi/lib/thumb/v7-m/nofp\libc_nano.a(libc_a-findfp.o)
                0x20002454                __sf
 .bss.errno     0x2000258c        0x4 C:/ST/STM32CubeIDE_1.15.0/STM32CubeIDE/plugins/com.st.stm32cube.ide.mcu.externaltools.gnu-tools-for-stm32.12.3.rel1.win32_1.0.100.202403111256/tools/bin/../lib/gcc/arm-none-eabi/12.3.1/../../../../arm-none-eabi/lib/thumb/v7-m/nofp\libc_nano.a(libc_a-reent.o)
                0x2000258c                errno
 .bss.__lock___malloc_recursive_mutex
                0x20002590        0x1 C:/ST/STM32CubeIDE_1.15.0/STM32CubeIDE/plugins/com.st.stm32cube.ide.mcu.externaltools.gnu-tools-for-stm32.12.3.rel1.win32_1.0.100.202403111256/tools/bin/../lib/gcc/arm-none-eabi/12.3.1/../../../../arm-none-eabi/lib/thumb/v7-m/nofp\libc_nano.a(libc_a-lock.o)
                0x20002590                __lock___malloc_recursive_mutex
 *(COMMON)
                0x20002594                        . = ALIGN (0x4)
 *fill*         0x20002591        0x3 
                0x20002594                        _ebss = .
                0x20002594                        __bss_end__ = _ebss

._user_heap_stack
                0x20002594      0x604 load address 0x0800856c
                0x20002598                        . = ALIGN (0x8)
 *fill*         0x20002594        0x4 
                [!provide]                        PROVIDE (end = .)
                0x20002598                        PROVIDE (_end = .)
                0x20002798                        . = (. + _Min_Heap_Size)
 *fill*         0x20002598      0x200 
                0x20002b98                        . = (. + _Min_Stack_Size)
 *fill*         0x20002798      0x400 
                0x20002b98                        . = ALIGN (0x8)

/DISCARD/
 libc.a(*)
 libm.a(*)
 libgcc.a(*)

.ARM.attributes
                0x00000000       0x29
 *(.ARM.attributes)
 .ARM.attributes
                0x00000000       0x1d C:/ST/STM32CubeIDE_1.15.0/STM32CubeIDE/plugins/com.st.stm32cube.ide.mcu.externaltools.gnu-tools-for-stm32.12.3.rel1.win32_1.0.100.202403111256/tools/bin/../lib/gcc/arm-none-eabi/12.3.1/thumb/v7-m/nofp/crti.o
 .ARM.attributes
                0x0000001d       0x2d C:/ST/STM32CubeIDE_1.15.0/STM32CubeIDE/plugins/com.st.stm32cube.ide.mcu.externaltools.gnu-tools-for-stm32.12.3.rel1.win32_1.0.100.202403111256/tools/bin/../lib/gcc/arm-none-eabi/12.3.1/thumb/v7-m/nofp/crtbegin.o
 .ARM.attributes
                0x0000004a       0x2d ./Core/Src/controller.o
 .ARM.attributes
                0x00000077       0x2d ./Core/Src/delay.o
 .ARM.attributes
                0x000000a4       0x2d ./Core/Src/encoders.o
 .ARM.attributes
                0x000000d1       0x2d ./Core/Src/gyro.o
 .ARM.attributes
                0x000000fe       0x2d ./Core/Src/main.o
 .ARM.attributes
                0x0000012b       0x2d ./Core/Src/motors.o
 .ARM.attributes
                0x00000158       0x2d ./Core/Src/pid3.o
 .ARM.attributes
                0x00000185       0x2d ./Core/Src/solver.o
 .ARM.attributes
                0x000001b2       0x2d ./Core/Src/stm32f2xx_hal_msp.o
 .ARM.attributes
                0x000001df       0x2d ./Core/Src/stm32f2xx_it.o
 .ARM.attributes
                0x0000020c       0x2d ./Core/Src/sysmem.o
 .ARM.attributes
                0x00000239       0x2d ./Core/Src/system_stm32f2xx.o
 .ARM.attributes
                0x00000266       0x2d ./Core/Src/utility.o
 .ARM.attributes
                0x00000293       0x21 ./Core/Startup/startup_stm32f205retx.o
 .ARM.attributes
                0x000002b4       0x2d ./Drivers/STM32F2xx_HAL_Driver/Src/stm32f2xx_hal.o
 .ARM.attributes
                0x000002e1       0x2d ./Drivers/STM32F2xx_HAL_Driver/Src/stm32f2xx_hal_adc.o
 .ARM.attributes
                0x0000030e       0x2d ./Drivers/STM32F2xx_HAL_Driver/Src/stm32f2xx_hal_cortex.o
 .ARM.attributes
                0x0000033b       0x2d ./Drivers/STM32F2xx_HAL_Driver/Src/stm32f2xx_hal_dma.o
 .ARM.attributes
                0x00000368       0x2d ./Drivers/STM32F2xx_HAL_Driver/Src/stm32f2xx_hal_gpio.o
 .ARM.attributes
                0x00000395       0x2d ./Drivers/STM32F2xx_HAL_Driver/Src/stm32f2xx_hal_i2c.o
 .ARM.attributes
                0x000003c2       0x2d ./Drivers/STM32F2xx_HAL_Driver/Src/stm32f2xx_hal_rcc.o
 .ARM.attributes
                0x000003ef       0x2d ./Drivers/STM32F2xx_HAL_Driver/Src/stm32f2xx_hal_tim.o
 .ARM.attributes
                0x0000041c       0x2d ./Drivers/STM32F2xx_HAL_Driver/Src/stm32f2xx_hal_tim_ex.o
 .ARM.attributes
                0x00000449       0x2d C:/ST/STM32CubeIDE_1.15.0/STM32CubeIDE/plugins/com.st.stm32cube.ide.mcu.externaltools.gnu-tools-for-stm32.12.3.rel1.win32_1.0.100.202403111256/tools/bin/../lib/gcc/arm-none-eabi/12.3.1/../../../../arm-none-eabi/lib/thumb/v7-m/nofp\libc_nano.a(libc_a-malloc.o)
 .ARM.attributes
                0x00000476       0x2d C:/ST/STM32CubeIDE_1.15.0/STM32CubeIDE/plugins/com.st.stm32cube.ide.mcu.externaltools.gnu-tools-for-stm32.12.3.rel1.win32_1.0.100.202403111256/tools/bin/../lib/gcc/arm-none-eabi/12.3.1/../../../../arm-none-eabi/lib/thumb/v7-m/nofp\libc_nano.a(libc_a-mallocr.o)
 .ARM.attributes
                0x000004a3       0x2d C:/ST/STM32CubeIDE_1.15.0/STM32CubeIDE/plugins/com.st.stm32cube.ide.mcu.externaltools.gnu-tools-for-stm32.12.3.rel1.win32_1.0.100.202403111256/tools/bin/../lib/gcc/arm-none-eabi/12.3.1/../../../../arm-none-eabi/lib/thumb/v7-m/nofp\libc_nano.a(libc_a-mlock.o)
 .ARM.attributes
                0x000004d0       0x2d C:/ST/STM32CubeIDE_1.15.0/STM32CubeIDE/plugins/com.st.stm32cube.ide.mcu.externaltools.gnu-tools-for-stm32.12.3.rel1.win32_1.0.100.202403111256/tools/bin/../lib/gcc/arm-none-eabi/12.3.1/../../../../arm-none-eabi/lib/thumb/v7-m/nofp\libc_nano.a(libc_a-findfp.o)
 .ARM.attributes
                0x000004fd       0x2d C:/ST/STM32CubeIDE_1.15.0/STM32CubeIDE/plugins/com.st.stm32cube.ide.mcu.externaltools.gnu-tools-for-stm32.12.3.rel1.win32_1.0.100.202403111256/tools/bin/../lib/gcc/arm-none-eabi/12.3.1/../../../../arm-none-eabi/lib/thumb/v7-m/nofp\libc_nano.a(libc_a-memset.o)
 .ARM.attributes
                0x0000052a       0x2d C:/ST/STM32CubeIDE_1.15.0/STM32CubeIDE/plugins/com.st.stm32cube.ide.mcu.externaltools.gnu-tools-for-stm32.12.3.rel1.win32_1.0.100.202403111256/tools/bin/../lib/gcc/arm-none-eabi/12.3.1/../../../../arm-none-eabi/lib/thumb/v7-m/nofp\libc_nano.a(libc_a-reent.o)
 .ARM.attributes
                0x00000557       0x2d C:/ST/STM32CubeIDE_1.15.0/STM32CubeIDE/plugins/com.st.stm32cube.ide.mcu.externaltools.gnu-tools-for-stm32.12.3.rel1.win32_1.0.100.202403111256/tools/bin/../lib/gcc/arm-none-eabi/12.3.1/../../../../arm-none-eabi/lib/thumb/v7-m/nofp\libc_nano.a(libc_a-impure.o)
 .ARM.attributes
                0x00000584       0x2d C:/ST/STM32CubeIDE_1.15.0/STM32CubeIDE/plugins/com.st.stm32cube.ide.mcu.externaltools.gnu-tools-for-stm32.12.3.rel1.win32_1.0.100.202403111256/tools/bin/../lib/gcc/arm-none-eabi/12.3.1/../../../../arm-none-eabi/lib/thumb/v7-m/nofp\libc_nano.a(libc_a-sbrkr.o)
 .ARM.attributes
                0x000005b1       0x2d C:/ST/STM32CubeIDE_1.15.0/STM32CubeIDE/plugins/com.st.stm32cube.ide.mcu.externaltools.gnu-tools-for-stm32.12.3.rel1.win32_1.0.100.202403111256/tools/bin/../lib/gcc/arm-none-eabi/12.3.1/../../../../arm-none-eabi/lib/thumb/v7-m/nofp\libc_nano.a(libc_a-errno.o)
 .ARM.attributes
                0x000005de       0x2d C:/ST/STM32CubeIDE_1.15.0/STM32CubeIDE/plugins/com.st.stm32cube.ide.mcu.externaltools.gnu-tools-for-stm32.12.3.rel1.win32_1.0.100.202403111256/tools/bin/../lib/gcc/arm-none-eabi/12.3.1/../../../../arm-none-eabi/lib/thumb/v7-m/nofp\libc_nano.a(libc_a-init.o)
 .ARM.attributes
                0x0000060b       0x2d C:/ST/STM32CubeIDE_1.15.0/STM32CubeIDE/plugins/com.st.stm32cube.ide.mcu.externaltools.gnu-tools-for-stm32.12.3.rel1.win32_1.0.100.202403111256/tools/bin/../lib/gcc/arm-none-eabi/12.3.1/../../../../arm-none-eabi/lib/thumb/v7-m/nofp\libc_nano.a(libc_a-lock.o)
 .ARM.attributes
                0x00000638       0x2d C:/ST/STM32CubeIDE_1.15.0/STM32CubeIDE/plugins/com.st.stm32cube.ide.mcu.externaltools.gnu-tools-for-stm32.12.3.rel1.win32_1.0.100.202403111256/tools/bin/../lib/gcc/arm-none-eabi/12.3.1/../../../../arm-none-eabi/lib/thumb/v7-m/nofp\libc_nano.a(libc_a-freer.o)
 .ARM.attributes
                0x00000665       0x1d C:/ST/STM32CubeIDE_1.15.0/STM32CubeIDE/plugins/com.st.stm32cube.ide.mcu.externaltools.gnu-tools-for-stm32.12.3.rel1.win32_1.0.100.202403111256/tools/bin/../lib/gcc/arm-none-eabi/12.3.1/thumb/v7-m/nofp\libgcc.a(_arm_addsubdf3.o)
 .ARM.attributes
                0x00000682       0x1d C:/ST/STM32CubeIDE_1.15.0/STM32CubeIDE/plugins/com.st.stm32cube.ide.mcu.externaltools.gnu-tools-for-stm32.12.3.rel1.win32_1.0.100.202403111256/tools/bin/../lib/gcc/arm-none-eabi/12.3.1/thumb/v7-m/nofp\libgcc.a(_arm_muldivdf3.o)
 .ARM.attributes
                0x0000069f       0x1d C:/ST/STM32CubeIDE_1.15.0/STM32CubeIDE/plugins/com.st.stm32cube.ide.mcu.externaltools.gnu-tools-for-stm32.12.3.rel1.win32_1.0.100.202403111256/tools/bin/../lib/gcc/arm-none-eabi/12.3.1/thumb/v7-m/nofp\libgcc.a(_arm_cmpdf2.o)
 .ARM.attributes
                0x000006bc       0x1d C:/ST/STM32CubeIDE_1.15.0/STM32CubeIDE/plugins/com.st.stm32cube.ide.mcu.externaltools.gnu-tools-for-stm32.12.3.rel1.win32_1.0.100.202403111256/tools/bin/../lib/gcc/arm-none-eabi/12.3.1/thumb/v7-m/nofp\libgcc.a(_arm_fixdfsi.o)
 .ARM.attributes
                0x000006d9       0x1d C:/ST/STM32CubeIDE_1.15.0/STM32CubeIDE/plugins/com.st.stm32cube.ide.mcu.externaltools.gnu-tools-for-stm32.12.3.rel1.win32_1.0.100.202403111256/tools/bin/../lib/gcc/arm-none-eabi/12.3.1/thumb/v7-m/nofp\libgcc.a(_arm_truncdfsf2.o)
 .ARM.attributes
                0x000006f6       0x1d C:/ST/STM32CubeIDE_1.15.0/STM32CubeIDE/plugins/com.st.stm32cube.ide.mcu.externaltools.gnu-tools-for-stm32.12.3.rel1.win32_1.0.100.202403111256/tools/bin/../lib/gcc/arm-none-eabi/12.3.1/thumb/v7-m/nofp\libgcc.a(_arm_addsubsf3.o)
 .ARM.attributes
                0x00000713       0x1d C:/ST/STM32CubeIDE_1.15.0/STM32CubeIDE/plugins/com.st.stm32cube.ide.mcu.externaltools.gnu-tools-for-stm32.12.3.rel1.win32_1.0.100.202403111256/tools/bin/../lib/gcc/arm-none-eabi/12.3.1/thumb/v7-m/nofp\libgcc.a(_arm_muldivsf3.o)
 .ARM.attributes
                0x00000730       0x1d C:/ST/STM32CubeIDE_1.15.0/STM32CubeIDE/plugins/com.st.stm32cube.ide.mcu.externaltools.gnu-tools-for-stm32.12.3.rel1.win32_1.0.100.202403111256/tools/bin/../lib/gcc/arm-none-eabi/12.3.1/thumb/v7-m/nofp\libgcc.a(_arm_cmpsf2.o)
 .ARM.attributes
                0x0000074d       0x1d C:/ST/STM32CubeIDE_1.15.0/STM32CubeIDE/plugins/com.st.stm32cube.ide.mcu.externaltools.gnu-tools-for-stm32.12.3.rel1.win32_1.0.100.202403111256/tools/bin/../lib/gcc/arm-none-eabi/12.3.1/thumb/v7-m/nofp\libgcc.a(_arm_fixsfsi.o)
 .ARM.attributes
                0x0000076a       0x1d C:/ST/STM32CubeIDE_1.15.0/STM32CubeIDE/plugins/com.st.stm32cube.ide.mcu.externaltools.gnu-tools-for-stm32.12.3.rel1.win32_1.0.100.202403111256/tools/bin/../lib/gcc/arm-none-eabi/12.3.1/thumb/v7-m/nofp\libgcc.a(_arm_fixunssfsi.o)
 .ARM.attributes
                0x00000787       0x1d C:/ST/STM32CubeIDE_1.15.0/STM32CubeIDE/plugins/com.st.stm32cube.ide.mcu.externaltools.gnu-tools-for-stm32.12.3.rel1.win32_1.0.100.202403111256/tools/bin/../lib/gcc/arm-none-eabi/12.3.1/thumb/v7-m/nofp\libgcc.a(_aeabi_uldivmod.o)
 .ARM.attributes
                0x000007a4       0x2d C:/ST/STM32CubeIDE_1.15.0/STM32CubeIDE/plugins/com.st.stm32cube.ide.mcu.externaltools.gnu-tools-for-stm32.12.3.rel1.win32_1.0.100.202403111256/tools/bin/../lib/gcc/arm-none-eabi/12.3.1/thumb/v7-m/nofp\libgcc.a(_udivmoddi4.o)
 .ARM.attributes
                0x000007d1       0x1d C:/ST/STM32CubeIDE_1.15.0/STM32CubeIDE/plugins/com.st.stm32cube.ide.mcu.externaltools.gnu-tools-for-stm32.12.3.rel1.win32_1.0.100.202403111256/tools/bin/../lib/gcc/arm-none-eabi/12.3.1/thumb/v7-m/nofp\libgcc.a(_dvmd_tls.o)
 .ARM.attributes
                0x000007ee       0x1d C:/ST/STM32CubeIDE_1.15.0/STM32CubeIDE/plugins/com.st.stm32cube.ide.mcu.externaltools.gnu-tools-for-stm32.12.3.rel1.win32_1.0.100.202403111256/tools/bin/../lib/gcc/arm-none-eabi/12.3.1/thumb/v7-m/nofp/crtn.o
OUTPUT(menace.elf elf32-littlearm)
LOAD linker stubs
LOAD C:/ST/STM32CubeIDE_1.15.0/STM32CubeIDE/plugins/com.st.stm32cube.ide.mcu.externaltools.gnu-tools-for-stm32.12.3.rel1.win32_1.0.100.202403111256/tools/bin/../lib/gcc/arm-none-eabi/12.3.1/../../../../arm-none-eabi/lib/thumb/v7-m/nofp\libc.a
LOAD C:/ST/STM32CubeIDE_1.15.0/STM32CubeIDE/plugins/com.st.stm32cube.ide.mcu.externaltools.gnu-tools-for-stm32.12.3.rel1.win32_1.0.100.202403111256/tools/bin/../lib/gcc/arm-none-eabi/12.3.1/../../../../arm-none-eabi/lib/thumb/v7-m/nofp\libm.a
LOAD C:/ST/STM32CubeIDE_1.15.0/STM32CubeIDE/plugins/com.st.stm32cube.ide.mcu.externaltools.gnu-tools-for-stm32.12.3.rel1.win32_1.0.100.202403111256/tools/bin/../lib/gcc/arm-none-eabi/12.3.1/thumb/v7-m/nofp\libgcc.a

.debug_info     0x00000000     0xfd2a
 .debug_info    0x00000000      0x307 ./Core/Src/controller.o
 .debug_info    0x00000307      0x1fa ./Core/Src/delay.o
 .debug_info    0x00000501      0x1f9 ./Core/Src/encoders.o
 .debug_info    0x000006fa      0x7fa ./Core/Src/gyro.o
 .debug_info    0x00000ef4     0x1ce7 ./Core/Src/main.o
 .debug_info    0x00002bdb      0x22b ./Core/Src/motors.o
 .debug_info    0x00002e06      0x5bf ./Core/Src/pid3.o
 .debug_info    0x000033c5      0x6f5 ./Core/Src/solver.o
 .debug_info    0x00003aba     0x1478 ./Core/Src/stm32f2xx_hal_msp.o
 .debug_info    0x00004f32      0x73e ./Core/Src/stm32f2xx_it.o
 .debug_info    0x00005670      0x168 ./Core/Src/sysmem.o
 .debug_info    0x000057d8      0x31f ./Core/Src/system_stm32f2xx.o
 .debug_info    0x00005af7      0x1e0 ./Core/Src/utility.o
 .debug_info    0x00005cd7       0x30 ./Core/Startup/startup_stm32f205retx.o
 .debug_info    0x00005d07      0x9b1 ./Drivers/STM32F2xx_HAL_Driver/Src/stm32f2xx_hal.o
 .debug_info    0x000066b8      0xcd0 ./Drivers/STM32F2xx_HAL_Driver/Src/stm32f2xx_hal_adc.o
 .debug_info    0x00007388      0xd69 ./Drivers/STM32F2xx_HAL_Driver/Src/stm32f2xx_hal_cortex.o
 .debug_info    0x000080f1      0x8e7 ./Drivers/STM32F2xx_HAL_Driver/Src/stm32f2xx_hal_dma.o
 .debug_info    0x000089d8      0x68e ./Drivers/STM32F2xx_HAL_Driver/Src/stm32f2xx_hal_gpio.o
 .debug_info    0x00009066     0x2415 ./Drivers/STM32F2xx_HAL_Driver/Src/stm32f2xx_hal_i2c.o
 .debug_info    0x0000b47b      0xa39 ./Drivers/STM32F2xx_HAL_Driver/Src/stm32f2xx_hal_rcc.o
 .debug_info    0x0000beb4     0x299b ./Drivers/STM32F2xx_HAL_Driver/Src/stm32f2xx_hal_tim.o
 .debug_info    0x0000e84f     0x14db ./Drivers/STM32F2xx_HAL_Driver/Src/stm32f2xx_hal_tim_ex.o

.debug_abbrev   0x00000000     0x2c3b
 .debug_abbrev  0x00000000      0x184 ./Core/Src/controller.o
 .debug_abbrev  0x00000184       0xc3 ./Core/Src/delay.o
 .debug_abbrev  0x00000247       0xb8 ./Core/Src/encoders.o
 .debug_abbrev  0x000002ff      0x1ed ./Core/Src/gyro.o
 .debug_abbrev  0x000004ec      0x3b1 ./Core/Src/main.o
 .debug_abbrev  0x0000089d       0xe7 ./Core/Src/motors.o
 .debug_abbrev  0x00000984      0x1d5 ./Core/Src/pid3.o
 .debug_abbrev  0x00000b59      0x2e0 ./Core/Src/solver.o
 .debug_abbrev  0x00000e39      0x271 ./Core/Src/stm32f2xx_hal_msp.o
 .debug_abbrev  0x000010aa      0x1ac ./Core/Src/stm32f2xx_it.o
 .debug_abbrev  0x00001256       0xbc ./Core/Src/sysmem.o
 .debug_abbrev  0x00001312      0x11c ./Core/Src/system_stm32f2xx.o
 .debug_abbrev  0x0000142e       0xf8 ./Core/Src/utility.o
 .debug_abbrev  0x00001526       0x24 ./Core/Startup/startup_stm32f205retx.o
 .debug_abbrev  0x0000154a      0x286 ./Drivers/STM32F2xx_HAL_Driver/Src/stm32f2xx_hal.o
 .debug_abbrev  0x000017d0      0x28b ./Drivers/STM32F2xx_HAL_Driver/Src/stm32f2xx_hal_adc.o
 .debug_abbrev  0x00001a5b      0x31c ./Drivers/STM32F2xx_HAL_Driver/Src/stm32f2xx_hal_cortex.o
 .debug_abbrev  0x00001d77      0x264 ./Drivers/STM32F2xx_HAL_Driver/Src/stm32f2xx_hal_dma.o
 .debug_abbrev  0x00001fdb      0x1cb ./Drivers/STM32F2xx_HAL_Driver/Src/stm32f2xx_hal_gpio.o
 .debug_abbrev  0x000021a6      0x2ad ./Drivers/STM32F2xx_HAL_Driver/Src/stm32f2xx_hal_i2c.o
 .debug_abbrev  0x00002453      0x2d6 ./Drivers/STM32F2xx_HAL_Driver/Src/stm32f2xx_hal_rcc.o
 .debug_abbrev  0x00002729      0x28f ./Drivers/STM32F2xx_HAL_Driver/Src/stm32f2xx_hal_tim.o
 .debug_abbrev  0x000029b8      0x283 ./Drivers/STM32F2xx_HAL_Driver/Src/stm32f2xx_hal_tim_ex.o

.debug_aranges  0x00000000     0x1058
 .debug_aranges
                0x00000000       0x30 ./Core/Src/controller.o
 .debug_aranges
                0x00000030       0x20 ./Core/Src/delay.o
 .debug_aranges
                0x00000050       0x30 ./Core/Src/encoders.o
 .debug_aranges
                0x00000080       0x28 ./Core/Src/gyro.o
 .debug_aranges
                0x000000a8       0xa0 ./Core/Src/main.o
 .debug_aranges
                0x00000148       0x38 ./Core/Src/motors.o
 .debug_aranges
                0x00000180       0x60 ./Core/Src/pid3.o
 .debug_aranges
                0x000001e0       0x78 ./Core/Src/solver.o
 .debug_aranges
                0x00000258       0x78 ./Core/Src/stm32f2xx_hal_msp.o
 .debug_aranges
                0x000002d0       0x78 ./Core/Src/stm32f2xx_it.o
 .debug_aranges
                0x00000348       0x20 ./Core/Src/sysmem.o
 .debug_aranges
                0x00000368       0x28 ./Core/Src/system_stm32f2xx.o
 .debug_aranges
                0x00000390       0x50 ./Core/Src/utility.o
 .debug_aranges
                0x000003e0       0x28 ./Core/Startup/startup_stm32f205retx.o
 .debug_aranges
                0x00000408       0xf0 ./Drivers/STM32F2xx_HAL_Driver/Src/stm32f2xx_hal.o
 .debug_aranges
                0x000004f8       0xe8 ./Drivers/STM32F2xx_HAL_Driver/Src/stm32f2xx_hal_adc.o
 .debug_aranges
                0x000005e0      0x128 ./Drivers/STM32F2xx_HAL_Driver/Src/stm32f2xx_hal_cortex.o
 .debug_aranges
                0x00000708       0x90 ./Drivers/STM32F2xx_HAL_Driver/Src/stm32f2xx_hal_dma.o
 .debug_aranges
                0x00000798       0x58 ./Drivers/STM32F2xx_HAL_Driver/Src/stm32f2xx_hal_gpio.o
 .debug_aranges
                0x000007f0      0x2a8 ./Drivers/STM32F2xx_HAL_Driver/Src/stm32f2xx_hal_i2c.o
 .debug_aranges
                0x00000a98       0x88 ./Drivers/STM32F2xx_HAL_Driver/Src/stm32f2xx_hal_rcc.o
 .debug_aranges
                0x00000b20      0x3d0 ./Drivers/STM32F2xx_HAL_Driver/Src/stm32f2xx_hal_tim.o
 .debug_aranges
                0x00000ef0      0x168 ./Drivers/STM32F2xx_HAL_Driver/Src/stm32f2xx_hal_tim_ex.o

.debug_rnglists
                0x00000000      0xcb8
 .debug_rnglists
                0x00000000       0x20 ./Core/Src/controller.o
 .debug_rnglists
                0x00000020       0x13 ./Core/Src/delay.o
 .debug_rnglists
                0x00000033       0x1f ./Core/Src/encoders.o
 .debug_rnglists
                0x00000052       0x1b ./Core/Src/gyro.o
 .debug_rnglists
                0x0000006d       0x7c ./Core/Src/main.o
 .debug_rnglists
                0x000000e9       0x25 ./Core/Src/motors.o
 .debug_rnglists
                0x0000010e       0x47 ./Core/Src/pid3.o
 .debug_rnglists
                0x00000155       0x6a ./Core/Src/solver.o
 .debug_rnglists
                0x000001bf       0x59 ./Core/Src/stm32f2xx_hal_msp.o
 .debug_rnglists
                0x00000218       0x55 ./Core/Src/stm32f2xx_it.o
 .debug_rnglists
                0x0000026d       0x13 ./Core/Src/sysmem.o
 .debug_rnglists
                0x00000280       0x1a ./Core/Src/system_stm32f2xx.o
 .debug_rnglists
                0x0000029a       0x37 ./Core/Src/utility.o
 .debug_rnglists
                0x000002d1       0x19 ./Core/Startup/startup_stm32f205retx.o
 .debug_rnglists
                0x000002ea       0xaf ./Drivers/STM32F2xx_HAL_Driver/Src/stm32f2xx_hal.o
 .debug_rnglists
                0x00000399       0xb5 ./Drivers/STM32F2xx_HAL_Driver/Src/stm32f2xx_hal_adc.o
 .debug_rnglists
                0x0000044e       0xd9 ./Drivers/STM32F2xx_HAL_Driver/Src/stm32f2xx_hal_cortex.o
 .debug_rnglists
                0x00000527       0x70 ./Drivers/STM32F2xx_HAL_Driver/Src/stm32f2xx_hal_dma.o
 .debug_rnglists
                0x00000597       0x3f ./Drivers/STM32F2xx_HAL_Driver/Src/stm32f2xx_hal_gpio.o
 .debug_rnglists
                0x000005d6      0x23c ./Drivers/STM32F2xx_HAL_Driver/Src/stm32f2xx_hal_i2c.o
 .debug_rnglists
                0x00000812       0x67 ./Drivers/STM32F2xx_HAL_Driver/Src/stm32f2xx_hal_rcc.o
 .debug_rnglists
                0x00000879      0x31a ./Drivers/STM32F2xx_HAL_Driver/Src/stm32f2xx_hal_tim.o
 .debug_rnglists
                0x00000b93      0x125 ./Drivers/STM32F2xx_HAL_Driver/Src/stm32f2xx_hal_tim_ex.o

.debug_macro    0x00000000    0x1ff7c
 .debug_macro   0x00000000      0x2c4 ./Core/Src/controller.o
 .debug_macro   0x000002c4      0xaa8 ./Core/Src/controller.o
 .debug_macro   0x00000d6c      0x244 ./Core/Src/controller.o
 .debug_macro   0x00000fb0       0x2e ./Core/Src/controller.o
 .debug_macro   0x00000fde       0x22 ./Core/Src/controller.o
 .debug_macro   0x00001000       0x22 ./Core/Src/controller.o
 .debug_macro   0x00001022       0x8e ./Core/Src/controller.o
 .debug_macro   0x000010b0       0x51 ./Core/Src/controller.o
 .debug_macro   0x00001101      0x103 ./Core/Src/controller.o
 .debug_macro   0x00001204       0x6a ./Core/Src/controller.o
 .debug_macro   0x0000126e      0x1df ./Core/Src/controller.o
 .debug_macro   0x0000144d       0x1c ./Core/Src/controller.o
 .debug_macro   0x00001469       0x22 ./Core/Src/controller.o
 .debug_macro   0x0000148b       0xbd ./Core/Src/controller.o
 .debug_macro   0x00001548      0xe49 ./Core/Src/controller.o
 .debug_macro   0x00002391      0x11f ./Core/Src/controller.o
 .debug_macro   0x000024b0    0x133fd ./Core/Src/controller.o
 .debug_macro   0x000158ad       0x6d ./Core/Src/controller.o
 .debug_macro   0x0001591a     0x35b3 ./Core/Src/controller.o
 .debug_macro   0x00018ecd      0x189 ./Core/Src/controller.o
 .debug_macro   0x00019056       0x55 ./Core/Src/controller.o
 .debug_macro   0x000190ab     0x1056 ./Core/Src/controller.o
 .debug_macro   0x0001a101       0x4a ./Core/Src/controller.o
 .debug_macro   0x0001a14b      0x170 ./Core/Src/controller.o
 .debug_macro   0x0001a2bb      0x115 ./Core/Src/controller.o
 .debug_macro   0x0001a3d0       0xfa ./Core/Src/controller.o
 .debug_macro   0x0001a4ca       0xa5 ./Core/Src/controller.o
 .debug_macro   0x0001a56f      0x16a ./Core/Src/controller.o
 .debug_macro   0x0001a6d9      0x287 ./Core/Src/controller.o
 .debug_macro   0x0001a960       0x5f ./Core/Src/controller.o
 .debug_macro   0x0001a9bf      0x236 ./Core/Src/controller.o
 .debug_macro   0x0001abf5      0x37c ./Core/Src/controller.o
 .debug_macro   0x0001af71      0x16f ./Core/Src/controller.o
 .debug_macro   0x0001b0e0       0xf9 ./Core/Src/controller.o
 .debug_macro   0x0001b1d9      0x126 ./Core/Src/controller.o
 .debug_macro   0x0001b2ff      0x216 ./Core/Src/controller.o
 .debug_macro   0x0001b515       0x2e ./Core/Src/controller.o
 .debug_macro   0x0001b543      0x287 ./Core/Src/controller.o
 .debug_macro   0x0001b7ca      0x113 ./Core/Src/controller.o
 .debug_macro   0x0001b8dd       0x22 ./Core/Src/controller.o
 .debug_macro   0x0001b8ff       0x82 ./Core/Src/controller.o
 .debug_macro   0x0001b981      0x8ed ./Core/Src/controller.o
 .debug_macro   0x0001c26e       0x4c ./Core/Src/controller.o
 .debug_macro   0x0001c2ba      0x12d ./Core/Src/controller.o
 .debug_macro   0x0001c3e7      0x118 ./Core/Src/controller.o
 .debug_macro   0x0001c4ff       0x16 ./Core/Src/controller.o
 .debug_macro   0x0001c515       0x10 ./Core/Src/controller.o
 .debug_macro   0x0001c525       0x61 ./Core/Src/controller.o
 .debug_macro   0x0001c586       0x24 ./Core/Src/controller.o
 .debug_macro   0x0001c5aa       0x43 ./Core/Src/controller.o
 .debug_macro   0x0001c5ed       0x34 ./Core/Src/controller.o
 .debug_macro   0x0001c621       0x16 ./Core/Src/controller.o
 .debug_macro   0x0001c637       0x43 ./Core/Src/controller.o
 .debug_macro   0x0001c67a       0x34 ./Core/Src/controller.o
 .debug_macro   0x0001c6ae       0x10 ./Core/Src/controller.o
 .debug_macro   0x0001c6be       0x58 ./Core/Src/controller.o
 .debug_macro   0x0001c716       0x8e ./Core/Src/controller.o
 .debug_macro   0x0001c7a4       0x1c ./Core/Src/controller.o
 .debug_macro   0x0001c7c0      0x177 ./Core/Src/controller.o
 .debug_macro   0x0001c937      0x369 ./Core/Src/controller.o
 .debug_macro   0x0001cca0      0x19b ./Core/Src/controller.o
 .debug_macro   0x0001ce3b      0x1f9 ./Core/Src/delay.o
 .debug_macro   0x0001d034      0x1f9 ./Core/Src/encoders.o
 .debug_macro   0x0001d22d      0x20c ./Core/Src/gyro.o
 .debug_macro   0x0001d439       0x58 ./Core/Src/gyro.o
 .debug_macro   0x0001d491      0x23c ./Core/Src/main.o
 .debug_macro   0x0001d6cd       0x5e ./Core/Src/main.o
 .debug_macro   0x0001d72b      0x1f8 ./Core/Src/motors.o
 .debug_macro   0x0001d923      0x2d8 ./Core/Src/pid3.o
 .debug_macro   0x0001dbfb       0x5b ./Core/Src/pid3.o
 .debug_macro   0x0001dc56       0x94 ./Core/Src/pid3.o
 .debug_macro   0x0001dcea       0x57 ./Core/Src/pid3.o
 .debug_macro   0x0001dd41       0x4f ./Core/Src/pid3.o
 .debug_macro   0x0001dd90      0x303 ./Core/Src/solver.o
 .debug_macro   0x0001e093       0x16 ./Core/Src/solver.o
 .debug_macro   0x0001e0a9       0x35 ./Core/Src/solver.o
 .debug_macro   0x0001e0de       0x16 ./Core/Src/solver.o
 .debug_macro   0x0001e0f4       0x29 ./Core/Src/solver.o
 .debug_macro   0x0001e11d       0x1c ./Core/Src/solver.o
 .debug_macro   0x0001e139       0x10 ./Core/Src/solver.o
 .debug_macro   0x0001e149       0x1c ./Core/Src/solver.o
 .debug_macro   0x0001e165       0x16 ./Core/Src/solver.o
 .debug_macro   0x0001e17b      0x146 ./Core/Src/solver.o
 .debug_macro   0x0001e2c1      0x1ef ./Core/Src/stm32f2xx_hal_msp.o
 .debug_macro   0x0001e4b0      0x1f9 ./Core/Src/stm32f2xx_it.o
 .debug_macro   0x0001e6a9       0xff ./Core/Src/sysmem.o
 .debug_macro   0x0001e7a8      0x23c ./Core/Src/sysmem.o
 .debug_macro   0x0001e9e4      0x1e0 ./Core/Src/system_stm32f2xx.o
 .debug_macro   0x0001ebc4      0x203 ./Core/Src/utility.o
 .debug_macro   0x0001edc7      0x22e ./Drivers/STM32F2xx_HAL_Driver/Src/stm32f2xx_hal.o
 .debug_macro   0x0001eff5      0x1e1 ./Drivers/STM32F2xx_HAL_Driver/Src/stm32f2xx_hal_adc.o
 .debug_macro   0x0001f1d6      0x1e0 ./Drivers/STM32F2xx_HAL_Driver/Src/stm32f2xx_hal_cortex.o
 .debug_macro   0x0001f3b6      0x1e6 ./Drivers/STM32F2xx_HAL_Driver/Src/stm32f2xx_hal_dma.o
 .debug_macro   0x0001f59c      0x1e7 ./Drivers/STM32F2xx_HAL_Driver/Src/stm32f2xx_hal_gpio.o
 .debug_macro   0x0001f783      0x22e ./Drivers/STM32F2xx_HAL_Driver/Src/stm32f2xx_hal_i2c.o
 .debug_macro   0x0001f9b1      0x20a ./Drivers/STM32F2xx_HAL_Driver/Src/stm32f2xx_hal_rcc.o
 .debug_macro   0x0001fbbb      0x1e1 ./Drivers/STM32F2xx_HAL_Driver/Src/stm32f2xx_hal_tim.o
 .debug_macro   0x0001fd9c      0x1e0 ./Drivers/STM32F2xx_HAL_Driver/Src/stm32f2xx_hal_tim_ex.o

.debug_line     0x00000000    0x15b04
 .debug_line    0x00000000      0x95f ./Core/Src/controller.o
 .debug_line    0x0000095f      0x780 ./Core/Src/delay.o
 .debug_line    0x000010df      0x7a2 ./Core/Src/encoders.o
 .debug_line    0x00001881      0x893 ./Core/Src/gyro.o
 .debug_line    0x00002114      0xd09 ./Core/Src/main.o
 .debug_line    0x00002e1d      0x810 ./Core/Src/motors.o
 .debug_line    0x0000362d      0xc07 ./Core/Src/pid3.o
 .debug_line    0x00004234      0xf49 ./Core/Src/solver.o
 .debug_line    0x0000517d      0x96e ./Core/Src/stm32f2xx_hal_msp.o
 .debug_line    0x00005aeb      0x86a ./Core/Src/stm32f2xx_it.o
 .debug_line    0x00006355      0x583 ./Core/Src/sysmem.o
 .debug_line    0x000068d8      0x7da ./Core/Src/system_stm32f2xx.o
 .debug_line    0x000070b2      0x816 ./Core/Src/utility.o
 .debug_line    0x000078c8       0x7a ./Core/Startup/startup_stm32f205retx.o
 .debug_line    0x00007942      0xa77 ./Drivers/STM32F2xx_HAL_Driver/Src/stm32f2xx_hal.o
 .debug_line    0x000083b9     0x11d1 ./Drivers/STM32F2xx_HAL_Driver/Src/stm32f2xx_hal_adc.o
 .debug_line    0x0000958a      0xd22 ./Drivers/STM32F2xx_HAL_Driver/Src/stm32f2xx_hal_cortex.o
 .debug_line    0x0000a2ac      0xfbb ./Drivers/STM32F2xx_HAL_Driver/Src/stm32f2xx_hal_dma.o
 .debug_line    0x0000b267      0xbdd ./Drivers/STM32F2xx_HAL_Driver/Src/stm32f2xx_hal_gpio.o
 .debug_line    0x0000be44     0x3b8c ./Drivers/STM32F2xx_HAL_Driver/Src/stm32f2xx_hal_i2c.o
 .debug_line    0x0000f9d0      0xf06 ./Drivers/STM32F2xx_HAL_Driver/Src/stm32f2xx_hal_rcc.o
 .debug_line    0x000108d6     0x37ef ./Drivers/STM32F2xx_HAL_Driver/Src/stm32f2xx_hal_tim.o
 .debug_line    0x000140c5     0x1a3f ./Drivers/STM32F2xx_HAL_Driver/Src/stm32f2xx_hal_tim_ex.o

.debug_str      0x00000000    0xbe0dd
 .debug_str     0x00000000    0xb877e ./Core/Src/controller.o
                              0xb8ab9 (size before relaxing)
 .debug_str     0x000b877e       0x48 ./Core/Src/delay.o
                              0xb50f7 (size before relaxing)
 .debug_str     0x000b87c6       0x50 ./Core/Src/encoders.o
                              0xb5113 (size before relaxing)
 .debug_str     0x000b8816      0x66e ./Core/Src/gyro.o
                              0xb5770 (size before relaxing)
 .debug_str     0x000b8e84     0x1143 ./Core/Src/main.o
                              0xb69cc (size before relaxing)
 .debug_str     0x000b9fc7       0x44 ./Core/Src/motors.o
                              0xb511c (size before relaxing)
 .debug_str     0x000ba00b      0x1fc ./Core/Src/pid3.o
                              0xb8dc0 (size before relaxing)
 .debug_str     0x000ba207      0x8a6 ./Core/Src/solver.o
                              0xb8ad6 (size before relaxing)
 .debug_str     0x000baaad      0x162 ./Core/Src/stm32f2xx_hal_msp.o
                              0xb61f0 (size before relaxing)
 .debug_str     0x000bac0f      0x130 ./Core/Src/stm32f2xx_it.o
                              0xb56da (size before relaxing)
 .debug_str     0x000bad3f      0x4dc ./Core/Src/sysmem.o
                               0x607f (size before relaxing)