../Core/Src/main.c:111:6:interruptRoutine	8	static
../Core/Src/main.c:123:6:solve	32	static
../Core/Src/main.c:170:5:main	24	static
../Core/Src/main.c:285:6:SystemClock_Config	80	static
../Core/Src/main.c:327:13:MX_ADC1_Init	24	static
../Core/Src/main.c:406:13:MX_I2C1_Init	8	static
../Core/Src/main.c:440:13:MX_TIM1_Init	80	static
../Core/Src/main.c:517:13:MX_TIM3_Init	56	static
../Core/Src/main.c:566:13:MX_TIM7_Init	16	static
../Core/Src/main.c:604:13:MX_TIM8_Init	56	static
../Core/Src/main.c:654:13:MX_TIM10_Init	8	static
../Core/Src/main.c:683:13:MX_DMA_Init	16	static
../Core/Src/main.c:701:13:MX_GPIO_Init	48	static
../Core/Src/main.c:770:20:Get_HADC1_Ptr	4	static
../Core/Src/main.c:775:20:Get_I2C1_Ptr	4	static
../Core/Src/main.c:780:6:HAL_ADC_ConvCpltCallback	24	static
../Core/Src/main.c:808:6:Error_Handler	4	static,ignoring_inline_asm
