../Core/Src/main.c:92:6:interruptRoutine	8	static
../Core/Src/main.c:112:5:main	8	static
../Core/Src/main.c:226:6:SystemClock_Config	80	static
../Core/Src/main.c:268:13:MX_ADC1_Init	24	static
../Core/Src/main.c:347:13:MX_I2C1_Init	8	static
../Core/Src/main.c:381:13:MX_TIM1_Init	80	static
../Core/Src/main.c:458:13:MX_TIM3_Init	56	static
../Core/Src/main.c:507:13:MX_TIM7_Init	16	static
../Core/Src/main.c:545:13:MX_TIM8_Init	56	static
../Core/Src/main.c:595:13:MX_TIM10_Init	8	static
../Core/Src/main.c:624:13:MX_DMA_Init	16	static
../Core/Src/main.c:642:13:MX_GPIO_Init	48	static
../Core/Src/main.c:711:20:Get_HADC1_Ptr	4	static
../Core/Src/main.c:716:20:Get_I2C1_Ptr	4	static
../Core/Src/main.c:721:6:HAL_ADC_ConvCpltCallback	16	static
../Core/Src/main.c:732:6:Error_Handler	4	static,ignoring_inline_asm
